 game

 Timestamp is 5fb7c140 (Fri Nov 20 10:14:40 2020)

 Preferred load address is 0000000180000000

 Start         Length     Name                   Class
 0001:00000000 0004c7b0H .text$mn                CODE
 0001:0004c7b0 00000040H .text$mn$00             CODE
 0001:0004c7f0 000009f0H .text$x                 CODE
 0002:00000000 000002e0H .idata$5                DATA
 0002:000002e0 00000028H .00cfg                  DATA
 0002:00000308 00000008H .CRT$XCA                DATA
 0002:00000310 00000008H .CRT$XCZ                DATA
 0002:00000318 00000008H .CRT$XIA                DATA
 0002:00000320 00000018H .CRT$XIC                DATA
 0002:00000338 00000008H .CRT$XIZ                DATA
 0002:00000340 00000008H .CRT$XPA                DATA
 0002:00000348 00000010H .CRT$XPX                DATA
 0002:00000358 00000008H .CRT$XPXA               DATA
 0002:00000360 00000008H .CRT$XPZ                DATA
 0002:00000368 00000008H .CRT$XTA                DATA
 0002:00000370 00000010H .CRT$XTZ                DATA
 0002:00000378 00000000H .gehcont$y              DATA
 0002:00000378 00000000H .gfids$y                DATA
 0002:00000380 0000a400H .rdata                  DATA
 0002:0000a780 00000008H .rdata$CastGuardVftablesA DATA
 0002:0000a788 00000008H .rdata$CastGuardVftablesC DATA
 0002:0000a790 00000464H .rdata$r                DATA
 0002:0000abf4 00000344H .rdata$zzzdbg           DATA
 0002:0000af38 00000008H .rtc$IAA                DATA
 0002:0000af40 00000008H .rtc$IZZ                DATA
 0002:0000af48 00000008H .rtc$TAA                DATA
 0002:0000af50 00000008H .rtc$TZZ                DATA
 0002:0000af58 000052f0H .xdata                  DATA
 0002:00010248 00000088H .xdata$x                DATA
 0002:000102d0 00000050H .edata                  DATA
 0002:00010320 00000028H .idata$2                DATA
 0002:00010348 00000018H .idata$3                DATA
 0002:00010360 000002e0H .idata$4                DATA
 0002:00010640 000006a8H .idata$6                DATA
 0003:00000000 00000a70H .data                   DATA
 0003:00000a70 00000170H .data$r                 DATA
 0003:00000be0 00001a48H .bss                    DATA
 0004:00000000 000045a8H .pdata                  DATA
 0005:00000000 00000094H _RDATA                  DATA

  Address         Publics by Value              Rva+Base               Lib:Object

 0000:00000000       __hybrid_auxiliary_iat     0000000000000000     <absolute>
 0000:00000000       __guard_fids_count         0000000000000000     <absolute>
 0000:00000000       __enclave_config           0000000000000000     <absolute>
 0000:00000000       __arm64x_redirection_metadata_count 0000000000000000     <absolute>
 0000:00000000       __hybrid_code_map_count    0000000000000000     <absolute>
 0000:00000000       __guard_iat_table          0000000000000000     <absolute>
 0000:00000000       __x64_code_ranges_to_entry_points 0000000000000000     <absolute>
 0000:00000000       __arm64x_extra_rfe_table   0000000000000000     <absolute>
 0000:00000000       __guard_longjmp_table      0000000000000000     <absolute>
 0000:00000000       __guard_fids_table         0000000000000000     <absolute>
 0000:00000000       __guard_eh_cont_count      0000000000000000     <absolute>
 0000:00000000       __x64_code_ranges_to_entry_points_count 0000000000000000     <absolute>
 0000:00000000       __guard_iat_count          0000000000000000     <absolute>
 0000:00000000       ___safe_se_handler_count   0000000000000000     <absolute>
 0000:00000000       __guard_longjmp_count      0000000000000000     <absolute>
 0000:00000000       __hybrid_code_map          0000000000000000     <absolute>
 0000:00000000       __AbsoluteZero             0000000000000000     <absolute>
 0000:00000000       __dynamic_value_reloc_table 0000000000000000     <absolute>
 0000:00000000       __arm64x_native_entrypoint 0000000000000000     <absolute>
 0000:00000000       __guard_eh_cont_table      0000000000000000     <absolute>
 0000:00000000       ___safe_se_handler_table   0000000000000000     <absolute>
 0000:00000000       __arm64x_redirection_metadata 0000000000000000     <absolute>
 0000:00000000       __volatile_metadata        0000000000000000     <absolute>
 0000:00000000       __arm64x_extra_rfe_table_size 0000000000000000     <absolute>
 0000:00000100       __guard_flags              0000000000000100     <absolute>
 0000:00000000       __ImageBase                0000000180000000     <linker-defined>
 0001:00000000       ?GameUpdateAndRenderStub@@YAXPEAU_game_mem@@@Z 0000000180001000 f   game.obj
 0001:00000010       GameUpdateAndRender        0000000180001010 f   game.obj
 0001:00000380       ?SafeTruncateUint64@@YAI_K@Z 0000000180001380 f i game.obj
 0001:000003ab       GetScreenWidth             00000001800013ab f   raylib:raylib.dll
 0001:000003b1       GetScreenHeight            00000001800013b1 f   raylib:raylib.dll
 0001:000003b7       GetFrameTime               00000001800013b7 f   raylib:raylib.dll
 0001:000003bd       IsKeyDown                  00000001800013bd f   raylib:raylib.dll
 0001:000003c3       DrawCircle                 00000001800013c3 f   raylib:raylib.dll
 0001:000003c9       DrawRectanglePro           00000001800013c9 f   raylib:raylib.dll
 0001:000003d0       __GSHandlerCheck           00000001800013d0 f   LIBCMT:gshandler.obj
 0001:000003f0       __GSHandlerCheckCommon     00000001800013f0 f   LIBCMT:gshandler.obj
 0001:00000460       __security_check_cookie    0000000180001460 f   LIBCMT:amdsecgs.obj
 0001:000007c0       _CRT_INIT                  00000001800017c0 f   LIBCMT:dll_dllmain.obj
 0001:000007c8       _DllMainCRTStartup         00000001800017c8 f   LIBCMT:dll_dllmain.obj
 0001:00000808       __raise_securityfailure    0000000180001808 f   LIBCMT:gs_report.obj
 0001:0000083c       __report_gsfailure         000000018000183c f   LIBCMT:gs_report.obj
 0001:00000910       __report_rangecheckfailure 0000000180001910 f   LIBCMT:gs_report.obj
 0001:00000924       __report_securityfailure   0000000180001924 f   LIBCMT:gs_report.obj
 0001:000009c0       __report_securityfailureEx 00000001800019c0 f   LIBCMT:gs_report.obj
 0001:00000c20       __security_init_cookie     0000000180001c20 f   LIBCMT:gs_support.obj
 0001:00000ccc       DllMain                    0000000180001ccc f   LIBCMT:dll_dllmain_stub.obj
 0001:00000cd4       ?__scrt_initialize_type_info@@YAXXZ 0000000180001cd4 f   LIBCMT:tncleanup.obj
 0001:00000ce4       ?__scrt_uninitialize_type_info@@YAXXZ 0000000180001ce4 f   LIBCMT:tncleanup.obj
 0001:00000cf0       __local_stdio_printf_options 0000000180001cf0 f i LIBCMT:default_local_stdio_options.obj
 0001:00000cf8       __local_stdio_scanf_options 0000000180001cf8 f i LIBCMT:default_local_stdio_options.obj
 0001:00000d00       __scrt_initialize_default_local_stdio_options 0000000180001d00 f   LIBCMT:default_local_stdio_options.obj
 0001:00000d1c       ?configure_argv@__scrt_narrow_argv_policy@@SAHXZ 0000000180001d1c f i LIBCMT:utility.obj
 0001:00000d7c       ?initialize_environment@__scrt_narrow_environment_policy@@SAHXZ 0000000180001d7c f i LIBCMT:utility.obj
 0001:00000db4       NtCurrentTeb               0000000180001db4 f i LIBCMT:utility.obj
 0001:00000dc0       __scrt_acquire_startup_lock 0000000180001dc0 f   LIBCMT:utility.obj
 0001:00000dfc       __scrt_dllmain_after_initialize_c 0000000180001dfc f   LIBCMT:utility.obj
 0001:00000e30       __scrt_dllmain_before_initialize_c 0000000180001e30 f   LIBCMT:utility.obj
 0001:00000e48       __scrt_dllmain_crt_thread_attach 0000000180001e48 f   LIBCMT:utility.obj
 0001:00000e70       __scrt_dllmain_crt_thread_detach 0000000180001e70 f   LIBCMT:utility.obj
 0001:00000e88       __scrt_dllmain_exception_filter 0000000180001e88 f   LIBCMT:utility.obj
 0001:00000ee8       __scrt_dllmain_uninitialize_c 0000000180001ee8 f   LIBCMT:utility.obj
 0001:00000f18       __scrt_dllmain_uninitialize_critical 0000000180001f18 f   LIBCMT:utility.obj
 0001:00000f2c       __scrt_initialize_crt      0000000180001f2c f   LIBCMT:utility.obj
 0001:00000f78       __scrt_initialize_onexit_tables 0000000180001f78 f   LIBCMT:utility.obj
 0001:00001004       __scrt_is_nonwritable_in_current_image 0000000180002004 f   LIBCMT:utility.obj
 0001:0000109c       __scrt_release_startup_lock 000000018000209c f   LIBCMT:utility.obj
 0001:000010c0       __scrt_uninitialize_crt    00000001800020c0 f   LIBCMT:utility.obj
 0001:000010ec       _onexit                    00000001800020ec f   LIBCMT:utility.obj
 0001:00001128       at_quick_exit              0000000180002128 f   LIBCMT:utility.obj
 0001:00001148       atexit                     0000000180002148 f   LIBCMT:utility.obj
 0001:00001160       __scrt_get_dyn_tls_init_callback 0000000180002160 f   LIBCMT:dyn_tls_init.obj
 0001:00001168       __crt_debugger_hook        0000000180002168 f   LIBCMT:utility_desktop.obj
 0001:00001170       __scrt_fastfail            0000000180002170 f   LIBCMT:utility_desktop.obj
 0001:000012bc       __scrt_get_show_window_mode 00000001800022bc f   LIBCMT:utility_desktop.obj
 0001:000012f8       __scrt_initialize_mta      00000001800022f8 f   LIBCMT:utility_desktop.obj
 0001:00001300       __scrt_initialize_winrt    0000000180002300 f   LIBCMT:utility_desktop.obj
 0001:00001304       __scrt_is_managed_app      0000000180002304 f   LIBCMT:utility_desktop.obj
 0001:00001358       __scrt_set_unhandled_exception_filter 0000000180002358 f   LIBCMT:utility_desktop.obj
 0001:00001368       __scrt_exe_initialize_mta  0000000180002368 f   LIBCMT:utility_desktop.obj
 0001:00001368       __scrt_stub_for_initialize_mta 0000000180002368 f   LIBCMT:utility_desktop.obj
 0001:0000136c       __scrt_unhandled_exception_filter 000000018000236c f   LIBCMT:utility_desktop.obj
 0001:000013c8       _RTC_Initialize            00000001800023c8 f   LIBCMT:initsect.obj
 0001:00001404       _RTC_Terminate             0000000180002404 f   LIBCMT:initsect.obj
 0001:00001440       _guard_check_icall_nop     0000000180002440 f i LIBCMT:guard_support.obj
 0001:00001444       ReadNoFence64              0000000180002444 f i LIBCMT:guard_support.obj
 0001:00001448       ReadPointerNoFence         0000000180002448 f i LIBCMT:guard_support.obj
 0001:0000144c       __castguard_check_failure_debugbreak 000000018000244c f i LIBCMT:guard_support.obj
 0001:00001468       __castguard_check_failure_fastfail 0000000180002468 f i LIBCMT:guard_support.obj
 0001:0000148c       __castguard_check_failure_nop 000000018000248c f i LIBCMT:guard_support.obj
 0001:00001490       __castguard_check_failure_os_handled 0000000180002490 f i LIBCMT:guard_support.obj
 0001:000014f0       __castguard_slow_path_check_debugbreak 00000001800024f0 f i LIBCMT:guard_support.obj
 0001:00001524       __castguard_slow_path_check_fastfail 0000000180002524 f i LIBCMT:guard_support.obj
 0001:00001560       __castguard_slow_path_check_nop 0000000180002560 f i LIBCMT:guard_support.obj
 0001:00001564       __castguard_slow_path_check_os_handled 0000000180002564 f i LIBCMT:guard_support.obj
 0001:000015d8       _guard_icall_checks_enforced 00000001800025d8 f i LIBCMT:guard_support.obj
 0001:000015f0       _guard_rf_checks_enforced  00000001800025f0 f i LIBCMT:guard_support.obj
 0001:000015f4       __isa_available_init       00000001800025f4 f   LIBCMT:cpu_disp.obj
 0001:00001798       _get_startup_argv_mode     0000000180002798 f   LIBCMT:argv_mode.obj
 0001:000017a0       __scrt_is_ucrt_dll_in_use  00000001800027a0 f   LIBCMT:ucrt_detection.obj
 0001:000017b0       RtlCaptureContext          00000001800027b0 f   kernel32:KERNEL32.dll
 0001:000017b6       RtlLookupFunctionEntry     00000001800027b6 f   kernel32:KERNEL32.dll
 0001:000017bc       RtlVirtualUnwind           00000001800027bc f   kernel32:KERNEL32.dll
 0001:000017c2       UnhandledExceptionFilter   00000001800027c2 f   kernel32:KERNEL32.dll
 0001:000017c8       SetUnhandledExceptionFilter 00000001800027c8 f   kernel32:KERNEL32.dll
 0001:000017ce       GetCurrentProcess          00000001800027ce f   kernel32:KERNEL32.dll
 0001:000017d4       TerminateProcess           00000001800027d4 f   kernel32:KERNEL32.dll
 0001:000017da       IsProcessorFeaturePresent  00000001800027da f   kernel32:KERNEL32.dll
 0001:000017e0       QueryPerformanceCounter    00000001800027e0 f   kernel32:KERNEL32.dll
 0001:000017e6       GetCurrentProcessId        00000001800027e6 f   kernel32:KERNEL32.dll
 0001:000017ec       GetCurrentThreadId         00000001800027ec f   kernel32:KERNEL32.dll
 0001:000017f2       GetSystemTimeAsFileTime    00000001800027f2 f   kernel32:KERNEL32.dll
 0001:000017f8       InitializeSListHead        00000001800027f8 f   kernel32:KERNEL32.dll
 0001:000017fe       IsDebuggerPresent          00000001800027fe f   kernel32:KERNEL32.dll
 0001:00001804       GetStartupInfoW            0000000180002804 f   kernel32:KERNEL32.dll
 0001:0000180a       GetModuleHandleW           000000018000280a f   kernel32:KERNEL32.dll
 0001:00001810       __C_specific_handler       0000000180002810 f   libvcruntime:riscchandler.obj
 0001:00001a2c       ??$?RD@__crt_internal_free_policy@@QEBAXQEBD@Z 0000000180002a2c f i libvcruntime:std_type_info.obj
 0001:00001a34       ??$?RX@__crt_internal_free_policy@@QEBAXQEBX@Z 0000000180002a34 f i libvcruntime:std_type_info.obj
 0001:00001a3c       ??$__crt_interlocked_compare_exchange_pointer@$$CBDPEAD$$T@@YAPEBDPEDSEBDQEAD$$T@Z 0000000180002a3c f i libvcruntime:std_type_info.obj
 0001:00001a48       ??$__crt_interlocked_read_pointer@$$CBD@@YAPEBDPEDSEBD@Z 0000000180002a48 f i libvcruntime:std_type_info.obj
 0001:00001a4c       ??0?$__crt_unique_heap_ptr@DU__crt_internal_free_policy@@@@QEAA@QEAD@Z 0000000180002a4c f i libvcruntime:std_type_info.obj
 0001:00001a54       ??0?$__crt_unique_heap_ptr@XU__crt_internal_free_policy@@@@QEAA@QEAX@Z 0000000180002a54 f i libvcruntime:std_type_info.obj
 0001:00001a5c       ??1?$__crt_unique_heap_ptr@DU__crt_internal_free_policy@@@@QEAA@XZ 0000000180002a5c f i libvcruntime:std_type_info.obj
 0001:00001a78       ??1?$__crt_unique_heap_ptr@XU__crt_internal_free_policy@@@@QEAA@XZ 0000000180002a78 f i libvcruntime:std_type_info.obj
 0001:00001a94       ??B?$__crt_unique_heap_ptr@DU__crt_internal_free_policy@@@@QEBA_NXZ 0000000180002a94 f i libvcruntime:std_type_info.obj
 0001:00001a9c       ??B?$__crt_unique_heap_ptr@XU__crt_internal_free_policy@@@@QEBA_NXZ 0000000180002a9c f i libvcruntime:std_type_info.obj
 0001:00001ac4       ?__crt_interlocked_read_64@@YA_JPED_J@Z 0000000180002ac4 f i libvcruntime:std_type_info.obj
 0001:00001ac8       ?detach@?$__crt_unique_heap_ptr@XU__crt_internal_free_policy@@@@QEAAPEAXXZ 0000000180002ac8 f i libvcruntime:std_type_info.obj
 0001:00001ad0       ?get@?$__crt_unique_heap_ptr@DU__crt_internal_free_policy@@@@QEBAPEADXZ 0000000180002ad0 f i libvcruntime:std_type_info.obj
 0001:00001ad4       ?get@?$__crt_unique_heap_ptr@XU__crt_internal_free_policy@@@@QEBAPEAXXZ 0000000180002ad4 f i libvcruntime:std_type_info.obj
 0001:00001ad8       ?is_valid@?$__crt_unique_heap_ptr@DU__crt_internal_free_policy@@@@QEBA_NXZ 0000000180002ad8 f i libvcruntime:std_type_info.obj
 0001:00001ae0       ?is_valid@?$__crt_unique_heap_ptr@XU__crt_internal_free_policy@@@@QEBA_NXZ 0000000180002ae0 f i libvcruntime:std_type_info.obj
 0001:00001ae8       ?release@?$__crt_unique_heap_ptr@DU__crt_internal_free_policy@@@@QEAAXXZ 0000000180002ae8 f i libvcruntime:std_type_info.obj
 0001:00001b04       ?release@?$__crt_unique_heap_ptr@XU__crt_internal_free_policy@@@@QEAAXXZ 0000000180002b04 f i libvcruntime:std_type_info.obj
 0001:00001b20       __std_type_info_compare    0000000180002b20 f   libvcruntime:std_type_info.obj
 0001:00001b48       __std_type_info_destroy_list 0000000180002b48 f   libvcruntime:std_type_info.obj
 0001:00001b74       __std_type_info_hash       0000000180002b74 f   libvcruntime:std_type_info.obj
 0001:00001bac       __std_type_info_name       0000000180002bac f   libvcruntime:std_type_info.obj
 0001:00001cc4       __vcrt_initialize          0000000180002cc4 f   libvcruntime:initialization.obj
 0001:00001cec       __vcrt_thread_attach       0000000180002cec f   libvcruntime:initialization.obj
 0001:00001d00       __vcrt_thread_detach       0000000180002d00 f   libvcruntime:initialization.obj
 0001:00001d14       __vcrt_uninitialize        0000000180002d14 f   libvcruntime:initialization.obj
 0001:00001d30       __vcrt_uninitialize_critical 0000000180002d30 f   libvcruntime:initialization.obj
 0001:00001d44       __DestructExceptionObject  0000000180002d44 f   libvcruntime:ehhelpers.obj
 0001:00001db4       ?_CallMemberFunction0@@YAXQEAX0@Z 0000000180002db4 f i libvcruntime:ehhelpers.obj
 0001:00001e10       ?raw_name@type_info@@QEBAPEBDXZ 0000000180002e10 f i libvcruntime:ehhelpers.obj
 0001:00001e18       _IsExceptionObjectToBeDestroyed 0000000180002e18 f   libvcruntime:ehhelpers.obj
 0001:00001e48       _SetWinRTOutOfMemoryExceptionCallback 0000000180002e48 f   libvcruntime:ehhelpers.obj
 0001:00001e50       __AdjustPointer            0000000180002e50 f   libvcruntime:ehhelpers.obj
 0001:00001e74       __FrameUnwindFilter        0000000180002e74 f   libvcruntime:ehhelpers.obj
 0001:00001edc       __GetPlatformExceptionInfo 0000000180002edc f   libvcruntime:ehhelpers.obj
 0001:00001f38       __current_exception        0000000180002f38 f   libvcruntime:ehhelpers.obj
 0001:00001f4c       __current_exception_context 0000000180002f4c f   libvcruntime:ehhelpers.obj
 0001:00001f60       __processing_throw         0000000180002f60 f   libvcruntime:ehhelpers.obj
 0001:00001f74       __std_terminate            0000000180002f74 f   libvcruntime:ehhelpers.obj
 0001:00001f80       _is_exception_typeof       0000000180002f80 f   libvcruntime:ehhelpers.obj
 0001:00002040       memset_repmovs             0000000180003040 f   libvcruntime:memset.obj
 0001:00002060       memset                     0000000180003060 f   libvcruntime:memset.obj
 0001:00002200       _NLG_Notify                0000000180003200 f   libvcruntime:notify.obj
 0001:00002220       __NLG_Dispatch2            0000000180003220 f   libvcruntime:notify.obj
 0001:00002230       __NLG_Return2              0000000180003230 f   libvcruntime:notify.obj
 0001:0000223c       __except_validate_context_record 000000018000323c f   libvcruntime:jbcxrval.obj
 0001:00002274       __except_validate_jump_buffer 0000000180003274 f   libvcruntime:jbcxrval.obj
 0001:000022b4       __except_validate_jump_buffer_common 00000001800032b4 f i libvcruntime:jbcxrval.obj
 0001:00002310       ??$?0$00@DName@@QEAA@PEBDU?$StringLifeSelector@$00@@@Z 0000000180003310 f i libvcruntime:undname.obj
 0001:00002350       ??$?0$00@pcharNode@@QEAA@PEBDHU?$StringLifeSelector@$00@@@Z 0000000180003350 f i libvcruntime:undname.obj
 0001:00002368       ??$?0$01@DName@@QEAA@PEBDU?$StringLifeSelector@$01@@@Z 0000000180003368 f i libvcruntime:undname.obj
 0001:000023a8       ??$?0$01@pcharNode@@QEAA@PEBDHU?$StringLifeSelector@$01@@@Z 00000001800033a8 f i libvcruntime:undname.obj
 0001:0000241c       ??$?0$0A@@DName@@QEAA@PEBDU?$StringLifeSelector@$0A@@@@Z 000000018000341c f i libvcruntime:undname.obj
 0001:0000245c       ??$?0$0A@@pcharNode@@QEAA@PEBDHU?$StringLifeSelector@$0A@@@@Z 000000018000345c f i libvcruntime:undname.obj
 0001:000024d0       ??$?0_K$0A@@?$optional@_K@std@@QEAA@$$QEA_K@Z 00000001800034d0 f i libvcruntime:undname.obj
 0001:000024e0       ??$?0_K@?$_Optional_construct_base@_K@std@@QEAA@Uin_place_t@1@$$QEA_K@Z 00000001800034e0 f i libvcruntime:undname.obj
 0001:000024f0       ??$?0_K@?$_Optional_destruct_base@_K$00@std@@QEAA@Uin_place_t@1@$$QEA_K@Z 00000001800034f0 f i libvcruntime:undname.obj
 0001:00002500       ??$append@VDNameNode@@@DName@@AEAAXPEBVDNameNode@@@Z 0000000180003500 f i libvcruntime:undname.obj
 0001:00002564       ??$append@VDNameStatusNode@@@DName@@AEAAXPEBVDNameStatusNode@@@Z 0000000180003564 f i libvcruntime:undname.obj
 0001:000025c8       ??$append@VcharNode@@@DName@@AEAAXPEBVcharNode@@@Z 00000001800035c8 f i libvcruntime:undname.obj
 0001:0000262c       ??$append@VpDNameNode@@@DName@@AEAAXPEBVpDNameNode@@@Z 000000018000362c f i libvcruntime:undname.obj
 0001:00002690       ??$append@VpcharNode@@@DName@@AEAAXPEBVpcharNode@@@Z 0000000180003690 f i libvcruntime:undname.obj
 0001:000026f4       ??$doPchar@$00@DName@@AEAAXPEBDH@Z 00000001800036f4 f i libvcruntime:undname.obj
 0001:00002798       ??$doPchar@$01@DName@@AEAAXPEBDH@Z 0000000180003798 f i libvcruntime:undname.obj
 0001:00002830       ??$doPchar@$0A@@DName@@AEAAXPEBDH@Z 0000000180003830 f i libvcruntime:undname.obj
 0001:000028c8       ??$forward@_K@std@@YA$$QEA_KAEA_K@Z 00000001800038c8 f i libvcruntime:undname.obj
 0001:000028cc       ??$size@D$04@std@@YA_KAEAY04$$CBD@Z 00000001800038cc f i libvcruntime:undname.obj
 0001:000028d4       ??$size@D$0EB@@std@@YA_KAEAY0EB@$$CBD@Z 00000001800038d4 f i libvcruntime:undname.obj
 0001:000028dc       ??0?$_Optional_construct_base@_K@std@@QEAA@XZ 00000001800038dc f i libvcruntime:undname.obj
 0001:000028e4       ??0?$_Optional_destruct_base@_K$00@std@@QEAA@XZ 00000001800038e4 f i libvcruntime:undname.obj
 0001:000028ec       ??0?$optional@_K@std@@QEAA@XZ 00000001800038ec f i libvcruntime:undname.obj
 0001:000028f4       ??0Block@_HeapManager@@QEAA@XZ 00000001800038f4 f i libvcruntime:undname.obj
 0001:000028fc       ??0DName@@QEAA@AEAPEBDD@Z  00000001800038fc f   libvcruntime:undname.obj
 0001:000029ac       ??0DName@@QEAA@AEBUStringLiteral@@@Z 00000001800039ac f   libvcruntime:undname.obj
 0001:000029d8       ??0DName@@QEAA@AEBV0@@Z    00000001800039d8 f i libvcruntime:undname.obj
 0001:000029e8       ??0DName@@QEAA@D@Z         00000001800039e8 f   libvcruntime:undname.obj
 0001:00002a08       ??0DName@@QEAA@PEAV0@@Z    0000000180003a08 f   libvcruntime:undname.obj
 0001:00002a8c       ??0DName@@QEAA@W4DNameStatus@@@Z 0000000180003a8c f   libvcruntime:undname.obj
 0001:00002abc       ??0DName@@QEAA@XZ          0000000180003abc f i libvcruntime:undname.obj
 0001:00002ac8       ??0DName@@QEAA@_J@Z        0000000180003ac8 f   libvcruntime:undname.obj
 0001:00002b70       ??0DName@@QEAA@_K@Z        0000000180003b70 f   libvcruntime:undname.obj
 0001:00002bf8       ??0DNameNode@@IEAA@XZ      0000000180003bf8 f i libvcruntime:undname.obj
 0001:00002c08       ??0Replicator@@QEAA@XZ     0000000180003c08 f i libvcruntime:undname.obj
 0001:00002c1c       ??0UnDecorator@@QEAA@PEBDP6APEADJ@ZK@Z 0000000180003c1c f i libvcruntime:undname.obj
 0001:00002c6c       ??0_Nontrivial_dummy_type@std@@QEAA@XZ 0000000180003c6c f i libvcruntime:undname.obj
 0001:00002c70       ??0charNode@@QEAA@D@Z      0000000180003c70 f i libvcruntime:undname.obj
 0001:00002c84       ??0pDNameNode@@QEAA@PEAVDName@@@Z 0000000180003c84 f   libvcruntime:undname.obj
 0001:00002cac       ??0pairNode@@QEAA@PEBVDNameNode@@0@Z 0000000180003cac f i libvcruntime:undname.obj
 0001:00002cd0       ??2@YAPEAX_KAEAV_HeapManager@@H@Z 0000000180003cd0 f   libvcruntime:undname.obj
 0001:00002cfc       ??4DName@@QEAAAEAV0@AEBUStringLiteral@@@Z 0000000180003cfc f   libvcruntime:undname.obj
 0001:00002d24       ??4DName@@QEAAAEAV0@AEBV0@@Z 0000000180003d24 f   libvcruntime:undname.obj
 0001:00002d34       ??4DName@@QEAAAEAV0@D@Z    0000000180003d34 f i libvcruntime:undname.obj
 0001:00002d54       ??4DName@@QEAAAEAV0@PEAV0@@Z 0000000180003d54 f   libvcruntime:undname.obj
 0001:00002dcc       ??4DName@@QEAAAEAV0@W4DNameStatus@@@Z 0000000180003dcc f   libvcruntime:undname.obj
 0001:00002dec       ??AReplicator@@QEBA?AVDName@@H@Z 0000000180003dec f   libvcruntime:undname.obj
 0001:00002e2c       ??B?$optional@_K@std@@QEBA_NXZ 0000000180003e2c f i libvcruntime:undname.obj
 0001:00002e30       ??D?$optional@_K@std@@QEGAAAEA_KXZ 0000000180003e30 f i libvcruntime:undname.obj
 0001:00002e34       ??H@YA?AVDName@@AEBUStringLiteral@@AEBV0@@Z 0000000180003e34 f i libvcruntime:undname.obj
 0001:00002e6c       ??H@YA?AVDName@@DAEBV0@@Z  0000000180003e6c f i libvcruntime:undname.obj
 0001:00002eb0       ??H@YA?AVDName@@W4DNameStatus@@AEBV0@@Z 0000000180003eb0 f i libvcruntime:undname.obj
 0001:00002efc       ??HDName@@QEBA?AV0@AEBUStringLiteral@@@Z 0000000180003efc f   libvcruntime:undname.obj
 0001:00002f28       ??HDName@@QEBA?AV0@AEBV0@@Z 0000000180003f28 f   libvcruntime:undname.obj
 0001:00002f54       ??HDName@@QEBA?AV0@D@Z     0000000180003f54 f   libvcruntime:undname.obj
 0001:00002f80       ??HDName@@QEBA?AV0@PEAV0@@Z 0000000180003f80 f   libvcruntime:undname.obj
 0001:00002fac       ??HDName@@QEBA?AV0@W4DNameStatus@@@Z 0000000180003fac f   libvcruntime:undname.obj
 0001:00002fd8       ??HStringLiteral@@QEBA?AU0@H@Z 0000000180003fd8 f i libvcruntime:undname.obj
 0001:00002ff0       ??YDName@@QEAAAEAV0@AEBUStringLiteral@@@Z 0000000180003ff0 f   libvcruntime:undname.obj
 0001:00003070       ??YDName@@QEAAAEAV0@AEBV0@@Z 0000000180004070 f   libvcruntime:undname.obj
 0001:00003124       ??YDName@@QEAAAEAV0@D@Z    0000000180004124 f   libvcruntime:undname.obj
 0001:00003190       ??YDName@@QEAAAEAV0@PEAV0@@Z 0000000180004190 f   libvcruntime:undname.obj
 0001:00003224       ??YDName@@QEAAAEAV0@W4DNameStatus@@@Z 0000000180004224 f   libvcruntime:undname.obj
 0001:00003290       ??YReplicator@@QEAAAEAV0@AEBVDName@@@Z 0000000180004290 f   libvcruntime:undname.obj
 0001:000032e8       ??_5DName@@QEAAAEAV0@AEBV0@@Z 00000001800042e8 f   libvcruntime:undname.obj
 0001:000032fc       ??__K_l@@YA?AUStringLiteral@@PEBD_K@Z 00000001800042fc f i libvcruntime:undname.obj
 0001:00003308       ?Constructor@_HeapManager@@QEAAXP6APEAX_K@ZP6AXPEAX@Z@Z 0000000180004308 f i libvcruntime:undname.obj
 0001:00003320       ?Destructor@_HeapManager@@QEAAXXZ 0000000180004320 f i libvcruntime:undname.obj
 0001:00003374       ?UScore@UnDecorator@@SA?AUStringLiteral@@W4Tokens@@@Z 0000000180004374 f   libvcruntime:undname.obj
 0001:000033c0       ?composeDeclaration@UnDecorator@@CA?AVDName@@AEBV2@@Z 00000001800043c0 f i libvcruntime:undname.obj
 0001:00004268       ?doAccessSpecifiers@UnDecorator@@SAHXZ 0000000180005268 f i libvcruntime:undname.obj
 0001:00004278       ?doAllocationLanguage@UnDecorator@@SAHXZ 0000000180005278 f i libvcruntime:undname.obj
 0001:00004288       ?doAllocationModel@UnDecorator@@SAHXZ 0000000180005288 f i libvcruntime:undname.obj
 0001:00004298       ?doEcsu@UnDecorator@@SAHXZ 0000000180005298 f i libvcruntime:undname.obj
 0001:000042a8       ?doEllipsis@UnDecorator@@SAHXZ 00000001800052a8 f i libvcruntime:undname.obj
 0001:000042b8       ?doFunctionReturns@UnDecorator@@SAHXZ 00000001800052b8 f i libvcruntime:undname.obj
 0001:000042c8       ?doMSKeywords@UnDecorator@@SAHXZ 00000001800052c8 f i libvcruntime:undname.obj
 0001:000042d8       ?doMemberTypes@UnDecorator@@SAHXZ 00000001800052d8 f i libvcruntime:undname.obj
 0001:000042e8       ?doNameOnly@UnDecorator@@SAHXZ 00000001800052e8 f i libvcruntime:undname.obj
 0001:000042f4       ?doNoIdentCharCheck@UnDecorator@@SAHXZ 00000001800052f4 f i libvcruntime:undname.obj
 0001:00004300       ?doPchar@DName@@AEAAXD@Z   0000000180005300 f   libvcruntime:undname.obj
 0001:00004350       ?doPtr64@UnDecorator@@SAHXZ 0000000180005350 f i libvcruntime:undname.obj
 0001:00004360       ?doRestrictionSpec@UnDecorator@@SAHXZ 0000000180005360 f i libvcruntime:undname.obj
 0001:00004370       ?doThisTypes@UnDecorator@@SAHXZ 0000000180005370 f i libvcruntime:undname.obj
 0001:00004384       ?doThrowTypes@UnDecorator@@SAHXZ 0000000180005384 f i libvcruntime:undname.obj
 0001:00004394       ?doTypeOnly@UnDecorator@@SAHXZ 0000000180005394 f i libvcruntime:undname.obj
 0001:000043a0       ?doUnderScore@UnDecorator@@SAHXZ 00000001800053a0 f i libvcruntime:undname.obj
 0001:000043ac       ?getArgumentList@UnDecorator@@CA?AVDName@@XZ 00000001800053ac f   libvcruntime:undname.obj
 0001:00004540       ?getArgumentTypes@UnDecorator@@CA?AVDName@@XZ 0000000180005540 f   libvcruntime:undname.obj
 0001:0000469c       ?getArrayObject@UnDecorator@@CA?AVDName@@XZ 000000018000569c f   libvcruntime:undname.obj
 0001:00004764       ?getArrayType@UnDecorator@@CA?AVDName@@AEBV2@@Z 0000000180005764 f i libvcruntime:undname.obj
 0001:000049ac       ?getBasedType@UnDecorator@@CA?AVDName@@XZ 00000001800059ac f   libvcruntime:undname.obj
 0001:00004aa4       ?getBasicDataType@UnDecorator@@CA?AVDName@@AEBV2@@Z 0000000180005aa4 f   libvcruntime:undname.obj
 0001:00004fe8       ?getCHPEName@UnDecorator@@QEAAPEADPEADH@Z 0000000180005fe8 f i libvcruntime:undname.obj
 0001:00005108       ?getCallIndex@UnDecorator@@CA?AVDName@@XZ 0000000180006108 f i libvcruntime:undname.obj
 0001:00005124       ?getCallingConvention@UnDecorator@@CA?AVDName@@XZ 0000000180006124 f   libvcruntime:undname.obj
 0001:00005264       ?getDataIndirectType@UnDecorator@@CA?AVDName@@AEBV2@W4IndirectionKind@@0H@Z 0000000180006264 f   libvcruntime:undname.obj
 0001:00005afc       ?getDataIndirectType@UnDecorator@@CA?AVDName@@XZ 0000000180006afc f i libvcruntime:undname.obj
 0001:00005b38       ?getDataType@UnDecorator@@CA?AVDName@@PEAV2@@Z 0000000180006b38 f   libvcruntime:undname.obj
 0001:00005c4c       ?getDecoratedName@UnDecorator@@CA?AVDName@@XZ 0000000180006c4c f   libvcruntime:undname.obj
 0001:00005f30       ?getDimension@UnDecorator@@CA?AVDName@@_N@Z 0000000180006f30 f   libvcruntime:undname.obj
 0001:0000607c       ?getDispatchTarget@UnDecorator@@CA?AVDName@@XZ 000000018000707c f   libvcruntime:undname.obj
 0001:000060c8       ?getDisplacement@UnDecorator@@CA?AVDName@@XZ 00000001800070c8 f i libvcruntime:undname.obj
 0001:000060e4       ?getECSUDataType@UnDecorator@@CA?AVDName@@XZ 00000001800070e4 f   libvcruntime:undname.obj
 0001:000062c4       ?getECSUName@UnDecorator@@CA?AVDName@@XZ 00000001800072c4 f i libvcruntime:undname.obj
 0001:000062dc       ?getEnumType@UnDecorator@@CA?AVDName@@XZ 00000001800072dc f i libvcruntime:undname.obj
 0001:00006404       ?getExtendedDataIndirectType@UnDecorator@@CA?AVDName@@AEAW4IndirectionKind@@AEA_NH@Z 0000000180007404 f   libvcruntime:undname.obj
 0001:0000660c       ?getExternalDataType@UnDecorator@@CA?AVDName@@AEBV2@@Z 000000018000760c f i libvcruntime:undname.obj
 0001:000066cc       ?getFloatingPoint@UnDecorator@@CA?AVDName@@H@Z 00000001800076cc f   libvcruntime:undname.obj
 0001:000067ec       ?getFunctionIndirectType@UnDecorator@@CA?AVDName@@AEBV2@@Z 00000001800077ec f   libvcruntime:undname.obj
 0001:00006d24       ?getGuardNumber@UnDecorator@@CA?AVDName@@XZ 0000000180007d24 f i libvcruntime:undname.obj
 0001:00006d40       ?getLastChar@DName@@QEBADXZ 0000000180007d40 f i libvcruntime:undname.obj
 0001:00006d5c       ?getLastChar@DNameStatusNode@@UEBADXZ 0000000180007d5c f i libvcruntime:undname.obj
 0001:00006d68       ?getLastChar@charNode@@UEBADXZ 0000000180007d68 f i libvcruntime:undname.obj
 0001:00006d6c       ?getLastChar@pDNameNode@@UEBADXZ 0000000180007d6c f i libvcruntime:undname.obj
 0001:00006d98       ?getLastChar@pairNode@@UEBADXZ 0000000180007d98 f i libvcruntime:undname.obj
 0001:00006dd0       ?getLastChar@pcharNode@@UEBADXZ 0000000180007dd0 f i libvcruntime:undname.obj
 0001:00006de4       ?getLexicalFrame@UnDecorator@@CA?AVDName@@XZ 0000000180007de4 f i libvcruntime:undname.obj
 0001:00006e48       ?getMemoryWithBuffer@_HeapManager@@QEAAPEAX_K@Z 0000000180007e48 f   libvcruntime:undname.obj
 0001:00006ed8       ?getMemoryWithoutBuffer@_HeapManager@@QEAAPEAX_K@Z 0000000180007ed8 f   libvcruntime:undname.obj
 0001:00006eec       ?getNoexcept@UnDecorator@@CA?AVDName@@XZ 0000000180007eec f   libvcruntime:undname.obj
 0001:00006f50       ?getNumberOfDimensions@UnDecorator@@CAHXZ 0000000180007f50 f   libvcruntime:undname.obj
 0001:00006fc4       ?getOperatorName@UnDecorator@@CA?AVDName@@_NPEA_N@Z 0000000180007fc4 f i libvcruntime:undname.obj
 0001:0000780c       ?getPointerType@UnDecorator@@CA?AVDName@@AEBV2@0@Z 000000018000880c f i libvcruntime:undname.obj
 0001:0000782c       ?getPointerTypeArray@UnDecorator@@CA?AVDName@@AEBV2@0@Z 000000018000882c f i libvcruntime:undname.obj
 0001:00007848       ?getPrimaryDataType@UnDecorator@@CA?AVDName@@AEBV2@@Z 0000000180008848 f   libvcruntime:undname.obj
 0001:00007afc       ?getPtrRefDataType@UnDecorator@@CA?AVDName@@AEBV2@H@Z 0000000180008afc f   libvcruntime:undname.obj
 0001:00007cc8       ?getPtrRefType@UnDecorator@@CA?AVDName@@AEBV2@0W4IndirectionKind@@@Z 0000000180008cc8 f   libvcruntime:undname.obj
 0001:00007ea0       ?getReferenceType@UnDecorator@@CA?AVDName@@AEBV2@0W4IndirectionKind@@@Z 0000000180008ea0 f i libvcruntime:undname.obj
 0001:00007eb8       ?getRestrictionSpec@UnDecorator@@CA?AVDName@@XZ 0000000180008eb8 f   libvcruntime:undname.obj
 0001:00008084       ?getReturnType@UnDecorator@@CA?AVDName@@PEAV2@@Z 0000000180009084 f   libvcruntime:undname.obj
 0001:000080b8       ?getScope@UnDecorator@@CA?AVDName@@XZ 00000001800090b8 f   libvcruntime:undname.obj
 0001:0000856c       ?getScopedName@UnDecorator@@CA?AVDName@@XZ 000000018000956c f   libvcruntime:undname.obj
 0001:000086a8       ?getSignedDimension@UnDecorator@@CA?AVDName@@XZ 00000001800096a8 f   libvcruntime:undname.obj
 0001:00008730       ?getStorageConvention@UnDecorator@@CA?AVDName@@XZ 0000000180009730 f i libvcruntime:undname.obj
 0001:0000876c       ?getString@DName@@QEBAPEADPEAD0@Z 000000018000976c f i libvcruntime:undname.obj
 0001:00008788       ?getString@DName@@QEBAPEADPEADH@Z 0000000180009788 f i libvcruntime:undname.obj
 0001:0000881c       ?getString@DNameStatusNode@@UEBAPEADPEAD0@Z 000000018000981c f i libvcruntime:undname.obj
 0001:00008864       ?getString@charNode@@UEBAPEADPEAD0@Z 0000000180009864 f i libvcruntime:undname.obj
 0001:00008878       ?getString@pDNameNode@@UEBAPEADPEAD0@Z 0000000180009878 f i libvcruntime:undname.obj
 0001:000088a8       ?getString@pairNode@@UEBAPEADPEAD0@Z 00000001800098a8 f i libvcruntime:undname.obj
 0001:000088f4       ?getString@pcharNode@@UEBAPEADPEAD0@Z 00000001800098f4 f i libvcruntime:undname.obj
 0001:0000892c       ?getStringEncoding@UnDecorator@@CA?AVDName@@W4PrefixKind@@H@Z 000000018000992c f   libvcruntime:undname.obj
 0001:00008a10       ?getStringHelper@@YAPEADPEADPEBD1H@Z 0000000180009a10 f i libvcruntime:undname.obj
 0001:00008a40       ?getStringObject@UnDecorator@@CA?AVDName@@XZ 0000000180009a40 f   libvcruntime:undname.obj
 0001:00008aa8       ?getSymbolName@UnDecorator@@CA?AVDName@@XZ 0000000180009aa8 f i libvcruntime:undname.obj
 0001:00008af4       ?getTemplateArgumentList@UnDecorator@@CA?AVDName@@XZ 0000000180009af4 f   libvcruntime:undname.obj
 0001:00008d68       ?getTemplateName@UnDecorator@@CA?AVDName@@_N@Z 0000000180009d68 f   libvcruntime:undname.obj
 0001:00008ffc       ?getTemplateNonTypeArgument@UnDecorator@@CA?AVDName@@XZ 0000000180009ffc f   libvcruntime:undname.obj
 0001:00009478       ?getTemplateTypeArgument@UnDecorator@@CA?AVDName@@XZ 000000018000a478 f   libvcruntime:undname.obj
 0001:000095e0       ?getThisType@UnDecorator@@CA?AVDName@@XZ 000000018000a5e0 f i libvcruntime:undname.obj
 0001:00009620       ?getThrowTypes@UnDecorator@@CA?AVDName@@XZ 000000018000a620 f   libvcruntime:undname.obj
 0001:00009644       ?getTypeEncoding@UnDecorator@@CAHXZ 000000018000a644 f i libvcruntime:undname.obj
 0001:000099b8       ?getUndecoratedName@UnDecorator@@QEAAPEADPEADH@Z 000000018000a9b8 f i libvcruntime:undname.obj
 0001:00009b0c       ?getVCallThunkType@UnDecorator@@CA?AVDName@@XZ 000000018000ab0c f i libvcruntime:undname.obj
 0001:00009b84       ?getValue@UnDecorator@@CA?AV?$optional@_K@std@@XZ 000000018000ab84 f   libvcruntime:undname.obj
 0001:00009bf8       ?getValueObject@UnDecorator@@CA?AVDName@@XZ 000000018000abf8 f   libvcruntime:undname.obj
 0001:00009d48       ?getVbTableType@UnDecorator@@CA?AVDName@@AEBV2@@Z 000000018000ad48 f i libvcruntime:undname.obj
 0001:00009d60       ?getVdispMapType@UnDecorator@@CA?AVDName@@AEBV2@@Z 000000018000ad60 f i libvcruntime:undname.obj
 0001:00009ddc       ?getVfTableType@UnDecorator@@CA?AVDName@@AEBV2@@Z 000000018000addc f i libvcruntime:undname.obj
 0001:00009fe4       ?getZName@UnDecorator@@CA?AVDName@@_N0@Z 000000018000afe4 f   libvcruntime:undname.obj
 0001:0000a2cc       ?haveTemplateParameters@UnDecorator@@SAHXZ 000000018000b2cc f i libvcruntime:undname.obj
 0001:0000a2d8       ?isArray@DName@@QEBAHXZ    000000018000b2d8 f i libvcruntime:undname.obj
 0001:0000a2e4       ?isComArray@DName@@QEBAHXZ 000000018000b2e4 f i libvcruntime:undname.obj
 0001:0000a2f0       ?isEmpty@DName@@QEBAHXZ    000000018000b2f0 f i libvcruntime:undname.obj
 0001:0000a2fc       ?isFull@Replicator@@QEBAHXZ 000000018000b2fc f i libvcruntime:undname.obj
 0001:0000a308       ?isNoTE@DName@@QEBAHXZ     000000018000b308 f i libvcruntime:undname.obj
 0001:0000a314       ?isPinPtr@DName@@QEBAHXZ   000000018000b314 f i libvcruntime:undname.obj
 0001:0000a320       ?isPtrRef@DName@@QEBAHXZ   000000018000b320 f i libvcruntime:undname.obj
 0001:0000a32c       ?isUDC@DName@@QEBAHXZ      000000018000b32c f i libvcruntime:undname.obj
 0001:0000a344       ?isUDTThunk@DName@@QEBAHXZ 000000018000b344 f i libvcruntime:undname.obj
 0001:0000a35c       ?isVCallThunk@DName@@QEBAHXZ 000000018000b35c f i libvcruntime:undname.obj
 0001:0000a368       ?isValid@DName@@QEBAHXZ    000000018000b368 f i libvcruntime:undname.obj
 0001:0000a374       ?length@DName@@QEBAHXZ     000000018000b374 f i libvcruntime:undname.obj
 0001:0000a38c       ?length@DNameStatusNode@@UEBAHXZ 000000018000b38c f i libvcruntime:undname.obj
 0001:0000a390       ?length@charNode@@UEBAHXZ  000000018000b390 f i libvcruntime:undname.obj
 0001:0000a398       ?length@pDNameNode@@UEBAHXZ 000000018000b398 f i libvcruntime:undname.obj
 0001:0000a3c0       ?length@pairNode@@UEBAHXZ  000000018000b3c0 f i libvcruntime:undname.obj
 0001:0000a408       ?length@pcharNode@@UEBAHXZ 000000018000b408 f i libvcruntime:undname.obj
 0001:0000a40c       ?make@DNameStatusNode@@SAPEBV1@W4DNameStatus@@@Z 000000018000b40c f i libvcruntime:undname.obj
 0001:0000a42c       ?parseDecoratedName@UnDecorator@@CA?AVDName@@XZ 000000018000b42c f   libvcruntime:undname.obj
 0001:0000a540       ?raw_length@DNameStatusNode@@UEBAHXZ 000000018000b540 f i libvcruntime:undname.obj
 0001:0000a544       ?raw_length@charNode@@UEBAHXZ 000000018000b544 f i libvcruntime:undname.obj
 0001:0000a54c       ?raw_length@pDNameNode@@UEBAHXZ 000000018000b54c f i libvcruntime:undname.obj
 0001:0000a550       ?raw_length@pairNode@@UEBAHXZ 000000018000b550 f i libvcruntime:undname.obj
 0001:0000a554       ?raw_length@pcharNode@@UEBAHXZ 000000018000b554 f i libvcruntime:undname.obj
 0001:0000a558       ?setIsArray@DName@@QEAAXXZ 000000018000b558 f i libvcruntime:undname.obj
 0001:0000a560       ?setIsComArray@DName@@QEAAXXZ 000000018000b560 f i libvcruntime:undname.obj
 0001:0000a568       ?setIsNoTE@DName@@QEAAXXZ  000000018000b568 f i libvcruntime:undname.obj
 0001:0000a570       ?setIsPinPtr@DName@@QEAAXXZ 000000018000b570 f i libvcruntime:undname.obj
 0001:0000a578       ?setIsUDC@DName@@QEAAXXZ   000000018000b578 f i libvcruntime:undname.obj
 0001:0000a584       ?setIsVCallThunk@DName@@QEAAXXZ 000000018000b584 f i libvcruntime:undname.obj
 0001:0000a58c       ?setPtrRef@DName@@QEAAAEAV1@XZ 000000018000b58c f i libvcruntime:undname.obj
 0001:0000a598       ?status@DName@@QEBA?AW4DNameStatus@@XZ 000000018000b598 f i libvcruntime:undname.obj
 0001:0000a5fc       __unDName                  000000018000b5fc f   libvcruntime:undname.obj
 0001:0000a624       __unDNameEx                000000018000b624 f   libvcruntime:undname.obj
 0001:0000a758       _vsprintf_s_l              000000018000b758 f i libvcruntime:undname.obj
 0001:0000a7bc       sprintf_s                  000000018000b7bc f i libvcruntime:undname.obj
 0001:0000a810       unDNameGenerateCHPE        000000018000b810 f   libvcruntime:undname.obj
 0001:0000a918       ??$?RU__vcrt_ptd@@@__crt_internal_free_policy@@QEBAXQEBU__vcrt_ptd@@@Z 000000018000b918 f i libvcruntime:per_thread_data.obj
 0001:0000a920       ??0?$__crt_unique_heap_ptr@U__vcrt_ptd@@U__crt_internal_free_policy@@@@QEAA@QEAU__vcrt_ptd@@@Z 000000018000b920 f i libvcruntime:per_thread_data.obj
 0001:0000a944       ??1?$__crt_unique_heap_ptr@U__vcrt_ptd@@U__crt_internal_free_policy@@@@QEAA@XZ 000000018000b944 f i libvcruntime:per_thread_data.obj
 0001:0000a96c       ??B?$__crt_unique_heap_ptr@U__vcrt_ptd@@U__crt_internal_free_policy@@@@QEBA_NXZ 000000018000b96c f i libvcruntime:per_thread_data.obj
 0001:0000a974       ?detach@?$__crt_unique_heap_ptr@U__vcrt_ptd@@U__crt_internal_free_policy@@@@QEAAPEAU__vcrt_ptd@@XZ 000000018000b974 f i libvcruntime:per_thread_data.obj
 0001:0000a97c       ?get@?$__crt_unique_heap_ptr@U__vcrt_ptd@@U__crt_internal_free_policy@@@@QEBAPEAU__vcrt_ptd@@XZ 000000018000b97c f i libvcruntime:per_thread_data.obj
 0001:0000a980       ?is_valid@?$__crt_unique_heap_ptr@U__vcrt_ptd@@U__crt_internal_free_policy@@@@QEBA_NXZ 000000018000b980 f i libvcruntime:per_thread_data.obj
 0001:0000a988       ?release@?$__crt_unique_heap_ptr@U__vcrt_ptd@@U__crt_internal_free_policy@@@@QEAAXXZ 000000018000b988 f i libvcruntime:per_thread_data.obj
 0001:0000a9d0       __vcrt_freefls             000000018000b9d0 f   libvcruntime:per_thread_data.obj
 0001:0000a9f0       __vcrt_freeptd             000000018000b9f0 f   libvcruntime:per_thread_data.obj
 0001:0000aa40       __vcrt_getptd              000000018000ba40 f   libvcruntime:per_thread_data.obj
 0001:0000aa5c       __vcrt_getptd_noexit       000000018000ba5c f   libvcruntime:per_thread_data.obj
 0001:0000ab1c       __vcrt_getptd_noinit       000000018000bb1c f   libvcruntime:per_thread_data.obj
 0001:0000ab6c       __vcrt_initialize_ptd      000000018000bb6c f   libvcruntime:per_thread_data.obj
 0001:0000abb4       __vcrt_uninitialize_ptd    000000018000bbb4 f   libvcruntime:per_thread_data.obj
 0001:0000abd8       __vcrt_initialize_locks    000000018000bbd8 f   libvcruntime:locks.obj
 0001:0000ac0c       __vcrt_lock                000000018000bc0c f   libvcruntime:locks.obj
 0001:0000ac28       __vcrt_uninitialize_locks  000000018000bc28 f   libvcruntime:locks.obj
 0001:0000ac60       __vcrt_unlock              000000018000bc60 f   libvcruntime:locks.obj
 0001:0000ac7c       ??$__crt_interlocked_exchange_pointer@$$A6AXXZP6AXXZ@@YAP6AXXZPEDS6AXXZQ6AXXZ@Z 000000018000bc7c f i libvcruntime:purevirt.obj
 0001:0000ac84       ??$__crt_interlocked_read_pointer@$$A6AXXZ@@YAP6AXXZPEDS6AXXZ@Z 000000018000bc84 f i libvcruntime:purevirt.obj
 0001:0000ac88       _get_purecall_handler      000000018000bc88 f   libvcruntime:purevirt.obj
 0001:0000ac90       _purecall                  000000018000bc90 f   libvcruntime:purevirt.obj
 0001:0000acac       _set_purecall_handler      000000018000bcac f   libvcruntime:purevirt.obj
 0001:0000acb8       ??$?0AEAViterator@TryBlockMap4@FH4@@AEAV012@$0A@@?$pair@Viterator@TryBlockMap4@FH4@@V123@@std@@QEAA@AEAViterator@TryBlockMap4@FH4@@0@Z 000000018000bcb8 f i libvcruntime:risctrnsctrl.obj
 0001:0000accc       ??$?0AEAViterator@TryBlockMap@__FrameHandler3@@AEAV012@$0A@@?$pair@Viterator@TryBlockMap@__FrameHandler3@@V123@@std@@QEAA@AEAViterator@TryBlockMap@__FrameHandler3@@0@Z 000000018000bccc f i libvcruntime:risctrnsctrl.obj
 0001:0000ae1c       ??$_CallSETranslator@V__FrameHandler3@@@@YAHPEAUEHExceptionRecord@@PEA_KPEAU_CONTEXT@@PEAU_xDISPATCHER_CONTEXT@@PEBU_s_FuncInfo@@K1H@Z 000000018000be1c f i libvcruntime:risctrnsctrl.obj
 0001:0000ae70       ??$_CallSETranslator@V__FrameHandler4@@@@YAHPEAUEHExceptionRecord@@PEA_KPEAU_CONTEXT@@PEAU_xDISPATCHER_CONTEXT@@PEAUFuncInfo4@FH4@@K1H@Z 000000018000be70 f i libvcruntime:risctrnsctrl.obj
 0001:0000aec4       ??$forward@AEAViterator@TryBlockMap4@FH4@@@std@@YAAEAViterator@TryBlockMap4@FH4@@AEAV123@@Z 000000018000bec4 f i libvcruntime:risctrnsctrl.obj
 0001:0000aec8       ??$forward@AEAViterator@TryBlockMap@__FrameHandler3@@@std@@YAAEAViterator@TryBlockMap@__FrameHandler3@@AEAV123@@Z 000000018000bec8 f i libvcruntime:risctrnsctrl.obj
 0001:0000aecc       ??0FuncInfo4@FH4@@QEAA@XZ  000000018000becc f i libvcruntime:risctrnsctrl.obj
 0001:0000aee0       ??0FuncInfoHeader@FH4@@QEAA@XZ 000000018000bee0 f i libvcruntime:risctrnsctrl.obj
 0001:0000aee8       ??0iterator@TryBlockMap4@FH4@@QEAA@AEAV12@I@Z 000000018000bee8 f i libvcruntime:risctrnsctrl.obj
 0001:0000aef4       ??0iterator@TryBlockMap@__FrameHandler3@@QEAA@AEAV12@I@Z 000000018000bef4 f i libvcruntime:risctrnsctrl.obj
 0001:0000af00       ??4iterator@TryBlockMap4@FH4@@QEAAAEAV012@AEBV012@@Z 000000018000bf00 f i libvcruntime:risctrnsctrl.obj
 0001:0000af0c       ??9iterator@TryBlockMap4@FH4@@QEBA_NAEBV012@@Z 000000018000bf0c f i libvcruntime:risctrnsctrl.obj
 0001:0000af18       ??Diterator@TryBlockMap4@FH4@@QEAA?AUTryBlockMapEntry4@2@XZ 000000018000bf18 f i libvcruntime:risctrnsctrl.obj
 0001:0000af28       ??Eiterator@TryBlockMap4@FH4@@QEAAAEAV012@XZ 000000018000bf28 f i libvcruntime:risctrnsctrl.obj
 0001:0000afc4       ?CatchTryBlock@__FrameHandler3@@SAPEBU_s_TryBlockMapEntry@@PEBU_s_FuncInfo@@H@Z 000000018000bfc4 f   libvcruntime:risctrnsctrl.obj
 0001:0000b018       ?DecompFuncInfo@FH4@@YA_JPEAEAEAUFuncInfo4@1@_KH@Z 000000018000c018 f i libvcruntime:risctrnsctrl.obj
 0001:0000b02c       ?DecompFuncInfo@FH4@@YA_JPEAEAEAUFuncInfo4@1@_KH_N@Z 000000018000c02c f i libvcruntime:risctrnsctrl.obj
 0001:0000b150       ?DecompTryBlock@TryBlockMap4@FH4@@AEAAXXZ 000000018000c150 f i libvcruntime:risctrnsctrl.obj
 0001:0000b1e4       ?ExecutionInCatch@__FrameHandler3@@SA_NPEAU_xDISPATCHER_CONTEXT@@PEBU_s_FuncInfo@@@Z 000000018000c1e4 f   libvcruntime:risctrnsctrl.obj
 0001:0000b210       ?ExecutionInCatch@__FrameHandler4@@SA_NPEAU_xDISPATCHER_CONTEXT@@PEAUFuncInfo4@FH4@@@Z 000000018000c210 f   libvcruntime:risctrnsctrl.obj
 0001:0000b218       ?FrameUnwindToEmptyState@__FrameHandler3@@SAXPEA_KPEAU_xDISPATCHER_CONTEXT@@PEBU_s_FuncInfo@@@Z 000000018000c218 f   libvcruntime:risctrnsctrl.obj
 0001:0000b27c       ?FrameUnwindToEmptyState@__FrameHandler4@@SAXPEA_KPEAU_xDISPATCHER_CONTEXT@@PEAUFuncInfo4@FH4@@@Z 000000018000c27c f   libvcruntime:risctrnsctrl.obj
 0001:0000b2b0       ?GetEstablisherFrame@__FrameHandler3@@SAPEA_KPEA_KPEAU_xDISPATCHER_CONTEXT@@PEBU_s_FuncInfo@@0@Z 000000018000c2b0 f   libvcruntime:risctrnsctrl.obj
 0001:0000b37c       ?GetEstablisherFrame@__FrameHandler4@@SAPEA_KPEA_KPEAU_xDISPATCHER_CONTEXT@@PEAUFuncInfo4@FH4@@0@Z 000000018000c37c f   libvcruntime:risctrnsctrl.obj
 0001:0000b3a0       ?GetRangeOfTrysToCheck@__FrameHandler3@@SA?AU?$pair@Viterator@TryBlockMap@__FrameHandler3@@V123@@std@@AEAVTryBlockMap@1@HPEAU_xDISPATCHER_CONTEXT@@PEBU_s_FuncInfo@@H@Z 000000018000c3a0 f   libvcruntime:risctrnsctrl.obj
 0001:0000b4e0       ?GetRangeOfTrysToCheck@__FrameHandler4@@SA?AU?$pair@Viterator@TryBlockMap4@FH4@@V123@@std@@AEAVTryBlockMap4@FH4@@HPEAU_xDISPATCHER_CONTEXT@@PEAUFuncInfo4@5@H@Z 000000018000c4e0 f   libvcruntime:risctrnsctrl.obj
 0001:0000b648       ?ReadInt@FH4@@YAHPEAPEAE@Z 000000018000c648 f i libvcruntime:risctrnsctrl.obj
 0001:0000b658       ?ReadUnsigned@FH4@@YAIPEAPEAE@Z 000000018000c658 f i libvcruntime:risctrnsctrl.obj
 0001:0000b688       ?UnwindNestedFrames@__FrameHandler3@@SAXPEA_KPEAUEHExceptionRecord@@PEAU_CONTEXT@@0PEAXPEBU_s_FuncInfo@@HHPEBU_s_HandlerType@@PEAU_xDISPATCHER_CONTEXT@@E@Z 000000018000c688 f   libvcruntime:risctrnsctrl.obj
 0001:0000b78c       ?UnwindNestedFrames@__FrameHandler4@@SAXPEA_KPEAUEHExceptionRecord@@PEAU_CONTEXT@@0PEAXPEAUFuncInfo4@FH4@@HHPEAUHandlerType4@5@PEAU_xDISPATCHER_CONTEXT@@E@Z 000000018000c78c f   libvcruntime:risctrnsctrl.obj
 0001:0000b8ac       ?begin@TryBlockMap4@FH4@@QEAA?AViterator@12@XZ 000000018000c8ac f i libvcruntime:risctrnsctrl.obj
 0001:0000b8b8       ?end@TryBlockMap4@FH4@@QEAA?AViterator@12@XZ 000000018000c8b8 f i libvcruntime:risctrnsctrl.obj
 0001:0000b8c4       ?imageRelToByteBuffer@FH4@@YAPEAE_KH@Z 000000018000c8c4 f i libvcruntime:risctrnsctrl.obj
 0001:0000b8cc       ?incrementToSentinel@iterator@TryBlockMap4@FH4@@QEAAXXZ 000000018000c8cc f i libvcruntime:risctrnsctrl.obj
 0001:0000b8d0       ?setBuffer@TryBlockMap4@FH4@@QEAAXViterator@12@@Z 000000018000c8d0 f i libvcruntime:risctrnsctrl.obj
 0001:0000ba90       _CreateFrameInfo           000000018000ca90 f   libvcruntime:risctrnsctrl.obj
 0001:0000bacc       _FindAndUnlinkFrame        000000018000cacc f   libvcruntime:risctrnsctrl.obj
 0001:0000bb20       _GetImageBase              000000018000cb20 f   libvcruntime:risctrnsctrl.obj
 0001:0000bb34       _GetThrowImageBase         000000018000cb34 f   libvcruntime:risctrnsctrl.obj
 0001:0000bb48       _SetImageBase              000000018000cb48 f   libvcruntime:risctrnsctrl.obj
 0001:0000bb60       _SetThrowImageBase         000000018000cb60 f   libvcruntime:risctrnsctrl.obj
 0001:0000bb78       __CxxFrameHandler          000000018000cb78 f   libvcruntime:risctrnsctrl.obj
 0001:0000bb80       __CxxFrameHandler2         000000018000cb80 f   libvcruntime:risctrnsctrl.obj
 0001:0000bb88       __CxxFrameHandler3         000000018000cb88 f   libvcruntime:risctrnsctrl.obj
 0001:0000bc10       __CxxFrameHandler4         000000018000cc10 f   libvcruntime:risctrnsctrl.obj
 0001:0000bce0       memcpy_repmovs             000000018000cce0 f   libvcruntime:memcpy.obj
 0001:0000bd00       memmove                    000000018000cd00 f   libvcruntime:memcpy.obj
 0001:0000bd00       memcpy                     000000018000cd00 f   libvcruntime:memcpy.obj
 0001:0000c0d8       ??$__crt_interlocked_exchange_pointer@UHINSTANCE__@@PEAU1@@@YAPEAUHINSTANCE__@@PEDSEAU0@QEAU0@@Z 000000018000d0d8 f i libvcruntime:winapi_downlevel.obj
 0001:0000c0e0       ??$__crt_interlocked_exchange_pointer@UHINSTANCE__@@PEAX@@YAPEAUHINSTANCE__@@PEDSEAU0@QEAX@Z 000000018000d0e0 f i libvcruntime:winapi_downlevel.obj
 0001:0000c0e8       ??$__crt_interlocked_exchange_pointer@XPEAX@@YAPEAXPEDSEAXQEAX@Z 000000018000d0e8 f i libvcruntime:winapi_downlevel.obj
 0001:0000c0f0       ??$__crt_interlocked_read_pointer@UHINSTANCE__@@@@YAPEAUHINSTANCE__@@PEDSEAU0@@Z 000000018000d0f0 f i libvcruntime:winapi_downlevel.obj
 0001:0000c0f4       ??$__crt_interlocked_read_pointer@X@@YAPEAXPEDSEAX@Z 000000018000d0f4 f i libvcruntime:winapi_downlevel.obj
 0001:0000c628       __vcrt_FlsAlloc            000000018000d628 f   libvcruntime:winapi_downlevel.obj
 0001:0000c670       __vcrt_FlsFree             000000018000d670 f   libvcruntime:winapi_downlevel.obj
 0001:0000c6b8       __vcrt_FlsGetValue         000000018000d6b8 f   libvcruntime:winapi_downlevel.obj
 0001:0000c700       __vcrt_FlsSetValue         000000018000d700 f   libvcruntime:winapi_downlevel.obj
 0001:0000c754       __vcrt_InitializeCriticalSectionEx 000000018000d754 f   libvcruntime:winapi_downlevel.obj
 0001:0000c7b8       ?GetCurrentState@__FrameHandler3@@SAHPEA_KPEAU_xDISPATCHER_CONTEXT@@PEBU_s_FuncInfo@@@Z 000000018000d7b8 f   libvcruntime:ehstate.obj
 0001:0000c7e0       ?GetUnwindTryBlock@__FrameHandler3@@SAHPEA_KPEAU_xDISPATCHER_CONTEXT@@PEBU_s_FuncInfo@@@Z 000000018000d7e0 f   libvcruntime:ehstate.obj
 0001:0000c80c       ?SetState@__FrameHandler3@@SAXPEA_KPEBU_s_FuncInfo@@H@Z 000000018000d80c f   libvcruntime:ehstate.obj
 0001:0000c818       ?SetUnwindTryBlock@__FrameHandler3@@SAXPEA_KPEAU_xDISPATCHER_CONTEXT@@PEBU_s_FuncInfo@@H@Z 000000018000d818 f   libvcruntime:ehstate.obj
 0001:0000c854       ?StateFromControlPc@__FrameHandler3@@SAHPEBU_s_FuncInfo@@PEAU_xDISPATCHER_CONTEXT@@@Z 000000018000d854 f   libvcruntime:ehstate.obj
 0001:0000c85c       ?StateFromControlPc@__FrameHandler4@@SAHPEAUFuncInfo4@FH4@@PEAU_xDISPATCHER_CONTEXT@@@Z 000000018000d85c f   libvcruntime:ehstate.obj
 0001:0000c864       ?StateFromIp@__FrameHandler3@@SAHPEBU_s_FuncInfo@@PEAU_xDISPATCHER_CONTEXT@@_K@Z 000000018000d864 f   libvcruntime:ehstate.obj
 0001:0000c8cc       ?StateFromIp@__FrameHandler4@@SAHPEAUFuncInfo4@FH4@@PEAU_xDISPATCHER_CONTEXT@@_K@Z 000000018000d8cc f   libvcruntime:ehstate.obj
 0001:0000c9b4       ?__FuncRelToRealOffset@@YA_KPEAU_xDISPATCHER_CONTEXT@@I@Z 000000018000d9b4 f i libvcruntime:ehstate.obj
 0001:0000c9c4       ?__RVAtoRealOffset@@YA_KPEAU_xDISPATCHER_CONTEXT@@H@Z 000000018000d9c4 f i libvcruntime:ehstate.obj
 0001:0000e008       ??$TypeMatchHelper@V__FrameHandler3@@@@YAHPEBU_s_HandlerType@@PEBU_s_CatchableType@@PEBU_s_ThrowInfo@@@Z 000000018000f008 f i libvcruntime:frame.obj
 0001:0000e148       ??$TypeMatchHelper@V__FrameHandler4@@@@YAHPEAUHandlerType4@FH4@@PEBU_s_CatchableType@@PEBU_s_ThrowInfo@@@Z 000000018000f148 f i libvcruntime:frame.obj
 0001:0000e28c       ??$__InternalCxxFrameHandler@V__FrameHandler3@@@@YA?AW4_EXCEPTION_DISPOSITION@@PEAUEHExceptionRecord@@PEA_KPEAU_CONTEXT@@PEAU_xDISPATCHER_CONTEXT@@PEBU_s_FuncInfo@@H1E@Z 000000018000f28c f i libvcruntime:frame.obj
 0001:0000e4c4       ??$__InternalCxxFrameHandler@V__FrameHandler4@@@@YA?AW4_EXCEPTION_DISPOSITION@@PEAUEHExceptionRecord@@PEA_KPEAU_CONTEXT@@PEAU_xDISPATCHER_CONTEXT@@PEAUFuncInfo4@FH4@@H1E@Z 000000018000f4c4 f i libvcruntime:frame.obj
 0001:0000e758       ??0HandlerMap4@FH4@@QEAA@PEBUTryBlockMapEntry4@1@_KH@Z 000000018000f758 f i libvcruntime:frame.obj
 0001:0000e7d4       ??0HandlerMap@__FrameHandler3@@QEAA@PEBU_s_TryBlockMapEntry@@_KI@Z 000000018000f7d4 f i libvcruntime:frame.obj
 0001:0000e7e8       ??0HandlerType4@FH4@@QEAA@XZ 000000018000f7e8 f i libvcruntime:frame.obj
 0001:0000e800       ??0TryBlockMap4@FH4@@QEAA@PEBUFuncInfo4@1@_K@Z 000000018000f800 f i libvcruntime:frame.obj
 0001:0000e8d8       ??0TryBlockMap@__FrameHandler3@@QEAA@PEBU_s_FuncInfo@@_K@Z 000000018000f8d8 f i libvcruntime:frame.obj
 0001:0000e8e4       ??0UWMap4@FH4@@QEAA@PEBUFuncInfo4@1@_K@Z 000000018000f8e4 f i libvcruntime:frame.obj
 0001:0000e928       ??0bad_exception@std@@QEAA@AEBV01@@Z 000000018000f928 f i libvcruntime:frame.obj
 0001:0000e964       ??0bad_exception@std@@QEAA@XZ 000000018000f964 f i libvcruntime:frame.obj
 0001:0000e984       ??0exception@std@@QEAA@AEBV01@@Z 000000018000f984 f i libvcruntime:frame.obj
 0001:0000e9b8       ??0exception@std@@QEAA@QEBDH@Z 000000018000f9b8 f i libvcruntime:frame.obj
 0001:0000e9d0       ??0iterator@HandlerMap4@FH4@@QEAA@AEAV12@I@Z 000000018000f9d0 f i libvcruntime:frame.obj
 0001:0000e9dc       ??0iterator@HandlerMap@__FrameHandler3@@QEAA@AEAV12@I@Z 000000018000f9dc f i libvcruntime:frame.obj
 0001:0000e9e8       ??0iterator@UWMap4@FH4@@QEAA@AEAV12@PEAE@Z 000000018000f9e8 f i libvcruntime:frame.obj
 0001:0000e9f4       ??1bad_exception@std@@UEAA@XZ 000000018000f9f4 f i libvcruntime:frame.obj
 0001:0000ea08       ??1exception@std@@UEAA@XZ  000000018000fa08 f i libvcruntime:frame.obj
 0001:0000ea1c       ??4iterator@UWMap4@FH4@@QEAAAEAV012@AEBV012@@Z 000000018000fa1c f i libvcruntime:frame.obj
 0001:0000ea3c       ??8iterator@HandlerMap4@FH4@@QEBA_NAEBV012@@Z 000000018000fa3c f i libvcruntime:frame.obj
 0001:0000ea48       ??8iterator@HandlerMap@__FrameHandler3@@QEBA_NAEBV012@@Z 000000018000fa48 f i libvcruntime:frame.obj
 0001:0000ea54       ??8type_info@@QEBA_NAEBV0@@Z 000000018000fa54 f i libvcruntime:frame.obj
 0001:0000ea70       ??9iterator@HandlerMap4@FH4@@QEBA_NAEBV012@@Z 000000018000fa70 f i libvcruntime:frame.obj
 0001:0000ea7c       ??9iterator@HandlerMap@__FrameHandler3@@QEBA_NAEBV012@@Z 000000018000fa7c f i libvcruntime:frame.obj
 0001:0000ea88       ??Diterator@HandlerMap4@FH4@@QEAA?AUHandlerType4@2@XZ 000000018000fa88 f i libvcruntime:frame.obj
 0001:0000eaa8       ??Diterator@HandlerMap@__FrameHandler3@@QEAA?BU_s_HandlerType@@XZ 000000018000faa8 f i libvcruntime:frame.obj
 0001:0000eacc       ??Diterator@TryBlockMap@__FrameHandler3@@QEAA?BU_s_TryBlockMapEntry@@XZ 000000018000facc f i libvcruntime:frame.obj
 0001:0000eafc       ??Diterator@UWMap4@FH4@@QEAA?AUUnwindMapEntry4@2@XZ 000000018000fafc f i libvcruntime:frame.obj
 0001:0000eb50       ??Eiterator@HandlerMap4@FH4@@QEAAAEAV012@XZ 000000018000fb50 f i libvcruntime:frame.obj
 0001:0000eb70       ??Eiterator@HandlerMap@__FrameHandler3@@QEAAAEAV012@XZ 000000018000fb70 f i libvcruntime:frame.obj
 0001:0000eb78       ??Eiterator@TryBlockMap@__FrameHandler3@@QEAAAEAV012@XZ 000000018000fb78 f i libvcruntime:frame.obj
 0001:0000eb80       ??Eiterator@UWMap4@FH4@@QEAAAEAV012@XZ 000000018000fb80 f i libvcruntime:frame.obj
 0001:0000eba0       ??Giterator@UWMap4@FH4@@QEBA_JAEBV012@@Z 000000018000fba0 f i libvcruntime:frame.obj
 0001:0000ebac       ??Miterator@TryBlockMap4@FH4@@QEBA_NAEBV012@@Z 000000018000fbac f i libvcruntime:frame.obj
 0001:0000ebb8       ??Miterator@TryBlockMap@__FrameHandler3@@QEBA_NAEBV012@@Z 000000018000fbb8 f i libvcruntime:frame.obj
 0001:0000ebc4       ??Oiterator@UWMap4@FH4@@QEBA_NAEBV012@@Z 000000018000fbc4 f i libvcruntime:frame.obj
 0001:0000ebd0       ??Piterator@UWMap4@FH4@@QEBA_NAEBV012@@Z 000000018000fbd0 f i libvcruntime:frame.obj
 0001:0000ebdc       ??_Gbad_exception@std@@UEAAPEAXI@Z 000000018000fbdc f i libvcruntime:frame.obj
 0001:0000ebdc       ??_Ebad_exception@std@@UEAAPEAXI@Z 000000018000fbdc f i libvcruntime:frame.obj
 0001:0000ec20       ??_Gexception@std@@UEAAPEAXI@Z 000000018000fc20 f i libvcruntime:frame.obj
 0001:0000ec20       ??_Eexception@std@@UEAAPEAXI@Z 000000018000fc20 f i libvcruntime:frame.obj
 0001:0000ec64       ?BuildCatchObject@__FrameHandler3@@SAXPEAUEHExceptionRecord@@PEAXPEBU_s_HandlerType@@PEBU_s_CatchableType@@@Z 000000018000fc64 f   libvcruntime:frame.obj
 0001:0000ec6c       ?BuildCatchObject@__FrameHandler4@@SAXPEAUEHExceptionRecord@@PEAXPEAUHandlerType4@FH4@@PEBU_s_CatchableType@@@Z 000000018000fc6c f   libvcruntime:frame.obj
 0001:0000ec74       ?BuildCatchObjectHelper@__FrameHandler3@@SAHPEAUEHExceptionRecord@@PEAXPEBU_s_HandlerType@@PEBU_s_CatchableType@@@Z 000000018000fc74 f   libvcruntime:frame.obj
 0001:0000ec7c       ?BuildCatchObjectHelper@__FrameHandler4@@SAHPEAUEHExceptionRecord@@PEAXPEAUHandlerType4@FH4@@PEBU_s_CatchableType@@@Z 000000018000fc7c f   libvcruntime:frame.obj
 0001:0000ec84       ?CxxCallCatchBlock@__FrameHandler3@@SAPEAXPEAU_EXCEPTION_RECORD@@@Z 000000018000fc84 f   libvcruntime:frame.obj
 0001:0000ee70       ?CxxCallCatchBlock@__FrameHandler4@@SAPEAXPEAU_EXCEPTION_RECORD@@@Z 000000018000fe70 f   libvcruntime:frame.obj
 0001:0000f0c0       ?DecompHandler@HandlerMap4@FH4@@AEAAXXZ 00000001800100c0 f i libvcruntime:frame.obj
 0001:0000f300       ?FrameUnwindToState@__FrameHandler3@@SAXPEA_KPEAU_xDISPATCHER_CONTEXT@@PEBU_s_FuncInfo@@H@Z 0000000180010300 f   libvcruntime:frame.obj
 0001:0000f48c       ?FrameUnwindToState@__FrameHandler4@@SAXPEA_KPEAU_xDISPATCHER_CONTEXT@@PEAUFuncInfo4@FH4@@H@Z 000000018001048c f   libvcruntime:frame.obj
 0001:0000f774       ?GetHandlerSearchState@__FrameHandler3@@SAHPEA_KPEAU_xDISPATCHER_CONTEXT@@PEBU_s_FuncInfo@@@Z 0000000180010774 f i libvcruntime:frame.obj
 0001:0000f80c       ?GetHandlerSearchState@__FrameHandler4@@SAHPEA_KPEAU_xDISPATCHER_CONTEXT@@PEAUFuncInfo4@FH4@@@Z 000000018001080c f i libvcruntime:frame.obj
 0001:0000f870       ?GetMaxState@__FrameHandler3@@SAHPEAU_xDISPATCHER_CONTEXT@@PEBU_s_FuncInfo@@@Z 0000000180010870 f i libvcruntime:frame.obj
 0001:0000f874       ?GetMaxState@__FrameHandler4@@SAHPEAU_xDISPATCHER_CONTEXT@@PEAUFuncInfo4@FH4@@@Z 0000000180010874 f i libvcruntime:frame.obj
 0001:0000fa24       ?ReadEntry@UWMap4@FH4@@AEAAXPEAPEAE@Z 0000000180010a24 f i libvcruntime:frame.obj
 0001:0000fac4       ?TypeMatch@__FrameHandler3@@SAHPEBU_s_HandlerType@@PEBU_s_CatchableType@@PEBU_s_ThrowInfo@@@Z 0000000180010ac4 f   libvcruntime:frame.obj
 0001:0000facc       ?TypeMatch@__FrameHandler4@@SAHPEAUHandlerType4@FH4@@PEBU_s_CatchableType@@PEBU_s_ThrowInfo@@@Z 0000000180010acc f   libvcruntime:frame.obj
 0001:0000fad4       ?WalkBack@UWMap4@FH4@@AEAAXPEAPEAE@Z 0000000180010ad4 f i libvcruntime:frame.obj
 0001:0000fb0c       ?WalkBack@iterator@UWMap4@FH4@@QEAAXXZ 0000000180010b0c f i libvcruntime:frame.obj
 0001:0000fb4c       ?WalkForward@UWMap4@FH4@@AEAAXPEAPEAE@Z 0000000180010b4c f i libvcruntime:frame.obj
 0001:0000fb54       ?_CallMemberFunction1@@YAXQEAX00@Z 0000000180010b54 f i libvcruntime:frame.obj
 0001:0000fb60       ?_CallMemberFunction2@@YAXQEAX00H@Z 0000000180010b60 f i libvcruntime:frame.obj
 0001:0000fb84       ?begin@HandlerMap4@FH4@@QEAA?AViterator@12@XZ 0000000180010b84 f i libvcruntime:frame.obj
 0001:0000fb90       ?begin@HandlerMap@__FrameHandler3@@QEAA?AViterator@12@XZ 0000000180010b90 f i libvcruntime:frame.obj
 0001:0000fb9c       ?begin@UWMap4@FH4@@QEAA?AViterator@12@XZ 0000000180010b9c f i libvcruntime:frame.obj
 0001:0000fbac       ?end@HandlerMap4@FH4@@QEAA?AViterator@12@XZ 0000000180010bac f i libvcruntime:frame.obj
 0001:0000fbb8       ?end@HandlerMap@__FrameHandler3@@QEAA?AViterator@12@XZ 0000000180010bb8 f i libvcruntime:frame.obj
 0001:0000fbc4       ?getESTypes@__FrameHandler3@@SAPEBU_s_ESTypeList@@PEBU_s_FuncInfo@@@Z 0000000180010bc4 f i libvcruntime:frame.obj
 0001:0000fbec       ?getESTypes@__FrameHandler4@@SAPEBU_s_ESTypeList@@PEAUFuncInfo4@FH4@@@Z 0000000180010bec f i libvcruntime:frame.obj
 0001:0000fbf0       ?getLastEntry@HandlerMap4@FH4@@QEAAPEAUHandlerType4@2@XZ 0000000180010bf0 f i libvcruntime:frame.obj
 0001:0000fc40       ?getLastEntry@HandlerMap@__FrameHandler3@@QEAAPEBU_s_HandlerType@@XZ 0000000180010c40 f i libvcruntime:frame.obj
 0001:0000fc54       ?getMagicNum@__FrameHandler3@@SAIPEBU_s_FuncInfo@@@Z 0000000180010c54 f i libvcruntime:frame.obj
 0001:0000fc5c       ?getMagicNum@__FrameHandler4@@SAIPEAUFuncInfo4@FH4@@@Z 0000000180010c5c f i libvcruntime:frame.obj
 0001:0000fc64       ?getNumTryBlocks@TryBlockMap4@FH4@@QEAAIXZ 0000000180010c64 f i libvcruntime:frame.obj
 0001:0000fc68       ?getNumTryBlocks@TryBlockMap@__FrameHandler3@@QEAAIXZ 0000000180010c68 f i libvcruntime:frame.obj
 0001:0000fc70       ?getStartStop@UWMap4@FH4@@QEAAXHHAEAViterator@12@0@Z 0000000180010c70 f i libvcruntime:frame.obj
 0001:0000fd40       ?getStateFromIterators@UWMap4@FH4@@SAHAEBViterator@12@H0H0@Z 0000000180010d40 f i libvcruntime:frame.obj
 0001:0000fe08       ?isEHs@__FrameHandler3@@SA_NPEBU_s_FuncInfo@@@Z 0000000180010e08 f i libvcruntime:frame.obj
 0001:0000fe10       ?isEHs@__FrameHandler4@@SA_NPEAUFuncInfo4@FH4@@@Z 0000000180010e10 f i libvcruntime:frame.obj
 0001:0000fe18       ?isNoExcept@__FrameHandler3@@SA_NPEBU_s_FuncInfo@@@Z 0000000180010e18 f i libvcruntime:frame.obj
 0001:0000fe24       ?isNoExcept@__FrameHandler4@@SA_NPEAUFuncInfo4@FH4@@@Z 0000000180010e24 f i libvcruntime:frame.obj
 0001:0000fe2c       ?reset@HandlerType4@FH4@@QEAAXXZ 0000000180010e2c f i libvcruntime:frame.obj
 0001:0000fe40       ?resetBuffer@HandlerMap4@FH4@@QEAAXXZ 0000000180010e40 f i libvcruntime:frame.obj
 0001:0000fe50       ?setBuffer@HandlerMap4@FH4@@QEAAXI@Z 0000000180010e50 f i libvcruntime:frame.obj
 0001:0000fe8c       ?what@exception@std@@UEBAPEBDXZ 0000000180010e8c f i libvcruntime:frame.obj
 0001:0000fea0       __BuildCatchObject         0000000180010ea0 f   libvcruntime:frame.obj
 0001:0000fea8       __BuildCatchObjectHelper   0000000180010ea8 f   libvcruntime:frame.obj
 0001:0000feb0       __TypeMatch                0000000180010eb0 f   libvcruntime:frame.obj
 0001:0000feb8       __vcrt_EncodePointer       0000000180010eb8 f i libvcruntime:frame.obj
 0001:0000fed0       _CallSettingFrame          0000000180010ed0 f   libvcruntime:handlers.obj
 0001:0000ff20       _CallSettingFrame_LookupContinuationIndex 0000000180010f20 f   libvcruntime:handlers.obj
 0001:0000ff50       _CallSettingFrame_NotifyContinuationAddr 0000000180010f50 f   libvcruntime:handlers.obj
 0001:0000ff80       _CallSettingFrameEncoded   0000000180010f80 f   libvcruntime:handlers.obj
 0001:0000ffc8       ??$?RD@__crt_public_free_policy@@QEBAXQEBD@Z 0000000180010fc8 f i libvcruntime:std_exception.obj
 0001:0000ffd0       ??0?$__crt_unique_heap_ptr@DU__crt_public_free_policy@@@@QEAA@QEAD@Z 0000000180010fd0 f i libvcruntime:std_exception.obj
 0001:0000ffd8       ??1?$__crt_unique_heap_ptr@DU__crt_public_free_policy@@@@QEAA@XZ 0000000180010fd8 f i libvcruntime:std_exception.obj
 0001:0000fff4       ??B?$__crt_unique_heap_ptr@DU__crt_public_free_policy@@@@QEBA_NXZ 0000000180010ff4 f i libvcruntime:std_exception.obj
 0001:0000fffc       ?detach@?$__crt_unique_heap_ptr@DU__crt_public_free_policy@@@@QEAAPEADXZ 0000000180010ffc f i libvcruntime:std_exception.obj
 0001:00010004       ?get@?$__crt_unique_heap_ptr@DU__crt_public_free_policy@@@@QEBAPEADXZ 0000000180011004 f i libvcruntime:std_exception.obj
 0001:00010008       ?is_valid@?$__crt_unique_heap_ptr@DU__crt_public_free_policy@@@@QEBA_NXZ 0000000180011008 f i libvcruntime:std_exception.obj
 0001:00010010       ?release@?$__crt_unique_heap_ptr@DU__crt_public_free_policy@@@@QEAAXXZ 0000000180011010 f i libvcruntime:std_exception.obj
 0001:0001002c       __std_exception_copy       000000018001102c f   libvcruntime:std_exception.obj
 0001:000100bc       __std_exception_destroy    00000001800110bc f   libvcruntime:std_exception.obj
 0001:000100e4       _CxxThrowException         00000001800110e4 f   libvcruntime:throw.obj
 0001:00010184       _initterm                  0000000180011184 f   libucrt:initterm.obj
 0001:000101e8       _initterm_e                00000001800111e8 f   libucrt:initterm.obj
 0001:00010248       _seh_filter_dll            0000000180011248 f   libucrt:exception_filter.obj
 0001:0001025c       _seh_filter_exe            000000018001125c f   libucrt:exception_filter.obj
 0001:000103e0       ??$?B$$A6AXPEAXK0@Z@__crt_fast_encoded_nullptr_t@@QEBAP6AXPEAXK0@ZXZ 00000001800113e0 f i libucrt:exit.obj
 0001:00010448       ??$__crt_fast_decode_pointer@P6AXPEAXK0@Z@@YAP6AXPEAXK0@ZQ6AX0K0@Z@Z 0000000180011448 f i libucrt:exit.obj
 0001:00010460       ??$__crt_fast_encode_pointer@P6AXPEAXK0@Z@@YAP6AXPEAXK0@ZQ6AX0K0@Z@Z 0000000180011460 f i libucrt:exit.obj
 0001:00010480       ??$__crt_get_proc_address@P6AXI@Z@@YAP6AXI@ZQEAUHINSTANCE__@@QEBD@Z 0000000180011480 f i libucrt:exit.obj
 0001:00010488       ??$__crt_interlocked_read@J@@YAJPEDJ@Z 0000000180011488 f i libucrt:exit.obj
 0001:000104ac       ??0?$__crt_unique_handle_t@U__crt_hmodule_traits@@@@QEAA@QEAUHINSTANCE__@@@Z 00000001800114ac f i libucrt:exit.obj
 0001:000104b4       ??1?$__crt_unique_handle_t@U__crt_hmodule_traits@@@@QEAA@XZ 00000001800114b4 f i libucrt:exit.obj
 0001:000105ac       ?__acrt_select_exit_lock@@YA?AW4__acrt_lock_id@@XZ 00000001800115ac f i libucrt:exit.obj
 0001:000105b4       ?__crt_fast_encode_pointer@@YA?AU__crt_fast_encoded_nullptr_t@@$$T@Z 00000001800115b4 f i libucrt:exit.obj
 0001:000105bc       ?__crt_interlocked_read_32@@YAHPEDH@Z 00000001800115bc f i libucrt:exit.obj
 0001:000105c0       ?__crt_rotate_pointer_value@@YA_K_KH@Z 00000001800115c0 f i libucrt:exit.obj
 0001:000105d8       ?close@?$__crt_unique_handle_t@U__crt_hmodule_traits@@@@QEAAXXZ 00000001800115d8 f i libucrt:exit.obj
 0001:000105fc       ?close@__crt_hmodule_traits@@SA_NPEAUHINSTANCE__@@@Z 00000001800115fc f i libucrt:exit.obj
 0001:00010718       ?get@?$__crt_unique_handle_t@U__crt_hmodule_traits@@@@QEBAPEAUHINSTANCE__@@XZ 0000000180011718 f i libucrt:exit.obj
 0001:0001071c       ?get_address_of@?$__crt_unique_handle_t@U__crt_hmodule_traits@@@@QEAAPEAPEAUHINSTANCE__@@XZ 000000018001171c f i libucrt:exit.obj
 0001:00010720       ?get_invalid_value@__crt_hmodule_traits@@SAPEAUHINSTANCE__@@XZ 0000000180011720 f i libucrt:exit.obj
 0001:00010804       _Exit                      0000000180011804 f   libucrt:exit.obj
 0001:00010810       __acrt_initialize_thread_local_exit_callback 0000000180011810 f   libucrt:exit.obj
 0001:00010818       _c_exit                    0000000180011818 f   libucrt:exit.obj
 0001:00010828       _cexit                     0000000180011828 f   libucrt:exit.obj
 0001:00010838       _exit                      0000000180011838 f   libucrt:exit.obj
 0001:00010844       _is_c_termination_complete 0000000180011844 f   libucrt:exit.obj
 0001:0001084c       _register_thread_local_exe_atexit_callback 000000018001184c f   libucrt:exit.obj
 0001:00010888       exit                       0000000180011888 f   libucrt:exit.obj
 0001:00010894       quick_exit                 0000000180011894 f   libucrt:exit.obj
 0001:000108a0       ??$?RE@__crt_internal_free_policy@@QEBAXQEBE@Z 00000001800118a0 f i libucrt:argv_parsing.obj
 0001:000108a8       ??$?RPEAD@__crt_internal_free_policy@@QEBAXQEBQEAD@Z 00000001800118a8 f i libucrt:argv_parsing.obj
 0001:000108b0       ??$?RPEA_W@__crt_internal_free_policy@@QEBAXQEBQEA_W@Z 00000001800118b0 f i libucrt:argv_parsing.obj
 0001:00010ba4       ??$get_module_file_name@$$TAEAY0BAF@DH@?$__crt_char_traits@D@@SAK$$QEA$$TAEAY0BAF@D$$QEAH@Z 0000000180011ba4 f i libucrt:argv_parsing.obj
 0001:00010bb0       ??$get_module_file_name@$$TAEAY0BAF@_WH@?$__crt_char_traits@_W@@SAK$$QEA$$TAEAY0BAF@_W$$QEAH@Z 0000000180011bb0 f i libucrt:argv_parsing.obj
 0001:00010f28       ??$set_program_name@PEAD@?$__crt_char_traits@D@@SAX$$QEAPEAD@Z 0000000180011f28 f i libucrt:argv_parsing.obj
 0001:00010f34       ??$set_program_name@PEA_W@?$__crt_char_traits@_W@@SAX$$QEAPEA_W@Z 0000000180011f34 f i libucrt:argv_parsing.obj
 0001:00010f50       ??0?$__crt_unique_heap_ptr@EU__crt_internal_free_policy@@@@QEAA@QEAE@Z 0000000180011f50 f i libucrt:argv_parsing.obj
 0001:00010f58       ??0?$__crt_unique_heap_ptr@PEADU__crt_internal_free_policy@@@@QEAA@QEAPEAD@Z 0000000180011f58 f i libucrt:argv_parsing.obj
 0001:00010f60       ??0?$__crt_unique_heap_ptr@PEA_WU__crt_internal_free_policy@@@@QEAA@QEAPEA_W@Z 0000000180011f60 f i libucrt:argv_parsing.obj
 0001:00010f68       ??1?$__crt_unique_heap_ptr@EU__crt_internal_free_policy@@@@QEAA@XZ 0000000180011f68 f i libucrt:argv_parsing.obj
 0001:00010f84       ??1?$__crt_unique_heap_ptr@PEADU__crt_internal_free_policy@@@@QEAA@XZ 0000000180011f84 f i libucrt:argv_parsing.obj
 0001:00010fa0       ??1?$__crt_unique_heap_ptr@PEA_WU__crt_internal_free_policy@@@@QEAA@XZ 0000000180011fa0 f i libucrt:argv_parsing.obj
 0001:00010fbc       ??B?$__crt_unique_heap_ptr@EU__crt_internal_free_policy@@@@QEBA_NXZ 0000000180011fbc f i libucrt:argv_parsing.obj
 0001:00010ffc       ?detach@?$__crt_unique_heap_ptr@EU__crt_internal_free_policy@@@@QEAAPEAEXZ 0000000180011ffc f i libucrt:argv_parsing.obj
 0001:00011004       ?detach@?$__crt_unique_heap_ptr@PEADU__crt_internal_free_policy@@@@QEAAPEAPEADXZ 0000000180012004 f i libucrt:argv_parsing.obj
 0001:0001100c       ?detach@?$__crt_unique_heap_ptr@PEA_WU__crt_internal_free_policy@@@@QEAAPEAPEA_WXZ 000000018001200c f i libucrt:argv_parsing.obj
 0001:00011030       ?get@?$__crt_unique_heap_ptr@EU__crt_internal_free_policy@@@@QEBAPEAEXZ 0000000180012030 f i libucrt:argv_parsing.obj
 0001:00011034       ?get@?$__crt_unique_heap_ptr@PEADU__crt_internal_free_policy@@@@QEBAPEAPEADXZ 0000000180012034 f i libucrt:argv_parsing.obj
 0001:00011038       ?get@?$__crt_unique_heap_ptr@PEA_WU__crt_internal_free_policy@@@@QEBAPEAPEA_WXZ 0000000180012038 f i libucrt:argv_parsing.obj
 0001:0001103c       ?get_address_of@?$__crt_unique_heap_ptr@PEADU__crt_internal_free_policy@@@@QEAAPEAPEAPEADXZ 000000018001203c f i libucrt:argv_parsing.obj
 0001:00011040       ?get_address_of@?$__crt_unique_heap_ptr@PEA_WU__crt_internal_free_policy@@@@QEAAPEAPEAPEA_WXZ 0000000180012040 f i libucrt:argv_parsing.obj
 0001:00011064       ?is_valid@?$__crt_unique_heap_ptr@EU__crt_internal_free_policy@@@@QEBA_NXZ 0000000180012064 f i libucrt:argv_parsing.obj
 0001:0001106c       ?release@?$__crt_unique_heap_ptr@EU__crt_internal_free_policy@@@@QEAAXXZ 000000018001206c f i libucrt:argv_parsing.obj
 0001:00011088       ?release@?$__crt_unique_heap_ptr@PEADU__crt_internal_free_policy@@@@QEAAXXZ 0000000180012088 f i libucrt:argv_parsing.obj
 0001:000110a4       ?release@?$__crt_unique_heap_ptr@PEA_WU__crt_internal_free_policy@@@@QEAAXXZ 00000001800120a4 f i libucrt:argv_parsing.obj
 0001:000110dc       __acrt_allocate_buffer_for_argv 00000001800120dc f   libucrt:argv_parsing.obj
 0001:0001113c       _configure_narrow_argv     000000018001213c f   libucrt:argv_parsing.obj
 0001:000112c4       _configure_wide_argv       00000001800122c4 f   libucrt:argv_parsing.obj
 0001:00011448       _set_pgmptr                0000000180012448 f i libucrt:argv_parsing.obj
 0001:00011450       _set_wpgmptr               0000000180012450 f i libucrt:argv_parsing.obj
 0001:00011458       ??$?R_W@__crt_internal_free_policy@@QEBAXQEB_W@Z 0000000180012458 f i libucrt:environment_initialization.obj
 0001:00011960       ??$get_environment_from_os@$$V@?$__crt_char_traits@D@@SAPEADXZ 0000000180012960 f i libucrt:environment_initialization.obj
 0001:00011968       ??$get_environment_from_os@$$V@?$__crt_char_traits@_W@@SAPEA_WXZ 0000000180012968 f i libucrt:environment_initialization.obj
 0001:00011af8       ??$set_variable_in_environment_nolock@PEADH@?$__crt_char_traits@D@@SAH$$QEAPEAD$$QEAH@Z 0000000180012af8 f i libucrt:environment_initialization.obj
 0001:00011b04       ??$set_variable_in_environment_nolock@PEA_WH@?$__crt_char_traits@_W@@SAH$$QEAPEA_W$$QEAH@Z 0000000180012b04 f i libucrt:environment_initialization.obj
 0001:00011b10       ??$tcscpy_s@PEADAEB_KAEAPEAD@?$__crt_char_traits@D@@SAH$$QEAPEADAEB_KAEAPEAD@Z 0000000180012b10 f i libucrt:environment_initialization.obj
 0001:00011b20       ??$tcscpy_s@PEA_WAEB_KAEAPEA_W@?$__crt_char_traits@_W@@SAH$$QEAPEA_WAEB_KAEAPEA_W@Z 0000000180012b20 f i libucrt:environment_initialization.obj
 0001:00011b30       ??$tcslen@AEAPEAD@?$__crt_char_traits@D@@SA_KAEAPEAD@Z 0000000180012b30 f i libucrt:environment_initialization.obj
 0001:00011b44       ??$tcslen@AEAPEA_W@?$__crt_char_traits@_W@@SA_KAEAPEA_W@Z 0000000180012b44 f i libucrt:environment_initialization.obj
 0001:00011b58       ??$uninitialize@A6AXAEAPEAPEAD@Z@?$dual_state_global@PEAPEAD@__crt_state_management@@QEAAXA6AXAEAPEAPEAD@Z@Z 0000000180012b58 f i libucrt:environment_initialization.obj
 0001:00011b9c       ??$uninitialize@A6AXAEAPEAPEA_W@Z@?$dual_state_global@PEAPEA_W@__crt_state_management@@QEAAXA6AXAEAPEAPEA_W@Z@Z 0000000180012b9c f i libucrt:environment_initialization.obj
 0001:00011c18       ??0?$__crt_unique_heap_ptr@_WU__crt_internal_free_policy@@@@QEAA@QEA_W@Z 0000000180012c18 f i libucrt:environment_initialization.obj
 0001:00011c20       ??1?$__crt_unique_heap_ptr@_WU__crt_internal_free_policy@@@@QEAA@XZ 0000000180012c20 f i libucrt:environment_initialization.obj
 0001:00011c3c       ??B?$__crt_unique_heap_ptr@PEADU__crt_internal_free_policy@@@@QEBA_NXZ 0000000180012c3c f i libucrt:environment_initialization.obj
 0001:00011c44       ??B?$__crt_unique_heap_ptr@PEA_WU__crt_internal_free_policy@@@@QEBA_NXZ 0000000180012c44 f i libucrt:environment_initialization.obj
 0001:00011c4c       ??B?$__crt_unique_heap_ptr@_WU__crt_internal_free_policy@@@@QEBA_NXZ 0000000180012c4c f i libucrt:environment_initialization.obj
 0001:00011c54       ?__crt_compute_required_transform_buffer_count@@YA_KIQEBD@Z 0000000180012c54 f i libucrt:environment_initialization.obj
 0001:00011c78       ?__crt_compute_required_transform_buffer_count@@YA_KIQEB_W@Z 0000000180012c78 f i libucrt:environment_initialization.obj
 0001:00011ca8       ?__crt_transform_string@@YA_KIQEBDQEA_W_K@Z 0000000180012ca8 f i libucrt:environment_initialization.obj
 0001:00011ccc       ?__crt_transform_string@@YA_KIQEB_WQEAD_K@Z 0000000180012ccc f i libucrt:environment_initialization.obj
 0001:00011cfc       ?detach@?$__crt_unique_heap_ptr@DU__crt_internal_free_policy@@@@QEAAPEADXZ 0000000180012cfc f i libucrt:environment_initialization.obj
 0001:00011d04       ?detach@?$__crt_unique_heap_ptr@_WU__crt_internal_free_policy@@@@QEAAPEA_WXZ 0000000180012d04 f i libucrt:environment_initialization.obj
 0001:00011d0c       ?get@?$__crt_unique_heap_ptr@_WU__crt_internal_free_policy@@@@QEBAPEA_WXZ 0000000180012d0c f i libucrt:environment_initialization.obj
 0001:00011d10       ?get_current_state_index@__crt_state_management@@YA_KXZ 0000000180012d10 f i libucrt:environment_initialization.obj
 0001:00011d44       ?initialize@?$dual_state_global@PEAPEAD@__crt_state_management@@QEAAXQEAPEAD@Z 0000000180012d44 f i libucrt:environment_initialization.obj
 0001:00011d6c       ?initialize@?$dual_state_global@PEAPEA_W@__crt_state_management@@QEAAXQEAPEA_W@Z 0000000180012d6c f i libucrt:environment_initialization.obj
 0001:00011d94       ?is_valid@?$__crt_unique_heap_ptr@PEADU__crt_internal_free_policy@@@@QEBA_NXZ 0000000180012d94 f i libucrt:environment_initialization.obj
 0001:00011d9c       ?is_valid@?$__crt_unique_heap_ptr@PEA_WU__crt_internal_free_policy@@@@QEBA_NXZ 0000000180012d9c f i libucrt:environment_initialization.obj
 0001:00011da4       ?is_valid@?$__crt_unique_heap_ptr@_WU__crt_internal_free_policy@@@@QEBA_NXZ 0000000180012da4 f i libucrt:environment_initialization.obj
 0001:00011db8       ?release@?$__crt_unique_heap_ptr@_WU__crt_internal_free_policy@@@@QEAAXXZ 0000000180012db8 f i libucrt:environment_initialization.obj
 0001:00011dd4       ?value@?$dual_state_global@PEAPEAD@__crt_state_management@@QEAAAEAPEAPEADXZ 0000000180012dd4 f i libucrt:environment_initialization.obj
 0001:00011dd8       ?value@?$dual_state_global@PEAPEA_W@__crt_state_management@@QEAAAEAPEAPEA_WXZ 0000000180012dd8 f i libucrt:environment_initialization.obj
 0001:00011ddc       __dcrt_get_or_create_narrow_environment_nolock 0000000180012ddc f   libucrt:environment_initialization.obj
 0001:00011e18       __dcrt_get_or_create_wide_environment_nolock 0000000180012e18 f   libucrt:environment_initialization.obj
 0001:00011e54       __dcrt_uninitialize_environments_nolock 0000000180012e54 f   libucrt:environment_initialization.obj
 0001:00011e8c       __p__environ               0000000180012e8c f   libucrt:environment_initialization.obj
 0001:00011e94       __p__wenviron              0000000180012e94 f   libucrt:environment_initialization.obj
 0001:00011e9c       _get_initial_narrow_environment 0000000180012e9c f   libucrt:environment_initialization.obj
 0001:00011eec       _get_initial_wide_environment 0000000180012eec f   libucrt:environment_initialization.obj
 0001:00011f3c       _initialize_narrow_environment 0000000180012f3c f   libucrt:environment_initialization.obj
 0001:00011f44       _initialize_wide_environment 0000000180012f44 f   libucrt:environment_initialization.obj
 0001:00011f4c       _invoke_watson_if_error    0000000180012f4c f i libucrt:environment_initialization.obj
 0001:00011f80       ??$?B$$A6AXXZ@__crt_fast_encoded_nullptr_t@@QEBAP6AXXZXZ 0000000180012f80 f i libucrt:onexit.obj
 0001:00011f88       ??$?BP6AXXZ@__crt_fast_encoded_nullptr_t@@QEBAPEAP6AXXZXZ 0000000180012f88 f i libucrt:onexit.obj
 0001:00011f90       ??$?RP6AXXZ@__crt_internal_free_policy@@QEBAXQEBQ6AXXZ@Z 0000000180012f90 f i libucrt:onexit.obj
 0001:00012060       ??$__crt_fast_decode_pointer@P6AXXZ@@YAP6AXXZQ6AXXZ@Z 0000000180013060 f i libucrt:onexit.obj
 0001:00012078       ??$__crt_fast_decode_pointer@PEAP6AXXZ@@YAPEAP6AXXZQEAP6AXXZ@Z 0000000180013078 f i libucrt:onexit.obj
 0001:00012090       ??$__crt_fast_encode_pointer@P6AHXZ@@YAP6AHXZQ6AHXZ@Z 0000000180013090 f i libucrt:onexit.obj
 0001:000120b0       ??$__crt_fast_encode_pointer@P6AXXZ@@YAP6AXXZQ6AXXZ@Z 00000001800130b0 f i libucrt:onexit.obj
 0001:000120d0       ??$__crt_fast_encode_pointer@PEAP6AXXZ@@YAPEAP6AXXZQEAP6AXXZ@Z 00000001800130d0 f i libucrt:onexit.obj
 0001:00012124       ??0?$__crt_unique_heap_ptr@P6AXXZU__crt_internal_free_policy@@@@QEAA@QEAP6AXXZ@Z 0000000180013124 f i libucrt:onexit.obj
 0001:0001212c       ??1?$__crt_unique_heap_ptr@P6AXXZU__crt_internal_free_policy@@@@QEAA@XZ 000000018001312c f i libucrt:onexit.obj
 0001:00012148       ??1scoped_global_state_reset@__crt_state_management@@QEAA@XZ 0000000180013148 f i libucrt:onexit.obj
 0001:00012434       ?detach@?$__crt_unique_heap_ptr@P6AXXZU__crt_internal_free_policy@@@@QEAAPEAP6AXXZXZ 0000000180013434 f i libucrt:onexit.obj
 0001:0001243c       ?release@?$__crt_unique_heap_ptr@P6AXXZU__crt_internal_free_policy@@@@QEAAXXZ 000000018001343c f i libucrt:onexit.obj
 0001:00012458       _crt_at_quick_exit         0000000180013458 f   libucrt:onexit.obj
[...]
 0002:0000fba4       $unwind$_read              000000018005eba4     libucrt:read.obj
 0002:0000fbd4       $unwind$_read$fin$0        000000018005ebd4     libucrt:read.obj
 0002:0000fbdc       $unwind$_read_nolock       000000018005ebdc     libucrt:read.obj
 0002:0000fbf4       $unwind$?translate_utf16_from_console_nolock@@YAHHQEA_W_K@Z 000000018005ebf4     libucrt:read.obj
 0002:0000fbfc       $unwind$?translate_ansi_or_utf8_nolock@@YAHHQEAD_KQEA_W1@Z 000000018005ebfc     libucrt:read.obj
 0002:0000fc18       $unwind$??$translate_text_mode_nolock@D@@YAHHQEAD_K@Z 000000018005ec18     libucrt:read.obj
 0002:0000fc30       $unwind$??$translate_text_mode_nolock@_W@@YAHHQEA_W_K@Z 000000018005ec30     libucrt:read.obj
 0002:0000fc48       $unwind$fclose             000000018005ec48     libucrt:fclose.obj
 0002:0000fc6c       $unwind$fclose$fin$0       000000018005ec6c     libucrt:fclose.obj
 0002:0000fc74       $unwind$_fclose_nolock     000000018005ec74     libucrt:fclose.obj
 0002:0000fc80       $unwind$?__mbrtoc32_utf8@__crt_mbstring@@YA_KPEA_UPEBD_KPEAU_Mbstatet@@@Z 000000018005ec80     libucrt:mbrtoc32.obj
 0002:0000fc9c       $unwind$__acrt_GetLocaleInfoA 000000018005ec9c     libucrt:getlocaleinfoa.obj
 0002:0000fcbc       $unwind$?InternalGetLocaleInfoA@@YAHQEAU__crt_locale_pointers@@QEB_WKQEADH@Z 000000018005ecbc     libucrt:getlocaleinfoa.obj
 0002:0000fce4       $unwind$fegetenv           000000018005ece4     libucrt:fegetenv.obj
 0002:0000fcec       $unwind$fesetenv           000000018005ecec     libucrt:fesetenv.obj
 0002:0000fcf4       $unwind$feholdexcept       000000018005ecf4     libucrt:feholdexcept.obj
 0002:0000fd00       $xdatasym                  000000018005ed00     libucrt:log10.obj
 0002:0000fd0c       $unwind$__acrt_stdio_allocate_buffer_nolock 000000018005ed0c     libucrt:_getbuf.obj
 0002:0000fd18       $unwind$_itow_s            000000018005ed18     libucrt:xtoa.obj
 0002:0000fd20       $unwind$_itow              000000018005ed20     libucrt:xtoa.obj
 0002:0000fd28       $unwind$_ltow_s            000000018005ed28     libucrt:xtoa.obj
 0002:0000fd30       $unwind$_ltow              000000018005ed30     libucrt:xtoa.obj
 0002:0000fd38       $unwind$_ultow_s           000000018005ed38     libucrt:xtoa.obj
 0002:0000fd40       $unwind$_ultow             000000018005ed40     libucrt:xtoa.obj
 0002:0000fd48       $unwind$_i64tow_s          000000018005ed48     libucrt:xtoa.obj
 0002:0000fd50       $unwind$_i64tow            000000018005ed50     libucrt:xtoa.obj
 0002:0000fd58       $unwind$_ui64tow_s         000000018005ed58     libucrt:xtoa.obj
 0002:0000fd60       $unwind$_ui64tow           000000018005ed60     libucrt:xtoa.obj
 0002:0000fd68       $unwind$_itoa_s            000000018005ed68     libucrt:xtoa.obj
 0002:0000fd70       $unwind$_itoa              000000018005ed70     libucrt:xtoa.obj
 0002:0000fd78       $unwind$_ltoa_s            000000018005ed78     libucrt:xtoa.obj
 0002:0000fd80       $unwind$_ltoa              000000018005ed80     libucrt:xtoa.obj
 0002:0000fd88       $unwind$_ultoa_s           000000018005ed88     libucrt:xtoa.obj
 0002:0000fd90       $unwind$_ultoa             000000018005ed90     libucrt:xtoa.obj
 0002:0000fd98       $unwind$_i64toa_s          000000018005ed98     libucrt:xtoa.obj
 0002:0000fda0       $unwind$_i64toa            000000018005eda0     libucrt:xtoa.obj
 0002:0000fda8       $unwind$_ui64toa_s         000000018005eda8     libucrt:xtoa.obj
 0002:0000fdb0       $unwind$_ui64toa           000000018005edb0     libucrt:xtoa.obj
 0002:0000fdb8       $unwind$??$common_xtox_s@KD@@YAHKQEAD_KI_N@Z 000000018005edb8     libucrt:xtoa.obj
 0002:0000fdc0       $unwind$??$common_xtox@KD@@YAHKQEAD_KI_N@Z 000000018005edc0     libucrt:xtoa.obj
 0002:0000fdd8       $unwind$??$common_xtox_s@_KD@@YAH_KQEAD0I_N@Z 000000018005edd8     libucrt:xtoa.obj
 0002:0000fde0       $unwind$??$common_xtox@_KD@@YAH_KQEAD0I_N@Z 000000018005ede0     libucrt:xtoa.obj
 0002:0000fdf8       $unwind$??$common_xtox_s@K_W@@YAHKQEA_W_KI_N@Z 000000018005edf8     libucrt:xtoa.obj
 0002:0000fe00       $unwind$??$common_xtox@K_W@@YAHKQEA_W_KI_N@Z 000000018005ee00     libucrt:xtoa.obj
 0002:0000fe18       $unwind$??$common_xtox_s@_K_W@@YAH_KQEA_W0I_N@Z 000000018005ee18     libucrt:xtoa.obj
 0002:0000fe20       $unwind$??$common_xtox@_K_W@@YAH_KQEA_W0I_N@Z 000000018005ee20     libucrt:xtoa.obj
 0002:0000fe38       $unwind$_wcsicmp           000000018005ee38     libucrt:wcsicmp.obj
 0002:0000fe40       $unwind$_wcsicmp_l         000000018005ee40     libucrt:wcsicmp.obj
 0002:0000fe58       $unwind$_towlower_l        000000018005ee58     libucrt:towlower.obj
 0002:0000fe60       $unwind$_set_error_mode    000000018005ee60     libucrt:set_error_mode.obj
 0002:0000fe68       $unwind$__acrt_show_narrow_message_box 000000018005ee68     libucrt:crtmbox.obj
 0002:0000fe7c       $unwind$__acrt_show_wide_message_box 000000018005ee7c     libucrt:crtmbox.obj
 0002:0000fe90       $unwind$??$common_show_message_box@D@@YAHQEBD0I@Z 000000018005ee90     libucrt:crtmbox.obj
 0002:0000fea4       $unwind$??$common_show_message_box@_W@@YAHQEB_W0I@Z 000000018005eea4     libucrt:crtmbox.obj
 0002:0000feb8       $unwind$__dcrt_lowio_ensure_console_output_initialized 000000018005eeb8     libucrt:initcon.obj
 0002:0000fec0       $unwind$__dcrt_write_console 000000018005eec0     libucrt:initcon.obj
 0002:0000fed4       $unwind$?__dcrt_lowio_initialize_console_output@@YAXXZ 000000018005eed4     libucrt:initcon.obj
 0002:0000fedc       $unwind$__dcrt_terminate_console_output 000000018005eedc     libucrt:initcon.obj
 0002:0000fee4       $unwind$??R<lambda_61c1b8a38cedca4df5fdc542e6ccae6d>@@QEBAHXZ 000000018005eee4     libucrt:initcon.obj
 0002:0000feec       $unwind$??$console_output_reopen_and_retry@V<lambda_61c1b8a38cedca4df5fdc542e6ccae6d>@@@@YAHAEBV<lambda_61c1b8a38cedca4df5fdc542e6ccae6d>@@@Z 000000018005eeec     libucrt:initcon.obj
 0002:0000fef8       $unwind$_close             000000018005eef8     libucrt:close.obj
 0002:0000ff00       $unwind$_close_nolock      000000018005ef00     libucrt:close.obj
 0002:0000ff0c       $unwind$?close_os_handle_nolock@@YAKH@Z 000000018005ef0c     libucrt:close.obj
 0002:0000ff18       $unwind$??R<lambda_628dfdc04ba53c8bfc02c9951375f3f5>@@QEBAHXZ 000000018005ef18     libucrt:close.obj
 0002:0000ff20       $unwind$??$__acrt_lowio_lock_fh_and_call@V<lambda_628dfdc04ba53c8bfc02c9951375f3f5>@@@@YAHH$$QEAV<lambda_628dfdc04ba53c8bfc02c9951375f3f5>@@@Z 000000018005ef20     libucrt:close.obj
 0002:0000ff28       $unwind$??$?RV<lambda_751a882b2c74d4b022dec766aa51a29a>@@AEAV<lambda_628dfdc04ba53c8bfc02c9951375f3f5>@@V<lambda_f6c7be5f7998530c34de24c7437d6b54>@@@?$__crt_seh_guarded_call@H@@QEAAH$$QEAV<lambda_751a882b2c74d4b022dec766aa51a29a>@@AEAV<lambda_628dfdc04ba53c8bfc02c9951375f3f5>@@$$QEAV<lambda_f6c7be5f7998530c34de24c7437d6b54>@@@Z 000000018005ef28     libucrt:close.obj
 0002:0000ff4c       $unwind$?fin$0@?0???$?RV<lambda_751a882b2c74d4b022dec766aa51a29a>@@AEAV<lambda_628dfdc04ba53c8bfc02c9951375f3f5>@@V<lambda_f6c7be5f7998530c34de24c7437d6b54>@@@?$__crt_seh_guarded_call@H@@QEAAH$$QEAV<lambda_751a882b2c74d4b022dec766aa51a29a>@@AEAV<lambda_628dfdc04ba53c8bfc02c9951375f3f5>@@$$QEAV<lambda_f6c7be5f7998530c34de24c7437d6b54>@@@Z@4HA 000000018005ef4c     libucrt:close.obj
 0002:0000ff54       $unwind$?__acrt_stdio_allocate_stream@@YA?AV__crt_stdio_stream@@XZ 000000018005ef54     libucrt:stream.obj
 0002:0000ff74       $unwind$?fin$0@?0??__acrt_stdio_allocate_stream@@YA?AV__crt_stdio_stream@@XZ@4HA 000000018005ef74     libucrt:stream.obj
 0002:0000ff7c       $unwind$?find_or_allocate_unused_stream_nolock@@YA?AV__crt_stdio_stream@@XZ 000000018005ef7c     libucrt:stream.obj
 0002:0000ff90       $unwind$??1?$__crt_unique_heap_ptr@U__crt_stdio_stream_data@@U__crt_internal_free_policy@@@@QEAA@XZ 000000018005ef90     libucrt:stream.obj
 0002:0000ff98       $unwind$?release@?$__crt_unique_heap_ptr@U__crt_stdio_stream_data@@U__crt_internal_free_policy@@@@QEAAXXZ 000000018005ef98     libucrt:stream.obj
 0002:0000ffa0       $unwind$__acrt_fenv_set_control 000000018005efa0     libucrt:_fenvutils.obj
 0002:0000ffb0       $unwind$?to_machine_sse_control@@YA?AW4__acrt_fenv_machine_sse_control@@W4__acrt_fenv_abstract_control@@@Z 000000018005efb0     libucrt:_fenvutils.obj
 0002:0000ffc0       $unwind$_clearfp           000000018005efc0     libucrt:ieee.obj
 0002:0000ffc8       $unwind$_set_controlfp     000000018005efc8     libucrt:ieee.obj
 0002:0000ffd0       $unwind$common_control87   000000018005efd0     libucrt:ieee.obj
 0002:0000fffc       $unwind$common_control87$filt$0 000000018005effc     libucrt:ieee.obj
 0002:00010004       $unwind$_call_matherr      000000018005f004     libucrt:libm_error.obj
 0002:0001000c       $unwind$_exception_enabled 000000018005f00c     libucrt:libm_error.obj
 0002:0001001c       $unwind$_handle_errorf     000000018005f01c     libucrt:libm_error.obj
 0002:0001003c       $unwind$_handle_error      000000018005f03c     libucrt:libm_error.obj
 0002:0001005c       $unwind$__acrt_initialize_fma3 000000018005f05c     libucrt:fma3_available.obj
 0002:00010064       $unwind$_logf_special_common 000000018005f064     libucrt:log_special.obj
 0002:00010070       $unwind$_logf_special      000000018005f070     libucrt:log_special.obj
 0002:00010078       $unwind$_log10f_special    000000018005f078     libucrt:log_special.obj
 0002:00010080       $unwind$_log_special_common 000000018005f080     libucrt:log_special.obj
 0002:0001008c       $unwind$_log_special       000000018005f08c     libucrt:log_special.obj
 0002:00010094       $unwind$_log10_special     000000018005f094     libucrt:log_special.obj
 0002:0001009c       $unwind$__acrt_LCMapStringW 000000018005f09c     libucrt:lcmapstringw.obj
 0002:000100b0       $unwind$__acrt_OutputDebugStringA 000000018005f0b0     libucrt:outputdebugstringa.obj
 0002:000100c8       $xdatasym                  000000018005f0c8     libucrt:fpsr.obj
 0002:000100d0       $unwind$_except1           000000018005f0d0     libucrt:fpexcept.obj
 0002:000100f0       $unwind$_except2           000000018005f0f0     libucrt:fpexcept.obj
 0002:00010114       $unwind$_set_errno_from_matherr 000000018005f114     libucrt:fpexcept.obj
 0002:0001011c       $unwind$_handle_exc        000000018005f11c     libucrt:fpexcept.obj
 0002:00010138       $unwind$_raise_excf        000000018005f138     libucrt:fpexcept.obj
 0002:00010140       $unwind$_raise_exc         000000018005f140     libucrt:fpexcept.obj
 0002:00010148       $unwind$_umatherr          000000018005f148     libucrt:fpexcept.obj
 0002:00010150       $unwind$_raise_exc_ex      000000018005f150     libucrt:fpexcept.obj
 0002:00010164       $unwind$_clrfp             000000018005f164     libucrt:fpctrl.obj
 0002:0001016c       $unwind$_ctrlfp            000000018005f16c     libucrt:fpctrl.obj
 0002:00010194       $unwind$_ctrlfp$filt$0     000000018005f194     libucrt:fpctrl.obj
 0002:0001019c       $unwind$_statfp            000000018005f19c     libucrt:fpctrl.obj
 0002:000101a4       $unwind$_set_statfp        000000018005f1a4     libucrt:fpctrl.obj
 0002:000101ac       $unwind$mbstowcs_s         000000018005f1ac     libucrt:mbstowcs.obj
 0002:000101b4       $unwind$_mbstowcs_s_l      000000018005f1b4     libucrt:mbstowcs.obj
 0002:000101cc       $unwind$?_mbstowcs_l_helper@@YA_KPEA_WPEBD_KPEAU__crt_locale_pointers@@@Z 000000018005f1cc     libucrt:mbstowcs.obj
 0002:000101e4       $unwind$_IsNonwritableInCurrentImage 000000018005f1e4     LIBCMT:pesect.obj
 0002:00010208       $unwind$_IsNonwritableInCurrentImage$filt$0 000000018005f208     LIBCMT:pesect.obj
 0002:00010210       $unwind$??_Gtype_info@@UEAAPEAXI@Z 000000018005f210     LIBCMT:std_type_info_static.obj
 0002:00010218       $unwind$__GSHandlerCheck_SEH 000000018005f218     LIBCMT:gshandlerseh.obj
 0002:00010230       $xdatasym                  000000018005f230     LIBCMT:chkstk.obj
 0002:00010238       $unwind$_local_unwind      000000018005f238     libvcruntime:jmpuwind.obj
 0002:00010240       $xdatasym                  000000018005f240     libvcruntime:memcmp.obj
 0002:000102d0       .edata                     000000018005f2d0     game.exp
 0002:000102f8       rgpv                       000000018005f2f8     game.exp
 0002:000102fc       rgszName                   000000018005f2fc     game.exp
 0002:00010300       rgwOrd                     000000018005f300     game.exp
 0002:00010302       szName                     000000018005f302     game.exp
 0002:0001030b       $N00001                    000000018005f30b     game.exp
 0002:000106a2       .idata$6                   000000018005f6a2     raylib:raylib.dll
 0002:0001081e       .idata$6                   000000018005f81e     kernel32:KERNEL32.dll
 0003:00000030       ?prefix@?1??getDimension@UnDecorator@@CA?AVDName@@_N@Z@4UStringLiteral@@A 0000000180060030     libvcruntime:undname.obj
 0003:00000040       ?__vcrt_flsindex@@3KA      0000000180060040     libvcruntime:per_thread_data.obj
 0003:00000060       ?__acrt_flsindex@@3KA      0000000180060060     libucrt:per_thread_data.obj
 0003:00000064       ?errno_no_memory@@3HA      0000000180060064     libucrt:errno.obj
 0003:00000068       ?doserrno_no_memory@@3KA   0000000180060068     libucrt:errno.obj
 0003:000002a0       _mbctypes                  00000001800602a0     libucrt:mbctype.obj
 0003:000003b0       _mbcasemaps                00000001800603b0     libucrt:mbctype.obj
 0003:000004b0       ?__rgctypeflag@@3PADA      00000001800604b0     libucrt:mbctype.obj
 0003:000004c0       ?__rgcode_page_info@@3PAUcode_page_info@@A 00000001800604c0     libucrt:mbctype.obj
 0003:00000878       _ctype_loc_style           0000000180060878     libucrt:wsetlocale.obj
 0003:00000a50       ?__dcrt_lowio_console_output_handle@@3PEAXEA 0000000180060a50     libucrt:initcon.obj
 0003:00000a58       ?dazSupported@?1??common_control87@@9@9 0000000180060a58     libucrt:ieee.obj
 0003:00000a60       ?dazSupported@?1??_ctrlfp@@9@9 0000000180060a60     libucrt:fpctrl.obj
 0003:00000be0       ?__proc_attached@@3HA      0000000180060be0     LIBCMT:dll_dllmain.obj
 0003:00000bf0       GS_ExceptionRecord         0000000180060bf0     LIBCMT:gs_report.obj
 0003:00000c90       GS_ContextRecord           0000000180060c90     LIBCMT:gs_report.obj
 0003:00001190       ?is_initialized_as_dll@@3_NA 0000000180061190     LIBCMT:utility.obj
 0003:00001191       ?module_local_atexit_table_initialized@@3_NA 0000000180061191     LIBCMT:utility.obj
 0003:00001198       ?module_local_atexit_table@@3U_onexit_table_t@@A 0000000180061198     LIBCMT:utility.obj
 0003:000011b0       ?module_local_at_quick_exit_table@@3U_onexit_table_t@@A 00000001800611b0     LIBCMT:utility.obj
 0003:00001228       ?heap@@3V_HeapManager@@A   0000000180061228     libvcruntime:undname.obj
 0003:00001250       ?__vcrt_startup_thread_ptd@@3U__vcrt_ptd@@A 0000000180061250     libvcruntime:per_thread_data.obj
 0003:000012d0       __vcrt_lock_table          00000001800612d0     libvcruntime:locks.obj
 0003:000012f8       __vcrt_locks_initialized   00000001800612f8     libvcruntime:locks.obj
 0003:00001300       ?module_handles@@3PAPEAUHINSTANCE__@@A 0000000180061300     libvcruntime:winapi_downlevel.obj
 0003:00001318       ?function_pointers@@3PAPEAXA 0000000180061318     libvcruntime:winapi_downlevel.obj
 0003:00001348       ?c_termination_complete@@3JA 0000000180061348     libucrt:exit.obj
 0003:00001350       ?thread_local_exit_callback_func@@3P6AXPEAXK0@ZEA 0000000180061350     libucrt:exit.obj
 0003:00001360       ?program_name@?1???$common_configure_argv@D@@YAHW4_crt_argv_mode@@@Z@4PADA 0000000180061360     libucrt:argv_parsing.obj
 0003:00001470       ?program_name@?1???$common_configure_argv@_W@@YAHW4_crt_argv_mode@@@Z@4PA_WA 0000000180061470     libucrt:argv_parsing.obj
 0003:000016d0       ?__acrt_lock_table@@3PAU_RTL_CRITICAL_SECTION@@A 00000001800616d0     libucrt:locks.obj
 0003:00001900       ?__acrt_locks_initialized@@3IA 0000000180061900     libucrt:locks.obj
 0003:00001904       ?state_cache@?1???$get_cached_win_policy@Ubegin_thread_init_policy_properties@?1??__acrt_get_begin_thread_init_policy@@YA?AW4begin_thread_init_policy@@XZ@@@YA?AW4begin_thread_init_policy@@W4AppPolicyThreadInitializationType@@@Z@4JA 0000000180061904     libucrt:win_policies.obj
 0003:00001908       ?state_cache@?1???$get_cached_win_policy@Udeveloper_information_policy_properties@?1??__acrt_get_developer_information_policy@@YA?AW4developer_information_policy@@XZ@@@YA?AW4developer_information_policy@@W4AppPolicyShowDeveloperDiagnostic@@@Z@4JA 0000000180061908     libucrt:win_policies.obj
 0003:0000190c       ?state_cache@?1???$get_cached_win_policy@Uwindowing_model_policy_properties@?1??__acrt_get_windowing_model_policy@@YA?AW4windowing_model_policy@@XZ@@@YA?AW4windowing_model_policy@@W4AppPolicyWindowingModel@@@Z@4JA 000000018006190c     libucrt:win_policies.obj
 0003:00001910       ?__acrt_invalid_parameter_handler@@3V?$dual_state_global@P6AXPEB_W00I_K@Z@__crt_state_management@@A 0000000180061910     libucrt:invalid_parameter.obj
 0003:00001930       ?fSystemSet@@3HA           0000000180061930     libucrt:mbctype.obj
 0003:00001934       ?initialized@?1??__acrt_initialize_multibyte@@9@4_NA 0000000180061934     libucrt:mbctype.obj
 0003:00001970       ?module_handles@@3PAPEAUHINSTANCE__@@A 0000000180061970     libucrt:winapi_thunks.obj
 0003:00001a10       ?encoded_function_pointers@@3PAPEAXA 0000000180061a10     libucrt:winapi_thunks.obj
 0003:00001b20       ?static_enum_proc@?1??enum_system_locales_ex_nolock@@YAHQ6AHPEA_WK_J@Z@Z@4P6AH0K1@ZEA 0000000180061b20     libucrt:winapi_thunks.obj
 0003:00001f38       ?__acrt_new_handler@@3V?$dual_state_global@P6AH_K@Z@__crt_state_management@@A 0000000180061f38     libucrt:new_handler.obj
 0003:00001f40       ?console_ctrl_handler_installed@@3_NA 0000000180061f40     libucrt:signal.obj
 0003:00001f48       ?ctrlc_action@@3V?$dual_state_global@P6AXH@Z@__crt_state_management@@A 0000000180061f48     libucrt:signal.obj
 0003:00001f50       ?ctrlbreak_action@@3V?$dual_state_global@P6AXH@Z@__crt_state_management@@A 0000000180061f50     libucrt:signal.obj
 0003:00001f58       ?abort_action@@3V?$dual_state_global@P6AXH@Z@__crt_state_management@@A 0000000180061f58     libucrt:signal.obj
 0003:00001f60       ?term_action@@3V?$dual_state_global@P6AXH@Z@__crt_state_management@@A 0000000180061f60     libucrt:signal.obj
 0003:00001f68       ?user_matherr@@3V?$dual_state_global@P6AHPEAU_exception@@@Z@__crt_state_management@@A 0000000180061f68     libucrt:matherr.obj
 0003:00001fa0       ?internal_state@?1??_mbtowc_l@@9@4U_Mbstatet@@A 0000000180061fa0     libucrt:mbtowc.obj
 0003:00001fa8       ?enable_percent_n@@3_KA    0000000180061fa8     libucrt:printf_count_output.obj
 0003:00001fb4       ?__acrt_global_new_mode@@3V?$dual_state_global@J@__crt_state_management@@A 0000000180061fb4     libucrt:new_mode.obj
 0003:00001fc0       ?mbst@?1??mbrlen@@9@4U_Mbstatet@@A 0000000180061fc0     libucrt:mbrtowc.obj
 0003:00001fc8       ?mbst@?1??mbrtowc@@9@4U_Mbstatet@@A 0000000180061fc8     libucrt:mbrtowc.obj
 0003:00001fd0       ?mbst@?1??_mbsrtowcs_helper@@YA_KPEA_WPEAPEBD_KPEAU_Mbstatet@@@Z@4U2@A 0000000180061fd0     libucrt:mbrtowc.obj
 0003:00001fd8       ?__acrt_app_type@@3W4_crt_app_type@@A 0000000180061fd8     libucrt:report_runtime_error.obj
 0003:00001fe0       ?outmsg@?9??__acrt_report_runtime_error@@9@4PA_WA 0000000180061fe0     libucrt:report_runtime_error.obj
 0003:00002608       ?internal_pst@?1??__mbrtoc32_utf8@__crt_mbstring@@YA_KPEA_UPEBD_KPEAU_Mbstatet@@@Z@4U3@A 0000000180062608     libucrt:mbrtoc32.obj
 0003:00002610       __acrt_error_mode          0000000180062610     libucrt:set_error_mode.obj
 0005:00000000       MsetTab                    0000000180068000     libvcruntime:memset.obj
 0005:00000050       MoveSmall                  0000000180068050     libvcruntime:memcpy.obj
