 win32_main

 Timestamp is 5fb6ca03 (Thu Nov 19 16:39:47 2020)

 Preferred load address is 0000000140000000

 Start         Length     Name                   Class
 0001:00000000 0000b230H .text$mn                CODE
 0001:0000b230 00000040H .text$mn$00             CODE
 0001:0000b270 00000290H .text$x                 CODE
 0002:00000000 00000288H .idata$5                DATA
 0002:00000288 00000028H .00cfg                  DATA
 0002:000002b0 00000008H .CRT$XCA                DATA
 0002:000002b8 00000008H .CRT$XCAA               DATA
 0002:000002c0 00000008H .CRT$XCZ                DATA
 0002:000002c8 00000008H .CRT$XIA                DATA
 0002:000002d0 00000008H .CRT$XIAA               DATA
 0002:000002d8 00000008H .CRT$XIAC               DATA
 0002:000002e0 00000018H .CRT$XIC                DATA
 0002:000002f8 00000008H .CRT$XIZ                DATA
 0002:00000300 00000008H .CRT$XPA                DATA
 0002:00000308 00000010H .CRT$XPX                DATA
 0002:00000318 00000008H .CRT$XPXA               DATA
 0002:00000320 00000008H .CRT$XPZ                DATA
 0002:00000328 00000008H .CRT$XTA                DATA
 0002:00000330 00000010H .CRT$XTZ                DATA
 0002:00000338 00000000H .gehcont$y              DATA
 0002:00000338 00000000H .gfids$y                DATA
 0002:00000340 00007540H .rdata                  DATA
 0002:00007880 00000000H .rdata$CastGuardVftablesA DATA
 0002:00007880 00000000H .rdata$CastGuardVftablesC DATA
 0002:00007880 00000000H .rdata$r                DATA
 0002:00007880 000002e8H .rdata$zzzdbg           DATA
 0002:00007b68 00000008H .rtc$IAA                DATA
 0002:00007b70 00000008H .rtc$IZZ                DATA
 0002:00007b78 00000008H .rtc$TAA                DATA
 0002:00007b80 00000008H .rtc$TZZ                DATA
 0002:00007b88 00000ae0H .xdata                  DATA
 0002:00008668 00000000H .xdata$x                DATA
 0002:00008668 00000000H .edata                  DATA
 0002:00008668 00000028H .idata$2                DATA
 0002:00008690 00000018H .idata$3                DATA
 0002:000086a8 00000288H .idata$4                DATA
 0002:00008930 000005aaH .idata$6                DATA
 0003:00000000 00000a00H .data                   DATA
 0003:00000a00 00000000H .data$r                 DATA
 0003:00000a00 000011c8H .bss                    DATA
 0004:00000000 00000d50H .pdata                  DATA
 0005:00000000 00000094H _RDATA                  DATA

  Address         Publics by Value              Rva+Base               Lib:Object

 0000:00000000       __guard_fids_count         0000000000000000     <absolute>
 0000:00000000       __guard_longjmp_table      0000000000000000     <absolute>
 0000:00000000       __arm64x_extra_rfe_table   0000000000000000     <absolute>
 0000:00000000       __x64_code_ranges_to_entry_points_count 0000000000000000     <absolute>
 0000:00000000       __hybrid_code_map          0000000000000000     <absolute>
 0000:00000000       __arm64x_redirection_metadata 0000000000000000     <absolute>
 0000:00000000       __volatile_metadata        0000000000000000     <absolute>
 0000:00000000       __arm64x_extra_rfe_table_size 0000000000000000     <absolute>
 0000:00000000       __guard_iat_table          0000000000000000     <absolute>
 0000:00000000       __x64_code_ranges_to_entry_points 0000000000000000     <absolute>
 0000:00000000       ___safe_se_handler_count   0000000000000000     <absolute>
 0000:00000000       __guard_iat_count          0000000000000000     <absolute>
 0000:00000000       __guard_longjmp_count      0000000000000000     <absolute>
 0000:00000000       __dynamic_value_reloc_table 0000000000000000     <absolute>
 0000:00000000       ___safe_se_handler_table   0000000000000000     <absolute>
 0000:00000000       __hybrid_auxiliary_iat     0000000000000000     <absolute>
 0000:00000000       __guard_eh_cont_count      0000000000000000     <absolute>
 0000:00000000       __AbsoluteZero             0000000000000000     <absolute>
 0000:00000000       __guard_fids_table         0000000000000000     <absolute>
 0000:00000000       __arm64x_redirection_metadata_count 0000000000000000     <absolute>
 0000:00000000       __enclave_config           0000000000000000     <absolute>
 0000:00000000       __guard_eh_cont_table      0000000000000000     <absolute>
 0000:00000000       __arm64x_native_entrypoint 0000000000000000     <absolute>
 0000:00000000       __hybrid_code_map_count    0000000000000000     <absolute>
 0000:00000100       __guard_flags              0000000000000100     <absolute>
 0000:00000000       __ImageBase                0000000140000000     <linker-defined>
 0001:00000000       ?GameUpdateAndRenderStub@@YAXPEAU_game_mem@@@Z 0000000140001000 f   win32_main.obj
 0001:00000010       WinMain                    0000000140001010 f   win32_main.obj
 0001:00000250       ?DEBUGPlatformFreeWholeFile@@YAXPEAX@Z 0000000140001250 f   win32_main.obj
 0001:00000280       ?DEBUGPlatformReadWholeFile@@YA?AU_debug_read_file_result@@PEAD@Z 0000000140001280 f   win32_main.obj
 0001:000003b0       ?DEBUGPlatformWriteWholeFile@@YA_NPEADPEAXI@Z 00000001400013b0 f   win32_main.obj
 0001:000005b0       ?SafeTruncateUint64@@YAI_K@Z 00000001400015b0 f i win32_main.obj
 0001:000005db       InitWindow                 00000001400015db f   raylib:raylib.dll
 0001:000005e1       WindowShouldClose          00000001400015e1 f   raylib:raylib.dll
 0001:000005e7       CloseWindow                00000001400015e7 f   raylib:raylib.dll
 0001:000005ed       ClearBackground            00000001400015ed f   raylib:raylib.dll
 0001:000005f3       BeginDrawing               00000001400015f3 f   raylib:raylib.dll
 0001:000005f9       EndDrawing                 00000001400015f9 f   raylib:raylib.dll
 0001:000005ff       SetTargetFPS               00000001400015ff f   raylib:raylib.dll
 0001:00000860       WinMainCRTStartup          0000000140001860 f   LIBCMT:exe_winmain.obj
 0001:00000874       __scrt_acquire_startup_lock 0000000140001874 f   LIBCMT:utility.obj
 0001:000008b0       __scrt_initialize_crt      00000001400018b0 f   LIBCMT:utility.obj
 0001:000008fc       __scrt_initialize_onexit_tables 00000001400018fc f   LIBCMT:utility.obj
 0001:00000988       __scrt_is_nonwritable_in_current_image 0000000140001988 f   LIBCMT:utility.obj
 0001:00000a20       __scrt_release_startup_lock 0000000140001a20 f   LIBCMT:utility.obj
 0001:00000a44       __scrt_uninitialize_crt    0000000140001a44 f   LIBCMT:utility.obj
 0001:00000a70       _onexit                    0000000140001a70 f   LIBCMT:utility.obj
 0001:00000aac       atexit                     0000000140001aac f   LIBCMT:utility.obj
 0001:00000ac4       __security_init_cookie     0000000140001ac4 f   LIBCMT:gs_support.obj
 0001:00000b70       __scrt_stub_for_initialize_mta 0000000140001b70 f   LIBCMT:utility_desktop.obj
 0001:00000b70       __scrt_exe_initialize_mta  0000000140001b70 f   LIBCMT:utility_desktop.obj
 0001:00000b70       _get_startup_thread_locale_mode 0000000140001b70 f   LIBCMT:thread_locale.obj
 0001:00000b70       _get_startup_new_mode      0000000140001b70 f   LIBCMT:new_mode.obj
 0001:00000b70       _get_startup_commit_mode   0000000140001b70 f   LIBCMT:commit_mode.obj
 0001:00000b70       _matherr                   0000000140001b70 f   LIBCMT:matherr.obj
 0001:00000b70       __scrt_initialize_winrt    0000000140001b70 f   LIBCMT:utility_desktop.obj
 0001:00000b74       _get_startup_argv_mode     0000000140001b74 f   LIBCMT:argv_mode.obj
 0001:00000b7c       _get_startup_file_mode     0000000140001b7c f   LIBCMT:file_mode.obj
 0001:00000b84       ?__scrt_initialize_type_info@@YAXXZ 0000000140001b84 f   LIBCMT:tncleanup.obj
 0001:00000b94       __acrt_uninitialize_command_line 0000000140001b94 f   libucrt:argv_data.obj
 0001:00000b94       _should_initialize_environment 0000000140001b94 f   LIBCMT:env_mode.obj
 0001:00000b98       _initialize_invalid_parameter_handler 0000000140001b98 f   LIBCMT:invalid_parameter_handler.obj
 0001:00000b98       _initialize_denormal_control 0000000140001b98 f   LIBCMT:denormal_control.obj
 0001:00000b98       _guard_check_icall_nop     0000000140001b98 f   LIBCMT:guard_support.obj
 0001:00000b9c       __local_stdio_printf_options 0000000140001b9c f i LIBCMT:default_local_stdio_options.obj
 0001:00000ba4       __local_stdio_scanf_options 0000000140001ba4 f i LIBCMT:default_local_stdio_options.obj
 0001:00000bac       __scrt_initialize_default_local_stdio_options 0000000140001bac f   LIBCMT:default_local_stdio_options.obj
 0001:00000bc8       __scrt_is_user_matherr_present 0000000140001bc8 f   LIBCMT:matherr_detection.obj
 0001:00000bd4       __scrt_get_dyn_tls_init_callback 0000000140001bd4 f   LIBCMT:dyn_tls_init.obj
 0001:00000bdc       __scrt_get_dyn_tls_dtor_callback 0000000140001bdc f   LIBCMT:dyn_tls_dtor.obj
 0001:00000be4       __crt_debugger_hook        0000000140001be4 f   LIBCMT:utility_desktop.obj
 0001:00000bec       __scrt_fastfail            0000000140001bec f   LIBCMT:utility_desktop.obj
 0001:00000d38       __scrt_get_show_window_mode 0000000140001d38 f   LIBCMT:utility_desktop.obj
 0001:00000d74       __scrt_initialize_mta      0000000140001d74 f   LIBCMT:utility_desktop.obj
 0001:00000d7c       __scrt_is_managed_app      0000000140001d7c f   LIBCMT:utility_desktop.obj
 0001:00000dd0       __scrt_set_unhandled_exception_filter 0000000140001dd0 f   LIBCMT:utility_desktop.obj
 0001:00000de0       __scrt_unhandled_exception_filter 0000000140001de0 f   LIBCMT:utility_desktop.obj
 0001:00000e3c       _RTC_Initialize            0000000140001e3c f   LIBCMT:initsect.obj
 0001:00000e78       _RTC_Terminate             0000000140001e78 f   LIBCMT:initsect.obj
 0001:00000eb4       __isa_available_init       0000000140001eb4 f   LIBCMT:cpu_disp.obj
 0001:00001058       __scrt_is_ucrt_dll_in_use  0000000140002058 f   LIBCMT:ucrt_detection.obj
 0001:00001070       __C_specific_handler       0000000140002070 f   libvcruntime:riscchandler.obj
 0001:0000127c       __vcrt_initialize          000000014000227c f   libvcruntime:initialization.obj
 0001:000012a4       __vcrt_uninitialize        00000001400022a4 f   libvcruntime:initialization.obj
 0001:000012c0       __DestructExceptionObject  00000001400022c0 f   libvcruntime:ehhelpers.obj
 0001:00001330       ?_CallMemberFunction0@@YAXQEAX0@Z 0000000140002330 f i libvcruntime:ehhelpers.obj
 0001:00001334       __current_exception        0000000140002334 f   libvcruntime:ehhelpers.obj
 0001:00001348       __current_exception_context 0000000140002348 f   libvcruntime:ehhelpers.obj
 0001:00001370       memset_repmovs             0000000140002370 f   libvcruntime:memset.obj
 0001:00001390       memset                     0000000140002390 f   libvcruntime:memset.obj
 0001:00001530       _NLG_Notify                0000000140002530 f   libvcruntime:notify.obj
 0001:00001550       __NLG_Dispatch2            0000000140002550 f   libvcruntime:notify.obj
 0001:00001560       __NLG_Return2              0000000140002560 f   libvcruntime:notify.obj
 0001:00001564       __except_validate_context_record 0000000140002564 f   libvcruntime:jbcxrval.obj
 0001:0000159c       __vcrt_freefls             000000014000259c f   libvcruntime:per_thread_data.obj
 0001:000015bc       __vcrt_getptd              00000001400025bc f   libvcruntime:per_thread_data.obj
 0001:000015d8       __vcrt_getptd_noexit       00000001400025d8 f   libvcruntime:per_thread_data.obj
 0001:00001698       __vcrt_initialize_ptd      0000000140002698 f   libvcruntime:per_thread_data.obj
 0001:000016e0       __vcrt_uninitialize_ptd    00000001400026e0 f   libvcruntime:per_thread_data.obj
 0001:00001704       __vcrt_initialize_locks    0000000140002704 f   libvcruntime:locks.obj
 0001:00001738       __vcrt_uninitialize_locks  0000000140002738 f   libvcruntime:locks.obj
 0001:000018bc       __vcrt_FlsAlloc            00000001400028bc f   libvcruntime:winapi_downlevel.obj
 0001:00001904       __vcrt_FlsFree             0000000140002904 f   libvcruntime:winapi_downlevel.obj
 0001:0000194c       __vcrt_FlsGetValue         000000014000294c f   libvcruntime:winapi_downlevel.obj
 0001:00001994       __vcrt_FlsSetValue         0000000140002994 f   libvcruntime:winapi_downlevel.obj
 0001:000019e8       __vcrt_InitializeCriticalSectionEx 00000001400029e8 f   libvcruntime:winapi_downlevel.obj
 0001:00001a60       memcpy_repmovs             0000000140002a60 f   libvcruntime:memcpy.obj
 0001:00001a80       memmove                    0000000140002a80 f   libvcruntime:memcpy.obj
 0001:00001a80       memcpy                     0000000140002a80 f   libvcruntime:memcpy.obj
 0001:00001e70       _CallSettingFrame          0000000140002e70 f   libvcruntime:handlers.obj
 0001:00001ec0       _CallSettingFrame_LookupContinuationIndex 0000000140002ec0 f   libvcruntime:handlers.obj
 0001:00001ef0       _CallSettingFrame_NotifyContinuationAddr 0000000140002ef0 f   libvcruntime:handlers.obj
 0001:00001f20       _CallSettingFrameEncoded   0000000140002f20 f   libvcruntime:handlers.obj
 0001:00001f68       _seh_filter_exe            0000000140002f68 f   libucrt:exception_filter.obj
 0001:000020ec       _query_app_type            00000001400030ec f   libucrt:report_runtime_error.obj
 0001:000020f4       _set_app_type              00000001400030f4 f   libucrt:report_runtime_error.obj
 0001:000020fc       __acrt_has_user_matherr    00000001400030fc f   libucrt:matherr.obj
 0001:0000211c       __acrt_initialize_user_matherr 000000014000311c f   libucrt:matherr.obj
 0001:00002124       __acrt_invoke_user_matherr 0000000140003124 f   libucrt:matherr.obj
 0001:00002154       __setusermatherr           0000000140003154 f   libucrt:matherr.obj
 0001:00002340       __acrt_allocate_buffer_for_argv 0000000140003340 f   libucrt:argv_parsing.obj
 0001:000023a0       _configure_narrow_argv     00000001400033a0 f   libucrt:argv_parsing.obj
 0001:00002718       __dcrt_uninitialize_environments_nolock 0000000140003718 f   libucrt:environment_initialization.obj
 0001:00002750       _initialize_narrow_environment 0000000140003750 f   libucrt:environment_initialization.obj
 0001:00002758       _get_narrow_winmain_command_line 0000000140003758 f   libucrt:argv_winmain.obj
 0001:000027c8       _initterm                  00000001400037c8 f   libucrt:initterm.obj
 0001:0000282c       _initterm_e                000000014000382c f   libucrt:initterm.obj
 0001:00002ad8       __acrt_initialize_thread_local_exit_callback 0000000140003ad8 f   libucrt:exit.obj
 0001:00002ae0       _c_exit                    0000000140003ae0 f   libucrt:exit.obj
 0001:00002af0       _cexit                     0000000140003af0 f   libucrt:exit.obj
 0001:00002b00       _exit                      0000000140003b00 f   libucrt:exit.obj
 0001:00002b0c       _register_thread_local_exe_atexit_callback 0000000140003b0c f   libucrt:exit.obj
 0001:00002b48       exit                       0000000140003b48 f   libucrt:exit.obj
 0001:00002b54       _set_fmode                 0000000140003b54 f   libucrt:setmode.obj
 0001:00002c04       __acrt_set_locale_changed  0000000140003c04 f   libucrt:wsetlocale.obj
 0001:00002c10       __acrt_uninitialize_locale 0000000140003c10 f   libucrt:wsetlocale.obj
 0001:00002c40       _configthreadlocale        0000000140003c40 f   libucrt:wsetlocale.obj
 0001:00002cac       _query_new_mode            0000000140003cac f   libucrt:new_mode.obj
 0001:00002cb4       _set_new_mode              0000000140003cb4 f   libucrt:new_mode.obj
 0001:00002ce0       __p__commode               0000000140003ce0 f   libucrt:ncommode.obj
 0001:00003028       _crt_atexit                0000000140004028 f   libucrt:onexit.obj
 0001:00003038       _execute_onexit_table      0000000140004038 f   libucrt:onexit.obj
 0001:00003074       _initialize_onexit_table   0000000140004074 f   libucrt:onexit.obj
 0001:0000309c       _register_onexit_function  000000014000409c f   libucrt:onexit.obj
 0001:00003210       __acrt_initialize          0000000140004210 f   libucrt:initialization.obj
 0001:00003224       __acrt_uninitialize        0000000140004224 f   libucrt:initialization.obj
 0001:0000325c       terminate                  000000014000425c f   libucrt:terminate.obj
 0001:0000327c       free                       000000014000427c f   libucrt:free.obj
 0001:00003290       strcpy_s                   0000000140004290 f   libucrt:strcpy_s.obj
 0001:000032f0       abort                      00000001400042f0 f   libucrt:abort.obj
 0001:00003348       calloc                     0000000140004348 f   libucrt:calloc.obj
 0001:00003350       ??0_LocaleUpdate@@QEAA@QEAU__crt_locale_pointers@@@Z 0000000140004350 f i libucrt:output.obj
 0001:00003400       strncmp                    0000000140004400 f   libucrt:strncmp.obj
 0001:00003480       wcsncmp                    0000000140004480 f   libucrt:wcsncmp.obj
 0001:00003824       __acrt_getptd              0000000140004824 f   libucrt:per_thread_data.obj
 0001:000038f8       __acrt_getptd_head         00000001400048f8 f   libucrt:per_thread_data.obj
 0001:000039a0       __acrt_getptd_noexit       00000001400049a0 f   libucrt:per_thread_data.obj
 0001:00003a6c       __acrt_initialize_ptd      0000000140004a6c f   libucrt:per_thread_data.obj
 0001:00003aa8       __acrt_uninitialize_ptd    0000000140004aa8 f   libucrt:per_thread_data.obj
 0001:00003acc       __acrt_call_reportfault    0000000140004acc f   libucrt:invalid_parameter.obj
 0001:00003c28       __acrt_initialize_invalid_parameter_handler 0000000140004c28 f   libucrt:invalid_parameter.obj
 0001:00003c30       _invalid_parameter         0000000140004c30 f   libucrt:invalid_parameter.obj
 0001:00003ce0       _invalid_parameter_noinfo  0000000140004ce0 f   libucrt:invalid_parameter.obj
 0001:00003d00       _invoke_watson             0000000140004d00 f   libucrt:invalid_parameter.obj
 0001:00003d48       __acrt_errno_from_os_error 0000000140004d48 f   libucrt:errno.obj
 0001:00003d90       __acrt_errno_map_os_error  0000000140004d90 f   libucrt:errno.obj
 0001:00003de0       __doserrno                 0000000140004de0 f   libucrt:errno.obj
 0001:00003e00       _errno                     0000000140004e00 f   libucrt:errno.obj
 0001:00003e20       _calloc_base               0000000140004e20 f   libucrt:calloc_base.obj
 0001:00003e98       _free_base                 0000000140004e98 f   libucrt:free_base.obj
 0001:00003eec       ??$__acrt_mbs_to_wcs_cp@U__crt_win32_buffer_internal_dynamic_resizing@@@@YAHQEBDAEAV?$__crt_win32_buffer@_WU__crt_win32_buffer_internal_dynamic_resizing@@@@I@Z 0000000140004eec f i libucrt:argv_wildcards.obj
 0001:00004064       ??$__acrt_wcs_to_mbs_cp@U__crt_win32_buffer_internal_dynamic_resizing@@@@YAHQEB_WAEAV?$__crt_win32_buffer@DU__crt_win32_buffer_internal_dynamic_resizing@@@@I@Z 0000000140005064 f i libucrt:argv_wildcards.obj
 0001:00004894       __acrt_expand_narrow_argv_wildcards 0000000140005894 f   libucrt:argv_wildcards.obj
 0001:0000489c       ??$__acrt_wcs_to_mbs_cp@U__crt_win32_buffer_no_resizing@@@@YAHQEB_WAEAV?$__crt_win32_buffer@DU__crt_win32_buffer_no_resizing@@@@I@Z 000000014000589c f i libucrt:getmodulefilenamea.obj
 0001:000049b0       __acrt_GetModuleFileNameA  00000001400059b0 f   libucrt:getmodulefilenamea.obj
 0001:000051fc       __acrt_initialize_multibyte 00000001400061fc f   libucrt:mbctype.obj
 0001:0000525c       __acrt_update_thread_multibyte_data 000000014000625c f   libucrt:mbctype.obj
 0001:00005278       _setmbcp_nolock            0000000140006278 f   libucrt:mbctype.obj
 0001:000055ac       _ismbblead                 00000001400065ac f   libucrt:ismbbyte.obj
 0001:000055c0       __acrt_initialize_command_line 00000001400065c0 f   libucrt:argv_data.obj
 0001:000055e8       __acrt_MultiByteToWideChar 00000001400065e8 f   libucrt:multibytetowidechar.obj
 0001:00005644       __acrt_WideCharToMultiByte 0000000140006644 f   libucrt:widechartomultibyte.obj
 0001:000056dc       __dcrt_get_narrow_environment_from_os 00000001400066dc f   libucrt:get_environment_from_os.obj
 0001:000057e0       __acrt_initialize_locks    00000001400067e0 f   libucrt:locks.obj
 0001:00005828       __acrt_lock                0000000140006828 f   libucrt:locks.obj
 0001:00005844       __acrt_uninitialize_locks  0000000140006844 f   libucrt:locks.obj
 0001:0000587c       __acrt_unlock              000000014000687c f   libucrt:locks.obj
 0001:00005898       __acrt_get_process_end_policy 0000000140006898 f   libucrt:win_policies.obj
 0001:000058d4       __acrt_lowio_create_handle_array 00000001400068d4 f   libucrt:osfinfo.obj
 0001:0000597c       __acrt_lowio_destroy_handle_array 000000014000697c f   libucrt:osfinfo.obj
 0001:000059cc       __acrt_lowio_ensure_fh_exists 00000001400069cc f   libucrt:osfinfo.obj
 0001:00005a74       __acrt_lowio_lock_fh       0000000140006a74 f   libucrt:osfinfo.obj
 0001:00005a9c       __acrt_lowio_unlock_fh     0000000140006a9c f   libucrt:osfinfo.obj
 0001:00005ac4       _free_osfhnd               0000000140006ac4 f   libucrt:osfinfo.obj
 0001:00005b80       _get_osfhandle             0000000140006b80 f   libucrt:osfinfo.obj
 0001:00005df4       __acrt_initialize_lowio    0000000140006df4 f   libucrt:ioinit.obj
 0001:00005e30       __acrt_uninitialize_lowio  0000000140006e30 f   libucrt:ioinit.obj
 0001:00005e70       __acrt_locale_free_monetary 0000000140006e70 f   libucrt:initmon.obj
 0001:00005f7c       __acrt_locale_free_numeric 0000000140006f7c f   libucrt:initnum.obj
 0001:00006040       __acrt_locale_free_time    0000000140007040 f   libucrt:inittime.obj
 0001:00006148       __pctype_func              0000000140007148 f   libucrt:ctype.obj
 0001:00006178       _malloc_base               0000000140007178 f   libucrt:malloc_base.obj
 0001:000061d8       __acrt_GetStringTypeA      00000001400071d8 f   libucrt:getstringtypea.obj
 0001:00006368       __acrt_add_locale_ref      0000000140007368 f   libucrt:locale_refcounting.obj
 0001:000063f4       __acrt_free_locale         00000001400073f4 f   libucrt:locale_refcounting.obj
 0001:0000656c       __acrt_locale_add_lc_time_reference 000000014000756c f   libucrt:locale_refcounting.obj
 0001:00006594       __acrt_locale_free_lc_time_if_unreferenced 0000000140007594 f   libucrt:locale_refcounting.obj
 0001:000065cc       __acrt_locale_release_lc_time_reference 00000001400075cc f   libucrt:locale_refcounting.obj
 0001:000065f4       __acrt_release_locale_ref  00000001400075f4 f   libucrt:locale_refcounting.obj
 0001:0000669c       __acrt_update_thread_locale_data 000000014000769c f   libucrt:locale_refcounting.obj
 0001:00006708       _updatetlocinfoEx_nolock   0000000140007708 f   libucrt:locale_refcounting.obj
 0001:00006948       __acrt_AppPolicyGetProcessTerminationMethodInternal 0000000140007948 f   libucrt:winapi_thunks.obj
 0001:00006998       __acrt_AreFileApisANSI     0000000140007998 f   libucrt:winapi_thunks.obj
 0001:000069d4       __acrt_FlsAlloc            00000001400079d4 f   libucrt:winapi_thunks.obj
 0001:00006a1c       __acrt_FlsFree             0000000140007a1c f   libucrt:winapi_thunks.obj
 0001:00006a64       __acrt_FlsGetValue         0000000140007a64 f   libucrt:winapi_thunks.obj
 0001:00006aac       __acrt_FlsSetValue         0000000140007aac f   libucrt:winapi_thunks.obj
 0001:00006b00       __acrt_InitializeCriticalSectionEx 0000000140007b00 f   libucrt:winapi_thunks.obj
 0001:00006b64       __acrt_LCMapStringEx       0000000140007b64 f   libucrt:winapi_thunks.obj
 0001:00006c40       __acrt_LocaleNameToLCID    0000000140007c40 f   libucrt:winapi_thunks.obj
 0001:00006c90       __acrt_initialize_winapi_thunks 0000000140007c90 f   libucrt:winapi_thunks.obj
 0001:00006cc4       __acrt_uninitialize_winapi_thunks 0000000140007cc4 f   libucrt:winapi_thunks.obj
 0001:00006d08       _recalloc_base             0000000140007d08 f   libucrt:recalloc.obj
 0001:00006da0       __acrt_initialize_heap     0000000140007da0 f   libucrt:heap_handle.obj
 0001:00006dbc       __acrt_uninitialize_heap   0000000140007dbc f   libucrt:heap_handle.obj
 0001:00006dc8       __acrt_execute_initializers 0000000140007dc8 f   libucrt:shared_initialization.obj
 0001:00006e48       __acrt_execute_uninitializers 0000000140007e48 f   libucrt:shared_initialization.obj
 0001:00006e84       __acrt_initialize_new_handler 0000000140007e84 f   libucrt:new_handler.obj
 0001:00006e8c       _callnewh                  0000000140007e8c f   libucrt:new_handler.obj
 0001:00006ebc       _query_new_handler         0000000140007ebc f   libucrt:new_handler.obj
 0001:00006f38       __acrt_get_sigabrt_handler 0000000140007f38 f   libucrt:signal.obj
 0001:00006f68       __acrt_initialize_signal_handlers 0000000140007f68 f   libucrt:signal.obj
 0001:00006f88       raise                      0000000140007f88 f   libucrt:signal.obj
 0001:000073d0       __acrt_stdio_flush_nolock  00000001400083d0 f   libucrt:fflush.obj
 0001:0000744c       _fflush_nolock             000000014000844c f   libucrt:fflush.obj
 0001:00007498       _flushall                  0000000140008498 f   libucrt:fflush.obj
 0001:000074a0       __acrt_initialize_stdio    00000001400084a0 f   libucrt:_file.obj
 0001:000075c0       __acrt_uninitialize_stdio  00000001400085c0 f   libucrt:_file.obj
 0001:0000761c       _lock_file                 000000014000861c f   libucrt:_file.obj
 0001:00007628       _unlock_file               0000000140008628 f   libucrt:_file.obj
 0001:00007634       _mbtowc_l                  0000000140008634 f   libucrt:mbtowc.obj
 0001:000077b4       mbtowc                     00000001400087b4 f   libucrt:mbtowc.obj
 0001:000077bc       __acrt_update_locale_info  00000001400087bc f   libucrt:locale_update.obj
 0001:000077f0       __acrt_update_multibyte_info 00000001400087f0 f   libucrt:locale_update.obj
 0001:00007824       _fileno                    0000000140008824 f   libucrt:fileno.obj
 0001:00007850       qsort                      0000000140008850 f   libucrt:qsort.obj
 0001:00007c00       strncpy_s                  0000000140008c00 f   libucrt:strncpy_s.obj
 0001:00007d80       strpbrk                    0000000140008d80 f   libucrt:strpbrk.obj
 0001:00008160       _mbsdec                    0000000140009160 f   libucrt:mbsdec.obj
 0001:00008168       _mbsdec_l                  0000000140009168 f   libucrt:mbsdec.obj
 0001:00008514       __acrt_LCMapStringA        0000000140009514 f   libucrt:lcmapstringa.obj
 0001:000085c4       __ascii_wcsnicmp           00000001400095c4 f   libucrt:wcsnicmp.obj
 0001:00008610       __acrt_DownlevelLocaleNameToLCID 0000000140009610 f   libucrt:lcidtoname_downlevel.obj
 0001:000086c0       _msize_base                00000001400096c0 f   libucrt:msize.obj
 0001:000086fc       _realloc_base              00000001400096fc f   libucrt:realloc_base.obj
 0001:00008804       _commit                    0000000140009804 f   libucrt:commit.obj
 0001:000090f8       _write                     000000014000a0f8 f   libucrt:write.obj
 0001:000091e4       _write_nolock              000000014000a1e4 f   libucrt:write.obj
 0001:000094c0       _fcloseall                 000000014000a4c0 f   libucrt:closeall.obj
 0001:00009574       __acrt_stdio_free_buffer_nolock 000000014000a574 f   libucrt:_freebuf.obj
 0001:000095b4       _isatty                    000000014000a5b4 f   libucrt:isatty.obj
 0001:00009614       _isleadbyte_l              000000014000a614 f i libucrt:_wctype.obj
 0001:00009660       ?__mbrtowc_utf8@__crt_mbstring@@YA_KPEA_WPEBD_KPEAU_Mbstatet@@@Z 000000014000a660 f   libucrt:mbrtowc.obj
 0001:0000969c       ?__mbsrtowcs_utf8@__crt_mbstring@@YA_KPEA_WPEAPEBD_KPEAU_Mbstatet@@@Z 000000014000a69c f   libucrt:mbrtowc.obj
 0001:00009814       __strncnt                  000000014000a814 f   libucrt:strncnt.obj
 0001:000098c8       _lseeki64_nolock           000000014000a8c8 f   libucrt:lseek.obj
 0001:000098d0       _putwch_nolock             000000014000a8d0 f   libucrt:putwch.obj
 0001:0000990c       _fclose_nolock             000000014000a90c f   libucrt:fclose.obj
 0001:00009990       fclose                     000000014000a990 f   libucrt:fclose.obj
 0001:000099f4       ?__mbrtoc32_utf8@__crt_mbstring@@YA_KPEA_UPEBD_KPEAU_Mbstatet@@@Z 000000014000a9f4 f   libucrt:mbrtoc32.obj
 0001:00009bd0       log10                      000000014000abd0 f   libucrt:log10.obj
 0001:0000a17c       __dcrt_lowio_ensure_console_output_initialized 000000014000b17c f   libucrt:initcon.obj
 0001:0000a1d0       __dcrt_terminate_console_output 000000014000b1d0 f   libucrt:initcon.obj
 0001:0000a1ec       __dcrt_write_console       000000014000b1ec f   libucrt:initcon.obj
 0001:0000a320       _close                     000000014000b320 f   libucrt:close.obj
 0001:0000a3c4       _close_nolock              000000014000b3c4 f   libucrt:close.obj
 0001:0000a484       ?__acrt_stdio_free_stream@@YAXV__crt_stdio_stream@@@Z 000000014000b484 f   libucrt:stream.obj
 0001:0000a5c4       _handle_error              000000014000b5c4 f   libucrt:libm_error.obj
 0001:0000a6f0       __acrt_initialize_fma3     000000014000b6f0 f   libucrt:fma3_available.obj
 0001:0000a760       _log10_special             000000014000b760 f   libucrt:log_special.obj
 0001:0000a830       _get_fpsr                  000000014000b830 f   libucrt:fpsr.obj
 0001:0000a840       _set_fpsr                  000000014000b840 f   libucrt:fpsr.obj
 0001:0000a84a       _fclrf                     000000014000b84a f   libucrt:fpsr.obj
 0001:0000a85e       _frnd                      000000014000b85e f   libucrt:fpsr.obj
 0001:0000a880       _raise_exc                 000000014000b880 f   libucrt:fpexcept.obj
 0001:0000a8a8       _raise_exc_ex              000000014000b8a8 f   libucrt:fpexcept.obj
 0001:0000abb8       _set_errno_from_matherr    000000014000bbb8 f   libucrt:fpexcept.obj
 0001:0000abe8       _clrfp                     000000014000bbe8 f   libucrt:fpctrl.obj
 0001:0000ac08       _ctrlfp                    000000014000bc08 f   libucrt:fpctrl.obj
 0001:0000ac84       _set_statfp                000000014000bc84 f   libucrt:fpctrl.obj
 0001:0000aca4       _statfp                    000000014000bca4 f   libucrt:fpctrl.obj
 0001:0000acb5       IsProcessorFeaturePresent  000000014000bcb5 f   kernel32:KERNEL32.dll
 0001:0000acc0       _FindPESection             000000014000bcc0 f   LIBCMT:pesect.obj
 0001:0000ad10       _IsNonwritableInCurrentImage 000000014000bd10 f   LIBCMT:pesect.obj
 0001:0000ad60       _ValidateImageBase         000000014000bd60 f   LIBCMT:pesect.obj
 0001:0000ad90       __GSHandlerCheck           000000014000bd90 f   LIBCMT:gshandler.obj
 0001:0000adb0       __GSHandlerCheckCommon     000000014000bdb0 f   LIBCMT:gshandler.obj
 0001:0000ae20       __security_check_cookie    000000014000be20 f   LIBCMT:amdsecgs.obj
 0001:0000ae44       __raise_securityfailure    000000014000be44 f   LIBCMT:gs_report.obj
 0001:0000ae78       __report_gsfailure         000000014000be78 f   LIBCMT:gs_report.obj
 0001:0000af4c       __report_rangecheckfailure 000000014000bf4c f   LIBCMT:gs_report.obj
 0001:0000af60       __report_securityfailure   000000014000bf60 f   LIBCMT:gs_report.obj
 0001:0000b0f0       __chkstk                   000000014000c0f0 f   LIBCMT:chkstk.obj
 0001:0000b0f0       _alloca_probe              000000014000c0f0 f   LIBCMT:chkstk.obj
 0001:0000b160       memcmp                     000000014000c160 f   libvcruntime:memcmp.obj
 0001:0000b240       _guard_dispatch_icall_nop  000000014000c240 f   LIBCMT:guard_dispatch.obj
 0001:0000b260       _guard_xfg_dispatch_icall_nop 000000014000c260 f   LIBCMT:guard_xfg_dispatch.obj
 0002:00000000       __imp_RaiseException       000000014000d000     kernel32:KERNEL32.dll
 0002:00000008       __imp_WriteConsoleW        000000014000d008     kernel32:KERNEL32.dll
 0002:00000010       __imp_CreateFileW          000000014000d010     kernel32:KERNEL32.dll
 0002:00000018       __imp_SetFilePointerEx     000000014000d018     kernel32:KERNEL32.dll
 0002:00000020       __imp_GetConsoleMode       000000014000d020     kernel32:KERNEL32.dll
 0002:00000028       __imp_GetConsoleCP         000000014000d028     kernel32:KERNEL32.dll
 0002:00000030       __imp_FlushFileBuffers     000000014000d030     kernel32:KERNEL32.dll
 0002:00000038       __imp_CreateFileA          000000014000d038     kernel32:KERNEL32.dll
 0002:00000040       __imp_GetFileSizeEx        000000014000d040     kernel32:KERNEL32.dll
 0002:00000048       __imp_ReadFile             000000014000d048     kernel32:KERNEL32.dll
 0002:00000050       __imp_WriteFile            000000014000d050     kernel32:KERNEL32.dll
 0002:00000058       __imp_CloseHandle          000000014000d058     kernel32:KERNEL32.dll
 0002:00000060       __imp_VirtualAlloc         000000014000d060     kernel32:KERNEL32.dll
 0002:00000068       __imp_VirtualFree          000000014000d068     kernel32:KERNEL32.dll
 0002:00000070       __imp_FreeLibrary          000000014000d070     kernel32:KERNEL32.dll
 0002:00000078       __imp_GetProcAddress       000000014000d078     kernel32:KERNEL32.dll
 0002:00000080       __imp_LoadLibraryA         000000014000d080     kernel32:KERNEL32.dll
 0002:00000088       __imp_CopyFileA            000000014000d088     kernel32:KERNEL32.dll
 0002:00000090       __imp_HeapReAlloc          000000014000d090     kernel32:KERNEL32.dll
 0002:00000098       __imp_QueryPerformanceCounter 000000014000d098     kernel32:KERNEL32.dll
 0002:000000a0       __imp_GetCurrentProcessId  000000014000d0a0     kernel32:KERNEL32.dll
 0002:000000a8       __imp_GetCurrentThreadId   000000014000d0a8     kernel32:KERNEL32.dll
 0002:000000b0       __imp_GetSystemTimeAsFileTime 000000014000d0b0     kernel32:KERNEL32.dll
 0002:000000b8       __imp_InitializeSListHead  000000014000d0b8     kernel32:KERNEL32.dll
 0002:000000c0       __imp_RtlCaptureContext    000000014000d0c0     kernel32:KERNEL32.dll
 0002:000000c8       __imp_RtlLookupFunctionEntry 000000014000d0c8     kernel32:KERNEL32.dll
 0002:000000d0       __imp_RtlVirtualUnwind     000000014000d0d0     kernel32:KERNEL32.dll
 0002:000000d8       __imp_IsDebuggerPresent    000000014000d0d8     kernel32:KERNEL32.dll
 0002:000000e0       __imp_UnhandledExceptionFilter 000000014000d0e0     kernel32:KERNEL32.dll
 0002:000000e8       __imp_SetUnhandledExceptionFilter 000000014000d0e8     kernel32:KERNEL32.dll
 0002:000000f0       __imp_GetStartupInfoW      000000014000d0f0     kernel32:KERNEL32.dll
 0002:000000f8       __imp_IsProcessorFeaturePresent 000000014000d0f8     kernel32:KERNEL32.dll
 0002:00000100       __imp_GetModuleHandleW     000000014000d100     kernel32:KERNEL32.dll
 0002:00000108       __imp_RtlUnwindEx          000000014000d108     kernel32:KERNEL32.dll
 0002:00000110       __imp_GetLastError         000000014000d110     kernel32:KERNEL32.dll
 0002:00000118       __imp_SetLastError         000000014000d118     kernel32:KERNEL32.dll
 0002:00000120       __imp_EnterCriticalSection 000000014000d120     kernel32:KERNEL32.dll
 0002:00000128       __imp_LeaveCriticalSection 000000014000d128     kernel32:KERNEL32.dll
 0002:00000130       __imp_DeleteCriticalSection 000000014000d130     kernel32:KERNEL32.dll
 0002:00000138       __imp_InitializeCriticalSectionAndSpinCount 000000014000d138     kernel32:KERNEL32.dll
 0002:00000140       __imp_TlsAlloc             000000014000d140     kernel32:KERNEL32.dll
 0002:00000148       __imp_TlsGetValue          000000014000d148     kernel32:KERNEL32.dll
 0002:00000150       __imp_TlsSetValue          000000014000d150     kernel32:KERNEL32.dll
 0002:00000158       __imp_TlsFree              000000014000d158     kernel32:KERNEL32.dll
 0002:00000160       __imp_LoadLibraryExW       000000014000d160     kernel32:KERNEL32.dll
 0002:00000168       __imp_GetStdHandle         000000014000d168     kernel32:KERNEL32.dll
 0002:00000170       __imp_GetModuleFileNameW   000000014000d170     kernel32:KERNEL32.dll
 0002:00000178       __imp_GetCurrentProcess    000000014000d178     kernel32:KERNEL32.dll
 0002:00000180       __imp_ExitProcess          000000014000d180     kernel32:KERNEL32.dll
 0002:00000188       __imp_TerminateProcess     000000014000d188     kernel32:KERNEL32.dll
 0002:00000190       __imp_GetModuleHandleExW   000000014000d190     kernel32:KERNEL32.dll
 0002:00000198       __imp_HeapAlloc            000000014000d198     kernel32:KERNEL32.dll
 0002:000001a0       __imp_HeapFree             000000014000d1a0     kernel32:KERNEL32.dll
 0002:000001a8       __imp_FindClose            000000014000d1a8     kernel32:KERNEL32.dll
 0002:000001b0       __imp_FindFirstFileExW     000000014000d1b0     kernel32:KERNEL32.dll
 0002:000001b8       __imp_FindNextFileW        000000014000d1b8     kernel32:KERNEL32.dll
 0002:000001c0       __imp_IsValidCodePage      000000014000d1c0     kernel32:KERNEL32.dll
 0002:000001c8       __imp_GetACP               000000014000d1c8     kernel32:KERNEL32.dll
 0002:000001d0       __imp_GetOEMCP             000000014000d1d0     kernel32:KERNEL32.dll
 0002:000001d8       __imp_GetCPInfo            000000014000d1d8     kernel32:KERNEL32.dll
 0002:000001e0       __imp_GetCommandLineA      000000014000d1e0     kernel32:KERNEL32.dll
 0002:000001e8       __imp_GetCommandLineW      000000014000d1e8     kernel32:KERNEL32.dll
 0002:000001f0       __imp_MultiByteToWideChar  000000014000d1f0     kernel32:KERNEL32.dll
 0002:000001f8       __imp_WideCharToMultiByte  000000014000d1f8     kernel32:KERNEL32.dll
 0002:00000200       __imp_GetEnvironmentStringsW 000000014000d200     kernel32:KERNEL32.dll
 0002:00000208       __imp_FreeEnvironmentStringsW 000000014000d208     kernel32:KERNEL32.dll
 0002:00000210       __imp_SetStdHandle         000000014000d210     kernel32:KERNEL32.dll
 0002:00000218       __imp_GetFileType          000000014000d218     kernel32:KERNEL32.dll
 0002:00000220       __imp_GetStringTypeW       000000014000d220     kernel32:KERNEL32.dll
 0002:00000228       __imp_LCMapStringW         000000014000d228     kernel32:KERNEL32.dll
 0002:00000230       __imp_GetProcessHeap       000000014000d230     kernel32:KERNEL32.dll
 0002:00000238       __imp_HeapSize             000000014000d238     kernel32:KERNEL32.dll
 0002:00000240       \177KERNEL32_NULL_THUNK_DATA 000000014000d240     kernel32:KERNEL32.dll
 0002:00000248       __imp_WindowShouldClose    000000014000d248     raylib:raylib.dll
 0002:00000250       __imp_SetTargetFPS         000000014000d250     raylib:raylib.dll
 0002:00000258       __imp_EndDrawing           000000014000d258     raylib:raylib.dll
 0002:00000260       __imp_BeginDrawing         000000014000d260     raylib:raylib.dll
 0002:00000268       __imp_ClearBackground      000000014000d268     raylib:raylib.dll
 0002:00000270       __imp_CloseWindow          000000014000d270     raylib:raylib.dll
 0002:00000278       __imp_InitWindow           000000014000d278     raylib:raylib.dll
 0002:00000280       \177raylib_NULL_THUNK_DATA 000000014000d280     raylib:raylib.dll
 0002:00000288       __guard_check_icall_fptr   000000014000d288     LIBCMT:guard_support.obj
 0002:00000290       __guard_xfg_check_icall_fptr 000000014000d290     LIBCMT:guard_support.obj
 0002:00000298       __guard_dispatch_icall_fptr 000000014000d298     LIBCMT:guard_support.obj
 0002:000002a0       __guard_xfg_dispatch_icall_fptr 000000014000d2a0     LIBCMT:guard_support.obj
 0002:000002a8       __guard_xfg_table_dispatch_icall_fptr 000000014000d2a8     LIBCMT:guard_support.obj
 0002:000002b0       __xc_a                     000000014000d2b0     LIBCMT:initializers.obj
 0002:000002c0       __xc_z                     000000014000d2c0     LIBCMT:initializers.obj
 0002:000002c8       __xi_a                     000000014000d2c8     LIBCMT:initializers.obj
 0002:000002e0       __acrt_multibyte_initializer 000000014000d2e0     libucrt:multibyte_initializer.obj
 0002:000002e8       __acrt_stdio_initializer   000000014000d2e8     libucrt:stdio_initializer.obj
 0002:000002f0       __acrt_tran_fma3_initializer 000000014000d2f0     libucrt:fma3_initializer.obj
 0002:000002f8       __xi_z                     000000014000d2f8     LIBCMT:initializers.obj
 0002:00000300       __xp_a                     000000014000d300     LIBCMT:initializers.obj
 0002:00000308       __acrt_locale_terminator   000000014000d308     libucrt:locale_initializer.obj
 0002:00000310       __dcrt_console_output_terminator 000000014000d310     libucrt:console_output_initializer.obj
 0002:00000318       __acrt_stdio_terminator    000000014000d318     libucrt:stdio_initializer.obj
 0002:00000320       __xp_z                     000000014000d320     LIBCMT:initializers.obj
 0002:00000328       __xt_a                     000000014000d328     LIBCMT:initializers.obj
 0002:00000330       __xt_z                     000000014000d330     LIBCMT:initializers.obj
 0002:00000390       __xmm@ffffffffffffffffffffffffffffffff 000000014000d390     LIBCMT:utility.obj
 0002:000003a0       _pDestructExceptionObject  000000014000d3a0     libvcruntime:ehhelpers.obj
 0002:00000ab0       ??_C@_08EHJDFFNH@__based?$CI@ 000000014000dab0     libvcruntime:undname.obj
 0002:00000ac0       ??_C@_07KOLFKCDI@__cdecl@  000000014000dac0     libvcruntime:undname.obj
 0002:00000ac8       ??_C@_08GHMPAG@__pascal@   000000014000dac8     libvcruntime:undname.obj
 0002:00000ad8       ??_C@_09IFJBGAPI@__stdcall@ 000000014000dad8     libvcruntime:undname.obj
 0002:00000ae8       ??_C@_0L@NPHFGOKO@__thiscall@ 000000014000dae8     libvcruntime:undname.obj
 0002:00000af8       ??_C@_0L@JMKHOMEK@__fastcall@ 000000014000daf8     libvcruntime:undname.obj
 0002:00000b08       ??_C@_0N@BCKKPABJ@__vectorcall@ 000000014000db08     libvcruntime:undname.obj
 0002:00000b18       ??_C@_09HIJEGCPM@__clrcall@ 000000014000db18     libvcruntime:undname.obj
 0002:00000b24       ??_C@_06GHPCKEAG@__eabi@   000000014000db24     libvcruntime:undname.obj
 0002:00000b30       ??_C@_09IOPIDJLG@__swift_1@ 000000014000db30     libvcruntime:undname.obj
 0002:00000b40       ??_C@_09KFNFGKHF@__swift_2@ 000000014000db40     libvcruntime:undname.obj
 0002:00000b50       ??_C@_07JOMMBBKO@__ptr64@  000000014000db50     libvcruntime:undname.obj
 0002:00000b58       ??_C@_0L@PILCLIHE@__restrict@ 000000014000db58     libvcruntime:undname.obj
 0002:00000b68       ??_C@_0M@GFIIJFMG@__unaligned@ 000000014000db68     libvcruntime:undname.obj
 0002:00000b78       ??_C@_09DHDLOLLB@restrict?$CI@ 000000014000db78     libvcruntime:undname.obj
 0002:00000b82       ??_C@_00CNPNBAHC@@         000000014000db82     libvcruntime:undname.obj
 0002:00000b84       ??_C@_04NIHEBCM@?5new@     000000014000db84     libvcruntime:undname.obj
 0002:00000b90       ??_C@_07FPCDHGMM@?5delete@ 000000014000db90     libvcruntime:undname.obj
 0002:00000b98       ??_C@_01NEMOKFLO@?$DN@     000000014000db98     libvcruntime:undname.obj
 0002:00000b9c       ??_C@_02GPIOPFAK@?$DO?$DO@ 000000014000db9c     libvcruntime:undname.obj
 0002:00000ba0       ??_C@_02FODMEDOG@?$DM?$DM@ 000000014000dba0     libvcruntime:undname.obj
 0002:00000ba4       ??_C@_01DCLJPIOD@?$CB@     000000014000dba4     libvcruntime:undname.obj
 0002:00000ba8       ??_C@_02EGOFBIJA@?$DN?$DN@ 000000014000dba8     libvcruntime:undname.obj
 0002:00000bac       ??_C@_02FDNJECIE@?$CB?$DN@ 000000014000dbac     libvcruntime:undname.obj
 0002:00000bb0       ??_C@_02GPECMEKF@?$FL?$FN@ 000000014000dbb0     libvcruntime:undname.obj
 0002:00000bb8       ??_C@_08LHJFAFGD@operator@ 000000014000dbb8     libvcruntime:undname.obj
 0002:00000bc4       ??_C@_02HBOOOICD@?9?$DO@   000000014000dbc4     libvcruntime:undname.obj
 0002:00000bc8       ??_C@_01NBENCBCI@?$CK@     000000014000dbc8     libvcruntime:undname.obj
 0002:00000bcc       ??_C@_02ECNGHCIF@?$CL?$CL@ 000000014000dbcc     libvcruntime:undname.obj
 0002:00000bd0       ??_C@_02BAABKJLB@?9?9@     000000014000dbd0     libvcruntime:undname.obj
 0002:00000bd4       ??_C@_01JOAMLHOP@?9@       000000014000dbd4     libvcruntime:undname.obj
 0002:00000bd8       ??_C@_01MIFGBAGJ@?$CL@     000000014000dbd8     libvcruntime:undname.obj
 0002:00000bdc       ??_C@_01HNPIGOCE@?$CG@     000000014000dbdc     libvcruntime:undname.obj
 0002:00000be0       ??_C@_03MNHNFDLC@?9?$DO?$CK@ 000000014000dbe0     libvcruntime:undname.obj
 0002:00000be4       ??_C@_01KMDKNFGN@?1@       000000014000dbe4     libvcruntime:undname.obj
 0002:00000be8       ??_C@_01FGNFDNOH@?$CF@     000000014000dbe8     libvcruntime:undname.obj
 0002:00000bec       ??_C@_01MNNFJEPP@?$DM@     000000014000dbec     libvcruntime:undname.obj
 0002:00000bf0       ??_C@_02EHCHHCKH@?$DM?$DN@ 000000014000dbf0     libvcruntime:undname.obj
 0002:00000bf4       ??_C@_01PPODPGHN@?$DO@     000000014000dbf4     libvcruntime:undname.obj
 0002:00000bf8       ??_C@_02EEKDKGMJ@?$DO?$DN@ 000000014000dbf8     libvcruntime:undname.obj
 0002:00000bfc       ??_C@_01IHBHIGKO@?0@       000000014000dbfc     libvcruntime:undname.obj
 0002:00000c00       ??_C@_02HCKGKOFO@?$CI?$CJ@ 000000014000dc00     libvcruntime:undname.obj
 0002:00000c04       ??_C@_01PJKLJHI@?$HO@      000000014000dc04     libvcruntime:undname.obj
 0002:00000c08       ??_C@_01JKBOJNNK@?$FO@     000000014000dc08     libvcruntime:undname.obj
 0002:00000c0c       ??_C@_01DNKMNLPK@?$HM@     000000014000dc0c     libvcruntime:undname.obj
 0002:00000c10       ??_C@_02PPKAJPJL@?$CG?$CG@ 000000014000dc10     libvcruntime:undname.obj
 0002:00000c14       ??_C@_02NONPIBCD@?$HM?$HM@ 000000014000dc14     libvcruntime:undname.obj
 0002:00000c18       ??_C@_02FPIMKNGF@?$CK?$DN@ 000000014000dc18     libvcruntime:undname.obj
 0002:00000c1c       ??_C@_02FOEOMHFC@?$CL?$DN@ 000000014000dc1c     libvcruntime:undname.obj
 0002:00000c20       ??_C@_02FKMDLLOA@?9?$DN@   000000014000dc20     libvcruntime:undname.obj
 0002:00000c24       ??_C@_02FJEHGPIO@?1?$DN@   000000014000dc24     libvcruntime:undname.obj
 0002:00000c28       ??_C@_02FENAOKFI@?$CF?$DN@ 000000014000dc28     libvcruntime:undname.obj
 0002:00000c2c       ??_C@_03IKFCCPFF@?$DO?$DO?$DN@ 000000014000dc2c     libvcruntime:undname.obj
 0002:00000c30       ??_C@_03CDNPDDLA@?$DM?$DM?$DN@ 000000014000dc30     libvcruntime:undname.obj
 0002:00000c34       ??_C@_02FGJGFEAB@?$CG?$DN@ 000000014000dc34     libvcruntime:undname.obj
 0002:00000c38       ??_C@_02DHLNPPGH@?$HM?$DN@ 000000014000dc38     libvcruntime:undname.obj
 0002:00000c3c       ??_C@_02MHEGNOJ@?$FO?$DN@  000000014000dc3c     libvcruntime:undname.obj
 0002:00000c40       ??_C@_09IFPLHPGF@?$GAvftable?8@ 000000014000dc40     libvcruntime:undname.obj
 0002:00000c50       ??_C@_09BLBHBJP@?$GAvbtable?8@ 000000014000dc50     libvcruntime:undname.obj
 0002:00000c60       ??_C@_07FEEIOKP@?$GAvcall?8@ 000000014000dc60     libvcruntime:undname.obj
 0002:00000c68       ??_C@_08LLFFHHDJ@?$GAtypeof?8@ 000000014000dc68     libvcruntime:undname.obj
 0002:00000c78       ??_C@_0BF@KDPPACIK@?$GAlocal?5static?5guard?8@ 000000014000dc78     libvcruntime:undname.obj
 0002:00000c90       ??_C@_08OBABFOLI@?$GAstring?8@ 000000014000dc90     libvcruntime:undname.obj
 0002:00000ca0       ??_C@_0BD@JDLKDPAB@?$GAvbase?5destructor?8@ 000000014000dca0     libvcruntime:undname.obj
 0002:00000cb8       ??_C@_0BN@DEGPLNFK@?$GAvector?5deleting?5destructor?8@ 000000014000dcb8     libvcruntime:undname.obj
 0002:00000cd8       ??_C@_0BO@OBMKPJIG@?$GAdefault?5constructor?5closure?8@ 000000014000dcd8     libvcruntime:undname.obj
 0002:00000cf8       ??_C@_0BN@IMDCHIKM@?$GAscalar?5deleting?5destructor?8@ 000000014000dcf8     libvcruntime:undname.obj
 0002:00000d18       ??_C@_0BO@PFGOCPJJ@?$GAvector?5constructor?5iterator?8@ 000000014000dd18     libvcruntime:undname.obj
 0002:00000d38       ??_C@_0BN@LFPFMEDL@?$GAvector?5destructor?5iterator?8@ 000000014000dd38     libvcruntime:undname.obj
 0002:00000d58       ??_C@_0CE@IKBNEHA@?$GAvector?5vbase?5constructor?5itera@ 000000014000dd58     libvcruntime:undname.obj
 0002:00000d80       ??_C@_0BL@NILFHHPC@?$GAvirtual?5displacement?5map?8@ 000000014000dd80     libvcruntime:undname.obj
 0002:00000da0       ??_C@_0CB@JONCMFFK@?$GAeh?5vector?5constructor?5iterator@ 000000014000dda0     libvcruntime:undname.obj
 0002:00000dc8       ??_C@_0CA@GCEOPDGL@?$GAeh?5vector?5destructor?5iterator?8@ 000000014000ddc8     libvcruntime:undname.obj
 0002:00000de8       ??_C@_0CH@OOJPLCPH@?$GAeh?5vector?5vbase?5constructor?5it@ 000000014000dde8     libvcruntime:undname.obj
 0002:00000e10       ??_C@_0BL@LLKPOHJI@?$GAcopy?5constructor?5closure?8@ 000000014000de10     libvcruntime:undname.obj
 0002:00000e30       ??_C@_0BA@KBCDOMBN@?$GAudt?5returning?8@ 000000014000de30     libvcruntime:undname.obj
 0002:00000e40       ??_C@_03KLGMFNMG@?$GAEH@   000000014000de40     libvcruntime:undname.obj
 0002:00000e44       ??_C@_05KHLCHHI@?$GARTTI@  000000014000de44     libvcruntime:undname.obj
 0002:00000e50       ??_C@_0BA@KKLDJDLB@?$GAlocal?5vftable?8@ 000000014000de50     libvcruntime:undname.obj
 0002:00000e60       ??_C@_0CE@IIHCMGGL@?$GAlocal?5vftable?5constructor?5clos@ 000000014000de60     libvcruntime:undname.obj
 0002:00000e84       ??_C@_06FHBGPFGH@?5new?$FL?$FN@ 000000014000de84     libvcruntime:undname.obj
 0002:00000e90       ??_C@_09LBNFPBCA@?5delete?$FL?$FN@ 000000014000de90     libvcruntime:undname.obj
 0002:00000ea0       ??_C@_0P@HJKNJFNN@?$GAomni?5callsig?8@ 000000014000dea0     libvcruntime:undname.obj
 0002:00000eb0       ??_C@_0BL@CNOONJFP@?$GAplacement?5delete?5closure?8@ 000000014000deb0     libvcruntime:undname.obj
 0002:00000ed0       ??_C@_0BN@CKNJLHMB@?$GAplacement?5delete?$FL?$FN?5closure?8@ 000000014000ded0     libvcruntime:undname.obj
 0002:00000ef0       ??_C@_0CG@CFDHKGGD@?$GAmanaged?5vector?5constructor?5ite@ 000000014000def0     libvcruntime:undname.obj
 0002:00000f18       ??_C@_0CF@IMGKMJNO@?$GAmanaged?5vector?5destructor?5iter@ 000000014000df18     libvcruntime:undname.obj
 0002:00000f40       ??_C@_0CG@HLDDJMAG@?$GAeh?5vector?5copy?5constructor?5ite@ 000000014000df40     libvcruntime:undname.obj
 0002:00000f68       ??_C@_0CM@FCBBDIGB@?$GAeh?5vector?5vbase?5copy?5construct@ 000000014000df68     libvcruntime:undname.obj
 0002:00000f98       ??_C@_0BL@CLIPGLGB@?$GAdynamic?5initializer?5for?5?8@ 000000014000df98     libvcruntime:undname.obj
 0002:00000fb8       ??_C@_0CB@PDBIFEP@?$GAdynamic?5atexit?5destructor?5for?5@ 000000014000dfb8     libvcruntime:undname.obj
 0002:00000fe0       ??_C@_0CD@CGAJBKEJ@?$GAvector?5copy?5constructor?5iterat@ 000000014000dfe0     libvcruntime:undname.obj
 0002:00001008       ??_C@_0CJ@GJELGAMM@?$GAvector?5vbase?5copy?5constructor?5@ 000000014000e008     libvcruntime:undname.obj
 0002:00001038       ??_C@_0CL@FGIJHLCE@?$GAmanaged?5vector?5copy?5constructo@ 000000014000e038     libvcruntime:undname.obj
 0002:00001068       ??_C@_0BM@PMGGMLDN@?$GAlocal?5static?5thread?5guard?8@ 000000014000e068     libvcruntime:undname.obj
 0002:00001088       ??_C@_0N@BDNMDMOL@operator?5?$CC?$CC?5@ 000000014000e088     libvcruntime:undname.obj
 0002:00001098       ??_C@_0BC@GGEBGALA@operator?5co_await@ 000000014000e098     libvcruntime:undname.obj
 0002:000010b0       ??_C@_0M@GAAIMMOH@operator?$DM?$DN?$DO@ 000000014000e0b0     libvcruntime:undname.obj
 0002:000010c0       ??_C@_0BC@DAFEJGAK@?5Type?5Descriptor?8@ 000000014000e0c0     libvcruntime:undname.obj
 0002:000010d8       ??_C@_0BM@LDKODKLH@?5Base?5Class?5Descriptor?5at?5?$CI@ 000000014000e0d8     libvcruntime:undname.obj
 0002:000010f8       ??_C@_0BD@LGICGFMM@?5Base?5Class?5Array?8@ 000000014000e0f8     libvcruntime:undname.obj
 0002:00001110       ??_C@_0BN@MECKDCOJ@?5Class?5Hierarchy?5Descriptor?8@ 000000014000e110     libvcruntime:undname.obj
 0002:00001130       ??_C@_0BK@CFCOFLF@?5Complete?5Object?5Locator?8@ 000000014000e130     libvcruntime:undname.obj
 0002:00001150       ??_C@_0BG@JNJLAMPM@?$GAanonymous?5namespace?8@ 000000014000e150     libvcruntime:undname.obj
 0002:00001180       ??_C@_1DM@KHCHBNEB@?$AAa?$AAp?$AAi?$AA?9?$AAm?$AAs?$AA?9?$AAw?$AAi?$AAn?$AA?9?$AAc?$AAo?$AAr?$AAe@ 000000014000e180     libvcruntime:winapi_downlevel.obj
 0002:000011c0       ??_C@_1DK@LPPGFMPP@?$AAa?$AAp?$AAi?$AA?9?$AAm?$AAs?$AA?9?$AAw?$AAi?$AAn?$AA?9?$AAc?$AAo?$AAr?$AAe@ 000000014000e1c0     libvcruntime:winapi_downlevel.obj
 0002:00001200       ??_C@_1BC@GDMECMAK@?$AAk?$AAe?$AAr?$AAn?$AAe?$AAl?$AA3?$AA2@ 000000014000e200     libvcruntime:winapi_downlevel.obj
 0002:00001218       ??_C@_1BA@PFFKHIOG@?$AAa?$AAp?$AAi?$AA?9?$AAm?$AAs?$AA?9@ 000000014000e218     libvcruntime:winapi_downlevel.obj
 0002:00001230       ??_C@_08KNHFBNJ@FlsAlloc@  000000014000e230     libvcruntime:winapi_downlevel.obj
 0002:00001248       ??_C@_07PEJMOBNF@FlsFree@  000000014000e248     libvcruntime:winapi_downlevel.obj
 0002:00001258       ??_C@_0M@GDNOONDI@FlsGetValue@ 000000014000e258     libvcruntime:winapi_downlevel.obj
 0002:00001270       ??_C@_0M@JCPCPOEF@FlsSetValue@ 000000014000e270     libvcruntime:winapi_downlevel.obj
 0002:00001288       ??_C@_0BM@HCFOFFN@InitializeCriticalSectionEx@ 000000014000e288     libvcruntime:winapi_downlevel.obj
 0002:000012b0       __acrt_exception_action_table 000000014000e2b0     libucrt:exception_filter.obj
 0002:00001370       __acrt_signal_action_table_count 000000014000e370     libucrt:exception_filter.obj
 0002:00001378       __acrt_signal_action_first_fpe_index 000000014000e378     libucrt:exception_filter.obj
 0002:00001380       __acrt_signal_action_fpe_count 000000014000e380     libucrt:exception_filter.obj
 0002:00001388       ??_C@_1BI@BGOHAHKC@?$AAm?$AAs?$AAc?$AAo?$AAr?$AAe?$AAe?$AA?4?$AAd?$AAl?$AAl@ 000000014000e388     libucrt:exit.obj
 0002:000013a0       ??_C@_0P@MIGLKIOC@CorExitProcess@ 000000014000e3a0     libucrt:exit.obj
 0002:00001638       ??_C@_1M@HPNHIDJI@?$AAj?$AAa?$AA?9?$AAJ?$AAP@ 000000014000e638     libucrt:mbctype.obj
 0002:00001648       ??_C@_1M@BIBDDEMK@?$AAz?$AAh?$AA?9?$AAC?$AAN@ 000000014000e648     libucrt:mbctype.obj
 0002:00001658       ??_C@_1M@JLOOOEGK@?$AAk?$AAo?$AA?9?$AAK?$AAR@ 000000014000e658     libucrt:mbctype.obj
 0002:00001668       ??_C@_1M@CLNBBOPM@?$AAz?$AAh?$AA?9?$AAT?$AAW@ 000000014000e668     libucrt:mbctype.obj
 0002:00001680       __lc_time_c                000000014000e680     libucrt:nlsdata.obj
 0002:00001940       ??_C@_03KOEHGMDN@Sun@      000000014000e940     libucrt:nlsdata.obj
 0002:00001944       ??_C@_03PDAGKDH@Mon@       000000014000e944     libucrt:nlsdata.obj
 0002:00001948       ??_C@_03NAGEINEP@Tue@      000000014000e948     libucrt:nlsdata.obj
 0002:0000194c       ??_C@_03MHOMLAJA@Wed@      000000014000e94c     libucrt:nlsdata.obj
 0002:00001950       ??_C@_03IOFIKPDN@Thu@      000000014000e950     libucrt:nlsdata.obj
 0002:00001954       ??_C@_03IDIOELNC@Fri@      000000014000e954     libucrt:nlsdata.obj
 0002:00001958       ??_C@_03FEFJNEK@Sat@       000000014000e958     libucrt:nlsdata.obj
 0002:0000195c       ??_C@_06OOPIFAJ@Sunday@    000000014000e95c     libucrt:nlsdata.obj
 0002:00001964       ??_C@_06JLEDEDGH@Monday@   000000014000e964     libucrt:nlsdata.obj
 0002:00001970       ??_C@_07BAAGCFCM@Tuesday@  000000014000e970     libucrt:nlsdata.obj
 0002:00001978       ??_C@_09DLIGFAKA@Wednesday@ 000000014000e978     libucrt:nlsdata.obj
 0002:00001988       ??_C@_08HACCIKIA@Thursday@ 000000014000e988     libucrt:nlsdata.obj
 0002:00001994       ??_C@_06JECMNKMI@Friday@   000000014000e994     libucrt:nlsdata.obj
 0002:000019a0       ??_C@_08INBOOONO@Saturday@ 000000014000e9a0     libucrt:nlsdata.obj
 0002:000019ac       ??_C@_03JIHJHPIE@Jan@      000000014000e9ac     libucrt:nlsdata.obj
 0002:000019b0       ??_C@_03HJBDCHOM@Feb@      000000014000e9b0     libucrt:nlsdata.obj
 0002:000019b4       ??_C@_03ODNJBKGA@Mar@      000000014000e9b4     libucrt:nlsdata.obj
 0002:000019b8       ??_C@_03LEOLGMJP@Apr@      000000014000e9b8     libucrt:nlsdata.obj
 0002:000019bc       ??_C@_03CNMDKL@May@        000000014000e9bc     libucrt:nlsdata.obj
 0002:000019c0       ??_C@_03IDFGHECI@Jun@      000000014000e9c0     libucrt:nlsdata.obj
 0002:000019c4       ??_C@_03LBGABGKK@Jul@      000000014000e9c4     libucrt:nlsdata.obj
 0002:000019c8       ??_C@_03IFJFEIGA@Aug@      000000014000e9c8     libucrt:nlsdata.obj
 0002:000019cc       ??_C@_03GGCAPAJC@Sep@      000000014000e9cc     libucrt:nlsdata.obj
 0002:000019d0       ??_C@_03BMAOKBAD@Oct@      000000014000e9d0     libucrt:nlsdata.obj
 0002:000019d4       ??_C@_03JPJOFNIA@Nov@      000000014000e9d4     libucrt:nlsdata.obj
 0002:000019d8       ??_C@_03MKABNOCG@Dec@      000000014000e9d8     libucrt:nlsdata.obj
 0002:000019e0       ??_C@_07CGJPFGJA@January@  000000014000e9e0     libucrt:nlsdata.obj
 0002:000019e8       ??_C@_08GNJGEPFN@February@ 000000014000e9e8     libucrt:nlsdata.obj
 0002:000019f4       ??_C@_05HPCKOFNC@March@    000000014000e9f4     libucrt:nlsdata.obj
 0002:000019fc       ??_C@_05DMJDNLEJ@April@    000000014000e9fc     libucrt:nlsdata.obj
 0002:00001a04       ??_C@_04CNLMGBGM@June@     000000014000ea04     libucrt:nlsdata.obj
 0002:00001a0c       ??_C@_04MIEPOIFP@July@     000000014000ea0c     libucrt:nlsdata.obj
 0002:00001a14       ??_C@_06LBBHFDDG@August@   000000014000ea14     libucrt:nlsdata.obj
 0002:00001a20       ??_C@_09BHHEALKD@September@ 000000014000ea20     libucrt:nlsdata.obj
 0002:00001a30       ??_C@_07JJNFCEND@October@  000000014000ea30     libucrt:nlsdata.obj
 0002:00001a38       ??_C@_08HCHEGEOA@November@ 000000014000ea38     libucrt:nlsdata.obj
 0002:00001a48       ??_C@_08EDHMEBNP@December@ 000000014000ea48     libucrt:nlsdata.obj
 0002:00001a54       ??_C@_02DEDBPAFC@AM@       000000014000ea54     libucrt:nlsdata.obj
 0002:00001a58       ??_C@_02CJNFDJBF@PM@       000000014000ea58     libucrt:nlsdata.obj
 0002:00001a60       ??_C@_08BPBNCDIB@MM?1dd?1yy@ 000000014000ea60     libucrt:nlsdata.obj
 0002:00001a70       ??_C@_0BE@CKGJFCPC@dddd?0?5MMMM?5dd?0?5yyyy@ 000000014000ea70     libucrt:nlsdata.obj
 0002:00001a88       ??_C@_08JCCMCCIL@HH?3mm?3ss@ 000000014000ea88     libucrt:nlsdata.obj
 0002:00001a98       ??_C@_17MBGCMIPB@?$AAS?$AAu?$AAn@ 000000014000ea98     libucrt:nlsdata.obj
 0002:00001aa0       ??_C@_17KBOMKBF@?$AAM?$AAo?$AAn@ 000000014000eaa0     libucrt:nlsdata.obj
 0002:00001aa8       ??_C@_17BMKGEGOJ@?$AAT?$AAu?$AAe@ 000000014000eaa8     libucrt:nlsdata.obj
 0002:00001ab0       ??_C@_17CJEDCEPE@?$AAW?$AAe?$AAd@ 000000014000eab0     libucrt:nlsdata.obj
 0002:00001ab8       ??_C@_17PDPHAADD@?$AAT?$AAh?$AAu@ 000000014000eab8     libucrt:nlsdata.obj
 0002:00001ac0       ??_C@_17HFOLPPLP@?$AAF?$AAr?$AAi@ 000000014000eac0     libucrt:nlsdata.obj
 0002:00001ac8       ??_C@_17GGIBDPIH@?$AAS?$AAa?$AAt@ 000000014000eac8     libucrt:nlsdata.obj
 0002:00001ad0       ??_C@_1O@IHNHDHPB@?$AAS?$AAu?$AAn?$AAd?$AAa?$AAy@ 000000014000ead0     libucrt:nlsdata.obj
 0002:00001ae0       ??_C@_1O@MMNBFLIA@?$AAM?$AAo?$AAn?$AAd?$AAa?$AAy@ 000000014000eae0     libucrt:nlsdata.obj
 0002:00001af0       ??_C@_1BA@ENFBFFEK@?$AAT?$AAu?$AAe?$AAs?$AAd?$AAa?$AAy@ 000000014000eaf0     libucrt:nlsdata.obj
 0002:00001b00       ??_C@_1BE@EBOGMDOH@?$AAW?$AAe?$AAd?$AAn?$AAe?$AAs?$AAd?$AAa?$AAy@ 000000014000eb00     libucrt:nlsdata.obj
 0002:00001b18       ??_C@_1BC@HHMNLIHE@?$AAT?$AAh?$AAu?$AAr?$AAs?$AAd?$AAa?$AAy@ 000000014000eb18     libucrt:nlsdata.obj
 0002:00001b30       ??_C@_1O@PDICJHAG@?$AAF?$AAr?$AAi?$AAd?$AAa?$AAy@ 000000014000eb30     libucrt:nlsdata.obj
 0002:00001b40       ??_C@_1BC@ENMNNPAJ@?$AAS?$AAa?$AAt?$AAu?$AAr?$AAd?$AAa?$AAy@ 000000014000eb40     libucrt:nlsdata.obj
 0002:00001b58       ??_C@_17DKNBKCHM@?$AAJ?$AAa?$AAn@ 000000014000eb58     libucrt:nlsdata.obj
 0002:00001b60       ??_C@_17LMDJEKJN@?$AAF?$AAe?$AAb@ 000000014000eb60     libucrt:nlsdata.obj
 0002:00001b68       ??_C@_17CKNLEDEC@?$AAM?$AAa?$AAr@ 000000014000eb68     libucrt:nlsdata.obj
 0002:00001b70       ??_C@_17LFPOIHDD@?$AAA?$AAp?$AAr@ 000000014000eb70     libucrt:nlsdata.obj
 0002:00001b78       ??_C@_17PNNKMEED@?$AAM?$AAa?$AAy@ 000000014000eb78     libucrt:nlsdata.obj
 0002:00001b80       ??_C@_17KCJGOCPB@?$AAJ?$AAu?$AAn@ 000000014000eb80     libucrt:nlsdata.obj
 0002:00001b88       ??_C@_17IJPCKHK@?$AAJ?$AAu?$AAl@ 000000014000eb88     libucrt:nlsdata.obj
 0002:00001b90       ??_C@_17ICPELBCN@?$AAA?$AAu?$AAg@ 000000014000eb90     libucrt:nlsdata.obj
 0002:00001b98       ??_C@_17HCHCOKMG@?$AAS?$AAe?$AAp@ 000000014000eb98     libucrt:nlsdata.obj
 0002:00001ba0       ??_C@_17FNLKOI@?$AAO?$AAc?$AAt@ 000000014000eba0     libucrt:nlsdata.obj
 0002:00001ba8       ??_C@_17BBDMLCIG@?$AAN?$AAo?$AAv@ 000000014000eba8     libucrt:nlsdata.obj
 0002:00001bb0       ??_C@_17EGKACKIF@?$AAD?$AAe?$AAc@ 000000014000ebb0     libucrt:nlsdata.obj
 0002:00001bb8       ??_C@_1BA@EFMEIEBA@?$AAJ?$AAa?$AAn?$AAu?$AAa?$AAr?$AAy@ 000000014000ebb8     libucrt:nlsdata.obj
 0002:00001bc8       ??_C@_1BC@JGDDFFAM@?$AAF?$AAe?$AAb?$AAr?$AAu?$AAa?$AAr?$AAy@ 000000014000ebc8     libucrt:nlsdata.obj
 0002:00001be0       ??_C@_1M@IKEENEDF@?$AAM?$AAa?$AAr?$AAc?$AAh@ 000000014000ebe0     libucrt:nlsdata.obj
 0002:00001bf0       ??_C@_1M@GJNLMHFD@?$AAA?$AAp?$AAr?$AAi?$AAl@ 000000014000ebf0     libucrt:nlsdata.obj
 0002:00001c00       ??_C@_19EPFLPGAP@?$AAJ?$AAu?$AAn?$AAe@ 000000014000ec00     libucrt:nlsdata.obj
 0002:00001c10       ??_C@_19BIFMLPCD@?$AAJ?$AAu?$AAl?$AAy@ 000000014000ec10     libucrt:nlsdata.obj
 0002:00001c20       ??_C@_1O@PAHLKOAC@?$AAA?$AAu?$AAg?$AAu?$AAs?$AAt@ 000000014000ec20     libucrt:nlsdata.obj
 0002:00001c30       ??_C@_1BE@DKAAMBJL@?$AAS?$AAe?$AAp?$AAt?$AAe?$AAm?$AAb?$AAe?$AAr@ 000000014000ec30     libucrt:nlsdata.obj
 0002:00001c48       ??_C@_1BA@EPANDLNG@?$AAO?$AAc?$AAt?$AAo?$AAb?$AAe?$AAr@ 000000014000ec48     libucrt:nlsdata.obj
 0002:00001c58       ??_C@_1BC@BGLIFPF@?$AAN?$AAo?$AAv?$AAe?$AAm?$AAb?$AAe?$AAr@ 000000014000ec58     libucrt:nlsdata.obj
 0002:00001c70       ??_C@_1BC@FEMKIFH@?$AAD?$AAe?$AAc?$AAe?$AAm?$AAb?$AAe?$AAr@ 000000014000ec70     libucrt:nlsdata.obj
 0002:00001c84       ??_C@_15ODEHAHHF@?$AAA?$AAM@ 000000014000ec84     libucrt:nlsdata.obj
 0002:00001c8c       ??_C@_15CLMNNGEL@?$AAP?$AAM@ 000000014000ec8c     libucrt:nlsdata.obj
 0002:00001c98       ??_C@_1BC@IEBCMHCM@?$AAM?$AAM?$AA?1?$AAd?$AAd?$AA?1?$AAy?$AAy@ 000000014000ec98     libucrt:nlsdata.obj
 0002:00001cb0       ??_C@_1CI@KNAKOEBC@?$AAd?$AAd?$AAd?$AAd?$AA?0?$AA?5?$AAM?$AAM?$AAM?$AAM?$AA?5?$AAd?$AAd?$AA?0?$AA?5@ 000000014000ecb0     libucrt:nlsdata.obj
 0002:00001cd8       ??_C@_1BC@GDGBMEMK@?$AAH?$AAH?$AA?3?$AAm?$AAm?$AA?3?$AAs?$AAs@ 000000014000ecd8     libucrt:nlsdata.obj
 0002:00001cf0       ??_C@_1M@BMHNFIME@?$AAe?$AAn?$AA?9?$AAU?$AAS@ 000000014000ecf0     libucrt:nlsdata.obj
 0002:00001d00       __newctype                 000000014000ed00     libucrt:ctype.obj
 0002:00002000       __newclmap                 000000014000f000     libucrt:ctype.obj
 0002:00002180       __newcumap                 000000014000f180     libucrt:ctype.obj
 0002:00002300       ??_C@_15PJPFLCCM@?$AAu?$AAk@ 000000014000f300     libucrt:get_qualified_locale.obj
 0002:000023b0       ??_C@_1EA@JGEFHKEI@?$AAa?$AAp?$AAi?$AA?9?$AAm?$AAs?$AA?9?$AAw?$AAi?$AAn?$AA?9?$AAc?$AAo?$AAr?$AAe@ 000000014000f3b0     libucrt:winapi_thunks.obj
 0002:000023f0       ??_C@_1DI@IJCEHOCB@?$AAa?$AAp?$AAi?$AA?9?$AAm?$AAs?$AA?9?$AAw?$AAi?$AAn?$AA?9?$AAc?$AAo?$AAr?$AAe@ 000000014000f3f0     libucrt:winapi_thunks.obj
 0002:00002430       ??_C@_1EI@MPIAOHOC@?$AAa?$AAp?$AAi?$AA?9?$AAm?$AAs?$AA?9?$AAw?$AAi?$AAn?$AA?9?$AAc?$AAo?$AAr?$AAe@ 000000014000f430     libucrt:winapi_thunks.obj
 0002:00002480       ??_C@_1FK@FPHCKFIE@?$AAa?$AAp?$AAi?$AA?9?$AAm?$AAs?$AA?9?$AAw?$AAi?$AAn?$AA?9?$AAc?$AAo?$AAr?$AAe@ 000000014000f480     libucrt:winapi_thunks.obj
 0002:000024e0       ??_C@_1EM@DILCGIIO@?$AAa?$AAp?$AAi?$AA?9?$AAm?$AAs?$AA?9?$AAw?$AAi?$AAn?$AA?9?$AAc?$AAo?$AAr?$AAe@ 000000014000f4e0     libucrt:winapi_thunks.obj
 0002:00002530       ??_C@_1DM@LNCGDDPN@?$AAa?$AAp?$AAi?$AA?9?$AAm?$AAs?$AA?9?$AAw?$AAi?$AAn?$AA?9?$AAc?$AAo?$AAr?$AAe@ 000000014000f530     libucrt:winapi_thunks.obj
 0002:00002570       ??_C@_1DO@FPAPJEMD@?$AAa?$AAp?$AAi?$AA?9?$AAm?$AAs?$AA?9?$AAw?$AAi?$AAn?$AA?9?$AAc?$AAo?$AAr?$AAe@ 000000014000f570     libucrt:winapi_thunks.obj
 0002:000025b0       ??_C@_1DK@NDHNAHIO@?$AAa?$AAp?$AAi?$AA?9?$AAm?$AAs?$AA?9?$AAw?$AAi?$AAn?$AA?9?$AAc?$AAo?$AAr?$AAe@ 000000014000f5b0     libucrt:winapi_thunks.obj
 0002:000025f0       ??_C@_1DM@KGHDGBCM@?$AAa?$AAp?$AAi?$AA?9?$AAm?$AAs?$AA?9?$AAw?$AAi?$AAn?$AA?9?$AAc?$AAo?$AAr?$AAe@ 000000014000f5f0     libucrt:winapi_thunks.obj
 0002:00002630       ??_C@_1EO@IJIOEFOH@?$AAa?$AAp?$AAi?$AA?9?$AAm?$AAs?$AA?9?$AAw?$AAi?$AAn?$AA?9?$AAr?$AAt?$AAc?$AAo@ 000000014000f630     libucrt:winapi_thunks.obj
 0002:00002680       ??_C@_1FG@HHGEKANL@?$AAa?$AAp?$AAi?$AA?9?$AAm?$AAs?$AA?9?$AAw?$AAi?$AAn?$AA?9?$AAs?$AAe?$AAc?$AAu@ 000000014000f680     libucrt:winapi_thunks.obj
 0002:000026e0       ??_C@_1EG@DBIOJECG@?$AAe?$AAx?$AAt?$AA?9?$AAm?$AAs?$AA?9?$AAw?$AAi?$AAn?$AA?9?$AAn?$AAt?$AAu?$AAs@ 000000014000f6e0     libucrt:winapi_thunks.obj
 0002:00002730       ??_C@_1EO@FIHMJCLF@?$AAe?$AAx?$AAt?$AA?9?$AAm?$AAs?$AA?9?$AAw?$AAi?$AAn?$AA?9?$AAn?$AAt?$AAu?$AAs@ 000000014000f730     libucrt:winapi_thunks.obj
 0002:00002780       ??_C@_1BC@DNHGCMLG@?$AAa?$AAd?$AAv?$AAa?$AAp?$AAi?$AA3?$AA2@ 000000014000f780     libucrt:winapi_thunks.obj
 0002:00002798       ??_C@_1M@OAIMIKLP@?$AAn?$AAt?$AAd?$AAl?$AAl@ 000000014000f798     libucrt:winapi_thunks.obj
 0002:000027b0       ??_C@_1EG@DPGNFKGC@?$AAa?$AAp?$AAi?$AA?9?$AAm?$AAs?$AA?9?$AAw?$AAi?$AAn?$AA?9?$AAa?$AAp?$AAp?$AAm@ 000000014000f7b0     libucrt:winapi_thunks.obj
 0002:000027f8       ??_C@_1O@BCCLBEOE@?$AAu?$AAs?$AAe?$AAr?$AA3?$AA2@ 000000014000f7f8     libucrt:winapi_thunks.obj
 0002:00002808       ??_C@_1BA@IAIFMGEF@?$AAe?$AAx?$AAt?$AA?9?$AAm?$AAs?$AA?9@ 000000014000f808     libucrt:winapi_thunks.obj
 0002:00002820       ??_C@_0BA@FHFNEAED@AreFileApisANSI@ 000000014000f820     libucrt:winapi_thunks.obj
 0002:00002860       ??_C@_0O@KKBNKAPF@LCMapStringEx@ 000000014000f860     libucrt:winapi_thunks.obj
 0002:00002878       ??_C@_0BB@HBDEELFH@LocaleNameToLCID@ 000000014000f878     libucrt:winapi_thunks.obj
 0002:00002890       ??_C@_0CF@OJOFEIGO@AppPolicyGetProcessTerminationM@ 000000014000f890     libucrt:winapi_thunks.obj
 0002:00003700       ??_C@_15EMKDOKLE@?$AAa?$AAr@ 0000000140010700     libucrt:lcidtoname_downlevel.obj
 0002:00003708       ??_C@_15KNPADPLH@?$AAb?$AAg@ 0000000140010708     libucrt:lcidtoname_downlevel.obj
 0002:00003710       ??_C@_15EDMHLDMO@?$AAc?$AAa@ 0000000140010710     libucrt:lcidtoname_downlevel.obj
 0002:00003718       ??_C@_1O@BPEAJADD@?$AAz?$AAh?$AA?9?$AAC?$AAH?$AAS@ 0000000140010718     libucrt:lcidtoname_downlevel.obj
 0002:00003728       ??_C@_15LJNHCMNK@?$AAc?$AAs@ 0000000140010728     libucrt:lcidtoname_downlevel.obj
 0002:00003730       ??_C@_15FOMCIDHG@?$AAd?$AAa@ 0000000140010730     libucrt:lcidtoname_downlevel.obj
 0002:00003738       ??_C@_15NBKABECB@?$AAd?$AAe@ 0000000140010738     libucrt:lcidtoname_downlevel.obj
 0002:00003740       ??_C@_15GHPEIIAO@?$AAe?$AAl@ 0000000140010740     libucrt:lcidtoname_downlevel.obj
 0002:00003748       ??_C@_15MNPNEAIF@?$AAe?$AAn@ 0000000140010748     libucrt:lcidtoname_downlevel.obj
 0002:00003750       ??_C@_15GPIOMPMH@?$AAe?$AAs@ 0000000140010750     libucrt:lcidtoname_downlevel.obj
 0002:00003758       ??_C@_15NGLOAKJC@?$AAf?$AAi@ 0000000140010758     libucrt:lcidtoname_downlevel.obj
 0002:00003760       ??_C@_15FBKGNKAM@?$AAf?$AAr@ 0000000140010760     libucrt:lcidtoname_downlevel.obj
 0002:00003768       ??_C@_15KGGCNEFK@?$AAh?$AAe@ 0000000140010768     libucrt:lcidtoname_downlevel.obj
 0002:00003770       ??_C@_15PGHLIDMF@?$AAh?$AAu@ 0000000140010770     libucrt:lcidtoname_downlevel.obj
 0002:00003778       ??_C@_15BIEMAPLM@?$AAi?$AAs@ 0000000140010778     libucrt:lcidtoname_downlevel.obj
 0002:00003780       ??_C@_15IFJLDHAF@?$AAi?$AAt@ 0000000140010780     libucrt:lcidtoname_downlevel.obj
 0002:00003788       ??_C@_15GEMIOCAG@?$AAj?$AAa@ 0000000140010788     libucrt:lcidtoname_downlevel.obj
 0002:00003790       ??_C@_15EPELEGJA@?$AAk?$AAo@ 0000000140010790     libucrt:lcidtoname_downlevel.obj
 0002:00003798       ??_C@_15NDDHIMN@?$AAn?$AAl@ 0000000140010798     libucrt:lcidtoname_downlevel.obj
 0002:000037a0       ??_C@_15BPIGNHCD@?$AAn?$AAo@ 00000001400107a0     libucrt:lcidtoname_downlevel.obj
 0002:000037a8       ??_C@_15DEOPBLCG@?$AAp?$AAl@ 00000001400107a8     libucrt:lcidtoname_downlevel.obj
 0002:000037b0       ??_C@_15KBECGEFG@?$AAp?$AAt@ 00000001400107b0     libucrt:lcidtoname_downlevel.obj
 0002:000037b8       ??_C@_15GLJCBFMD@?$AAr?$AAo@ 00000001400107b8     libucrt:lcidtoname_downlevel.obj
 0002:000037c0       ??_C@_15FEDGKCDI@?$AAr?$AAu@ 00000001400107c0     libucrt:lcidtoname_downlevel.obj
 0002:000037c8       ??_C@_15GLKMLLHM@?$AAh?$AAr@ 00000001400107c8     libucrt:lcidtoname_downlevel.obj
 0002:000037d0       ??_C@_15CPKMFBDB@?$AAs?$AAk@ 00000001400107d0     libucrt:lcidtoname_downlevel.obj
 0002:000037d8       ??_C@_15BAAIOGMK@?$AAs?$AAq@ 00000001400107d8     libucrt:lcidtoname_downlevel.obj
 0002:000037e0       ??_C@_15INNPNOHD@?$AAs?$AAv@ 00000001400107e0     libucrt:lcidtoname_downlevel.obj
 0002:000037e8       ??_C@_15CABMMOGH@?$AAt?$AAh@ 00000001400107e8     libucrt:lcidtoname_downlevel.obj
 0002:000037f0       ??_C@_15BPLIHJJM@?$AAt?$AAr@ 00000001400107f0     libucrt:lcidtoname_downlevel.obj
 0002:000037f8       ??_C@_15NEOEKKDJ@?$AAu?$AAr@ 00000001400107f8     libucrt:lcidtoname_downlevel.obj
 0002:00003800       ??_C@_15NFICGAJK@?$AAi?$AAd@ 0000000140010800     libucrt:lcidtoname_downlevel.obj
 0002:00003808       ??_C@_15HPJPHDM@?$AAb?$AAe@ 0000000140010808     libucrt:lcidtoname_downlevel.obj
 0002:00003810       ??_C@_15LCHLGJII@?$AAs?$AAl@ 0000000140010810     libucrt:lcidtoname_downlevel.obj
 0002:00003818       ??_C@_15PCFJPHHO@?$AAe?$AAt@ 0000000140010818     libucrt:lcidtoname_downlevel.obj
 0002:00003820       ??_C@_15HPFPGODN@?$AAl?$AAv@ 0000000140010820     libucrt:lcidtoname_downlevel.obj
 0002:00003828       ??_C@_15NFFGKGLG@?$AAl?$AAt@ 0000000140010828     libucrt:lcidtoname_downlevel.obj
 0002:00003830       ??_C@_15BDAKCCHN@?$AAf?$AAa@ 0000000140010830     libucrt:lcidtoname_downlevel.obj
 0002:00003838       ??_C@_15NFGIAIAJ@?$AAv?$AAi@ 0000000140010838     libucrt:lcidtoname_downlevel.obj
 0002:00003840       ??_C@_15LMKNDMHN@?$AAh?$AAy@ 0000000140010840     libucrt:lcidtoname_downlevel.obj
 0002:00003848       ??_C@_15IJBHMCFL@?$AAa?$AAz@ 0000000140010848     libucrt:lcidtoname_downlevel.obj
 0002:00003850       ??_C@_15EKOFJABL@?$AAe?$AAu@ 0000000140010850     libucrt:lcidtoname_downlevel.obj
 0002:00003858       ??_C@_15BGHADCNK@?$AAm?$AAk@ 0000000140010858     libucrt:lcidtoname_downlevel.obj
 0002:00003860       ??_C@_15JDNICKHM@?$AAa?$AAf@ 0000000140010860     libucrt:lcidtoname_downlevel.obj
 0002:00003868       ??_C@_15KPJEDBKD@?$AAk?$AAa@ 0000000140010868     libucrt:lcidtoname_downlevel.obj
 0002:00003870       ??_C@_15PDNFFFEO@?$AAf?$AAo@ 0000000140010870     libucrt:lcidtoname_downlevel.obj
 0002:00003878       ??_C@_15OMLEGLOC@?$AAh?$AAi@ 0000000140010878     libucrt:lcidtoname_downlevel.obj
 0002:00003880       ??_C@_15IDNNENKK@?$AAm?$AAs@ 0000000140010880     libucrt:lcidtoname_downlevel.obj
 0002:00003888       ??_C@_15MACJNBMH@?$AAk?$AAk@ 0000000140010888     libucrt:lcidtoname_downlevel.obj
 0002:00003890       ??_C@_15DKDJEOND@?$AAk?$AAy@ 0000000140010890     libucrt:lcidtoname_downlevel.obj
 0002:00003898       ??_C@_15DFGDLJBG@?$AAs?$AAw@ 0000000140010898     libucrt:lcidtoname_downlevel.obj
 0002:000038a0       ??_C@_15BBFAICNG@?$AAu?$AAz@ 00000001400108a0     libucrt:lcidtoname_downlevel.obj
 0002:000038a8       ??_C@_15DKNDCGEA@?$AAt?$AAt@ 00000001400108a8     libucrt:lcidtoname_downlevel.obj
 0002:000038b0       ??_C@_15MGIFMDPL@?$AAp?$AAa@ 00000001400108b0     libucrt:lcidtoname_downlevel.obj
 0002:000038b8       ??_C@_15HCNDBBA@?$AAg?$AAu@ 00000001400108b8     libucrt:lcidtoname_downlevel.obj
 0002:000038c0       ??_C@_15FNBEIBON@?$AAt?$AAa@ 00000001400108c0     libucrt:lcidtoname_downlevel.obj
 0002:000038c8       ??_C@_15NCHGBGLK@?$AAt?$AAe@ 00000001400108c8     libucrt:lcidtoname_downlevel.obj
 0002:000038d0       ??_C@_15PHPHCBPF@?$AAk?$AAn@ 00000001400108d0     libucrt:lcidtoname_downlevel.obj
 0002:000038d8       ??_C@_15DLGBCKMP@?$AAm?$AAr@ 00000001400108d8     libucrt:lcidtoname_downlevel.obj
 0002:000038e0       ??_C@_15EABBLBFF@?$AAs?$AAa@ 00000001400108e0     libucrt:lcidtoname_downlevel.obj
 0002:000038e8       ??_C@_15CBKOMCOI@?$AAm?$AAn@ 00000001400108e8     libucrt:lcidtoname_downlevel.obj
 0002:000038f0       ??_C@_15CKDMCJAF@?$AAg?$AAl@ 00000001400108f0     libucrt:lcidtoname_downlevel.obj
 0002:000038f8       ??_C@_17CNJFBPG@?$AAk?$AAo?$AAk@ 00000001400108f8     libucrt:lcidtoname_downlevel.obj
 0002:00003900       ??_C@_17FFBJICPL@?$AAs?$AAy?$AAr@ 0000000140010900     libucrt:lcidtoname_downlevel.obj
 0002:00003908       ??_C@_17KPNDCPAF@?$AAd?$AAi?$AAv@ 0000000140010908     libucrt:lcidtoname_downlevel.obj
 0002:00003910       ??_C@_11LOCGONAA@@         0000000140010910     libucrt:lcidtoname_downlevel.obj
 0002:00003918       ??_C@_1M@OKAHONE@?$AAa?$AAr?$AA?9?$AAS?$AAA@ 0000000140010918     libucrt:lcidtoname_downlevel.obj
 0002:00003928       ??_C@_1M@FFFIGIGK@?$AAb?$AAg?$AA?9?$AAB?$AAG@ 0000000140010928     libucrt:lcidtoname_downlevel.obj
 0002:00003938       ??_C@_1M@BJNKEDC@?$AAc?$AAa?$AA?9?$AAE?$AAS@ 0000000140010938     libucrt:lcidtoname_downlevel.obj
 0002:00003948       ??_C@_1M@IJJHFJHA@?$AAc?$AAs?$AA?9?$AAC?$AAZ@ 0000000140010948     libucrt:lcidtoname_downlevel.obj
 0002:00003958       ??_C@_1M@CLPEOBGI@?$AAd?$AAa?$AA?9?$AAD?$AAK@ 0000000140010958     libucrt:lcidtoname_downlevel.obj
 0002:00003968       ??_C@_1M@MCMADGCB@?$AAd?$AAe?$AA?9?$AAD?$AAE@ 0000000140010968     libucrt:lcidtoname_downlevel.obj
 0002:00003978       ??_C@_1M@OOCKEMAM@?$AAe?$AAl?$AA?9?$AAG?$AAR@ 0000000140010978     libucrt:lcidtoname_downlevel.obj
 0002:00003988       ??_C@_1M@DDNJFGID@?$AAf?$AAi?$AA?9?$AAF?$AAI@ 0000000140010988     libucrt:lcidtoname_downlevel.obj
 0002:00003998       ??_C@_1M@GLIPPMAC@?$AAf?$AAr?$AA?9?$AAF?$AAR@ 0000000140010998     libucrt:lcidtoname_downlevel.obj
 0002:000039a8       ??_C@_1M@GFMCHPE@?$AAh?$AAe?$AA?9?$AAI?$AAL@ 00000001400109a8     libucrt:lcidtoname_downlevel.obj
 0002:000039b8       ??_C@_1M@MHLPGNKM@?$AAh?$AAu?$AA?9?$AAH?$AAU@ 00000001400109b8     libucrt:lcidtoname_downlevel.obj
 0002:000039c8       ??_C@_1M@LPDDNNPN@?$AAi?$AAs?$AA?9?$AAI?$AAS@ 00000001400109c8     libucrt:lcidtoname_downlevel.obj
 0002:000039d8       ??_C@_1M@MADIPODN@?$AAi?$AAt?$AA?9?$AAI?$AAT@ 00000001400109d8     libucrt:lcidtoname_downlevel.obj
 0002:000039e8       ??_C@_1M@IHBJJGG@?$AAn?$AAl?$AA?9?$AAN?$AAL@ 00000001400109e8     libucrt:lcidtoname_downlevel.obj
 0002:000039f8       ??_C@_1M@EANAGDL@?$AAn?$AAb?$AA?9?$AAN?$AAO@ 00000001400109f8     libucrt:lcidtoname_downlevel.obj
 0002:00003a08       ??_C@_1M@NEIEMEGP@?$AAp?$AAl?$AA?9?$AAP?$AAL@ 0000000140010a08     libucrt:lcidtoname_downlevel.obj
 0002:00003a18       ??_C@_1M@BOCFIGEP@?$AAp?$AAt?$AA?9?$AAB?$AAR@ 0000000140010a18     libucrt:lcidtoname_downlevel.obj
 0002:00003a28       ??_C@_1M@IMPFOPBG@?$AAr?$AAo?$AA?9?$AAR?$AAO@ 0000000140010a28     libucrt:lcidtoname_downlevel.obj
 0002:00003a38       ??_C@_1M@IDNNEJMM@?$AAr?$AAu?$AA?9?$AAR?$AAU@ 0000000140010a38     libucrt:lcidtoname_downlevel.obj
 0002:00003a48       ??_C@_1M@LILEEOGM@?$AAh?$AAr?$AA?9?$AAH?$AAR@ 0000000140010a48     libucrt:lcidtoname_downlevel.obj
 0002:00003a58       ??_C@_1M@FKIFEHPB@?$AAs?$AAk?$AA?9?$AAS?$AAK@ 0000000140010a58     libucrt:lcidtoname_downlevel.obj
 0002:00003a68       ??_C@_1M@LJMAMNPJ@?$AAs?$AAq?$AA?9?$AAA?$AAL@ 0000000140010a68     libucrt:lcidtoname_downlevel.obj
 0002:00003a78       ??_C@_1M@GIAKDKJK@?$AAs?$AAv?$AA?9?$AAS?$AAE@ 0000000140010a78     libucrt:lcidtoname_downlevel.obj
 0002:00003a88       ??_C@_1M@MKJKIKCL@?$AAt?$AAh?$AA?9?$AAT?$AAH@ 0000000140010a88     libucrt:lcidtoname_downlevel.obj
 0002:00003a98       ??_C@_1M@MFLCCMPB@?$AAt?$AAr?$AA?9?$AAT?$AAR@ 0000000140010a98     libucrt:lcidtoname_downlevel.obj
 0002:00003aa8       ??_C@_1M@OIJHDKJN@?$AAu?$AAr?$AA?9?$AAP?$AAK@ 0000000140010aa8     libucrt:lcidtoname_downlevel.obj
 0002:00003ab8       ??_C@_1M@LHIPCIEK@?$AAi?$AAd?$AA?9?$AAI?$AAD@ 0000000140010ab8     libucrt:lcidtoname_downlevel.obj
 0002:00003ac8       ??_C@_1M@MFMOBGI@?$AAu?$AAk?$AA?9?$AAU?$AAA@ 0000000140010ac8     libucrt:lcidtoname_downlevel.obj
 0002:00003ad8       ??_C@_1M@OBGLJIPL@?$AAb?$AAe?$AA?9?$AAB?$AAY@ 0000000140010ad8     libucrt:lcidtoname_downlevel.obj
 0002:00003ae8       ??_C@_1M@BCFAJEAD@?$AAs?$AAl?$AA?9?$AAS?$AAI@ 0000000140010ae8     libucrt:lcidtoname_downlevel.obj
 0002:00003af8       ??_C@_1M@FKFFEDDN@?$AAe?$AAt?$AA?9?$AAE?$AAE@ 0000000140010af8     libucrt:lcidtoname_downlevel.obj
 0002:00003b08       ??_C@_1M@KGKKAACI@?$AAl?$AAv?$AA?9?$AAL?$AAV@ 0000000140010b08     libucrt:lcidtoname_downlevel.obj
 0002:00003b18       ??_C@_1M@IFGBIJO@?$AAl?$AAt?$AA?9?$AAL?$AAT@ 0000000140010b18     libucrt:lcidtoname_downlevel.obj
 0002:00003b28       ??_C@_1M@FGEAHEDM@?$AAf?$AAa?$AA?9?$AAI?$AAR@ 0000000140010b28     libucrt:lcidtoname_downlevel.obj
 0002:00003b38       ??_C@_1M@KBMAIBFN@?$AAv?$AAi?$AA?9?$AAV?$AAN@ 0000000140010b38     libucrt:lcidtoname_downlevel.obj
 0002:00003b48       ??_C@_1M@GPCBKDJK@?$AAh?$AAy?$AA?9?$AAA?$AAM@ 0000000140010b48     libucrt:lcidtoname_downlevel.obj
 0002:00003b58       ??_C@_1BG@BECMDDJB@?$AAa?$AAz?$AA?9?$AAA?$AAZ?$AA?9?$AAL?$AAa?$AAt?$AAn@ 0000000140010b58     libucrt:lcidtoname_downlevel.obj
 0002:00003b70       ??_C@_1M@MAOFCAEA@?$AAe?$AAu?$AA?9?$AAE?$AAS@ 0000000140010b70     libucrt:lcidtoname_downlevel.obj
 0002:00003b80       ??_C@_1M@IGHABKPI@?$AAm?$AAk?$AA?9?$AAM?$AAK@ 0000000140010b80     libucrt:lcidtoname_downlevel.obj
 0002:00003b90       ??_C@_1M@IAIGNEJG@?$AAt?$AAn?$AA?9?$AAZ?$AAA@ 0000000140010b90     libucrt:lcidtoname_downlevel.obj
 0002:00003ba0       ??_C@_1M@IIJCOJFA@?$AAx?$AAh?$AA?9?$AAZ?$AAA@ 0000000140010ba0     libucrt:lcidtoname_downlevel.obj
 0002:00003bb0       ??_C@_1M@LGPJHNJH@?$AAz?$AAu?$AA?9?$AAZ?$AAA@ 0000000140010bb0     libucrt:lcidtoname_downlevel.obj
 0002:00003bc0       ??_C@_1M@HOKAOIO@?$AAa?$AAf?$AA?9?$AAZ?$AAA@ 0000000140010bc0     libucrt:lcidtoname_downlevel.obj
 0002:00003bd0       ??_C@_1M@DPCLHLIE@?$AAk?$AAa?$AA?9?$AAG?$AAE@ 0000000140010bd0     libucrt:lcidtoname_downlevel.obj
 0002:00003be0       ??_C@_1M@BLKMHJBI@?$AAf?$AAo?$AA?9?$AAF?$AAO@ 0000000140010be0     libucrt:lcidtoname_downlevel.obj
 0002:00003bf0       ??_C@_1M@LGGJAPPB@?$AAh?$AAi?$AA?9?$AAI?$AAN@ 0000000140010bf0     libucrt:lcidtoname_downlevel.obj
 0002:00003c00       ??_C@_1M@FIKPIHFE@?$AAm?$AAt?$AA?9?$AAM?$AAT@ 0000000140010c00     libucrt:lcidtoname_downlevel.obj
 0002:00003c10       ??_C@_1M@HEGGPBFA@?$AAs?$AAe?$AA?9?$AAN?$AAO@ 0000000140010c10     libucrt:lcidtoname_downlevel.obj
 0002:00003c20       ??_C@_1M@EIBJEEPA@?$AAm?$AAs?$AA?9?$AAM?$AAY@ 0000000140010c20     libucrt:lcidtoname_downlevel.obj
 0002:00003c30       ??_C@_1M@FHLBGMPP@?$AAk?$AAk?$AA?9?$AAK?$AAZ@ 0000000140010c30     libucrt:lcidtoname_downlevel.obj
 0002:00003c40       ??_C@_1M@NGJJLCGI@?$AAk?$AAy?$AA?9?$AAK?$AAG@ 0000000140010c40     libucrt:lcidtoname_downlevel.obj
 0002:00003c50       ??_C@_1M@GIENNBFC@?$AAs?$AAw?$AA?9?$AAK?$AAE@ 0000000140010c50     libucrt:lcidtoname_downlevel.obj
 0002:00003c60       ??_C@_1BG@NDGMJIMJ@?$AAu?$AAz?$AA?9?$AAU?$AAZ?$AA?9?$AAL?$AAa?$AAt?$AAn@ 0000000140010c60     libucrt:lcidtoname_downlevel.obj
 0002:00003c78       ??_C@_1M@IDCCIHBC@?$AAt?$AAt?$AA?9?$AAR?$AAU@ 0000000140010c78     libucrt:lcidtoname_downlevel.obj
 0002:00003c88       ??_C@_1M@LOICPMOJ@?$AAb?$AAn?$AA?9?$AAI?$AAN@ 0000000140010c88     libucrt:lcidtoname_downlevel.obj
 0002:00003c98       ??_C@_1M@KPKKNEAH@?$AAp?$AAa?$AA?9?$AAI?$AAN@ 0000000140010c98     libucrt:lcidtoname_downlevel.obj
[...]
 0002:00007e38       $unwind$_register_onexit_function 0000000140014e38     libucrt:onexit.obj
 0002:00007e40       $unwind$_execute_onexit_table 0000000140014e40     libucrt:onexit.obj
 0002:00007e48       $unwind$??R<lambda_22ebabd17bc4fa466a2aca6d8deb888d>@@QEBAHXZ 0000000140014e48     libucrt:onexit.obj
 0002:00007e60       $unwind$__acrt_DownlevelLocaleNameToLCID 0000000140014e60     libucrt:lcidtoname_downlevel.obj
 0002:00007e60       $unwind$??R<lambda_f03950bc5685219e0bcd2087efbe011e>@@QEBAHXZ 0000000140014e60     libucrt:onexit.obj
 0002:00007e78       $unwind$??$?RV<lambda_638799b9deba96c50f710eeac98168cd>@@AEAV<lambda_22ebabd17bc4fa466a2aca6d8deb888d>@@V<lambda_a6f7d7db0129f75315ebf26d50c089f1>@@@?$__crt_seh_guarded_call@H@@QEAAH$$QEAV<lambda_638799b9deba96c50f710eeac98168cd>@@AEAV<lambda_22ebabd17bc4fa466a2aca6d8deb888d>@@$$QEAV<lambda_a6f7d7db0129f75315ebf26d50c089f1>@@@Z 0000000140014e78     libucrt:onexit.obj
 0002:00007e9c       $unwind$??$?RV<lambda_7777bce6b2f8c936911f934f8298dc43>@@AEAV<lambda_f03950bc5685219e0bcd2087efbe011e>@@V<lambda_3883c3dff614d5e0c5f61bb1ac94921c>@@@?$__crt_seh_guarded_call@H@@QEAAH$$QEAV<lambda_7777bce6b2f8c936911f934f8298dc43>@@AEAV<lambda_f03950bc5685219e0bcd2087efbe011e>@@$$QEAV<lambda_3883c3dff614d5e0c5f61bb1ac94921c>@@@Z 0000000140014e9c     libucrt:onexit.obj
 0002:00007ec0       $unwind$terminate          0000000140014ec0     libucrt:terminate.obj
 0002:00007ee0       $xdatasym                  0000000140014ee0     libucrt:strncmp.obj
 0002:00007ee4       $unwind$_free_base         0000000140014ee4     libucrt:free_base.obj
 0002:00007ee4       $unwind$?destroy_fls@@YAXPEAX@Z 0000000140014ee4     libucrt:per_thread_data.obj
 0002:00007ee4       $unwind$__acrt_locale_free_numeric 0000000140014ee4     libucrt:initnum.obj
 0002:00007ee4       $unwind$__acrt_locale_free_lc_time_if_unreferenced 0000000140014ee4     libucrt:locale_refcounting.obj
 0002:00007eec       $unwind$?construct_ptd_array@@YAXQEAU__acrt_ptd@@@Z 0000000140014eec     libucrt:per_thread_data.obj
 0002:00007ef4       $unwind$?destroy_ptd_array@@YAXQEAU__acrt_ptd@@@Z 0000000140014ef4     libucrt:per_thread_data.obj
 0002:00007efc       $unwind$??$?RV<lambda_0ae27a3a962d80f24befdcbee591983d>@@AEAV<lambda_8d0ee55de4b1038c4002e0adecdf1839>@@V<lambda_dc504788e8f1664fe9b84e20bfb512f2>@@@?$__crt_seh_guarded_call@X@@QEAAX$$QEAV<lambda_0ae27a3a962d80f24befdcbee591983d>@@AEAV<lambda_8d0ee55de4b1038c4002e0adecdf1839>@@$$QEAV<lambda_dc504788e8f1664fe9b84e20bfb512f2>@@@Z 0000000140014efc     libucrt:per_thread_data.obj
 0002:00007f20       $unwind$??$?RV<lambda_aa87e3671a710a21b5dc78c0bdf72e11>@@AEAV<lambda_92619d2358a28f41a33ba319515a20b9>@@V<lambda_6992ecaafeb10aed2b74cb1fae11a551>@@@?$__crt_seh_guarded_call@X@@QEAAX$$QEAV<lambda_aa87e3671a710a21b5dc78c0bdf72e11>@@AEAV<lambda_92619d2358a28f41a33ba319515a20b9>@@$$QEAV<lambda_6992ecaafeb10aed2b74cb1fae11a551>@@@Z 0000000140014f20     libucrt:per_thread_data.obj
 0002:00007f44       $unwind$??$?RV<lambda_f2e299630e499de9f9a165e60fcd3db5>@@AEAV<lambda_2ae9d31cdba2644fcbeaf08da7c24588>@@V<lambda_40d01ff24d0e7b3814fdbdcee8eab3c7>@@@?$__crt_seh_guarded_call@X@@QEAAX$$QEAV<lambda_f2e299630e499de9f9a165e60fcd3db5>@@AEAV<lambda_2ae9d31cdba2644fcbeaf08da7c24588>@@$$QEAV<lambda_40d01ff24d0e7b3814fdbdcee8eab3c7>@@@Z 0000000140014f44     libucrt:per_thread_data.obj
 0002:00007f68       $unwind$??$?RV<lambda_2d41944a1d46af3157314b8a01080d33>@@AEAV<lambda_8f455de75cd7d7f24b4096f044d8b9e6>@@V<lambda_aa500f224e6afead328df44964fe2772>@@@?$__crt_seh_guarded_call@X@@QEAAX$$QEAV<lambda_2d41944a1d46af3157314b8a01080d33>@@AEAV<lambda_8f455de75cd7d7f24b4096f044d8b9e6>@@$$QEAV<lambda_aa500f224e6afead328df44964fe2772>@@@Z 0000000140014f68     libucrt:per_thread_data.obj
 0002:00007f8c       $unwind$_invalid_parameter_noinfo 0000000140014f8c     libucrt:invalid_parameter.obj
 0002:00007f8c       $unwind$_log10_special     0000000140014f8c     libucrt:log_special.obj
 0002:00007f94       $unwind$__acrt_call_reportfault 0000000140014f94     libucrt:invalid_parameter.obj
 0002:00007fb4       $unwind$_invalid_parameter 0000000140014fb4     libucrt:invalid_parameter.obj
 0002:00007fc8       $unwind$??$__acrt_mbs_to_wcs_cp@U__crt_win32_buffer_internal_dynamic_resizing@@@@YAHQEBDAEAV?$__crt_win32_buffer@_WU__crt_win32_buffer_internal_dynamic_resizing@@@@I@Z 0000000140014fc8     libucrt:argv_wildcards.obj
 0002:00007fe0       $unwind$__dcrt_get_narrow_environment_from_os 0000000140014fe0     libucrt:get_environment_from_os.obj
 0002:00007fe0       $unwind$??$__acrt_wcs_to_mbs_cp@U__crt_win32_buffer_internal_dynamic_resizing@@@@YAHQEB_WAEAV?$__crt_win32_buffer@DU__crt_win32_buffer_internal_dynamic_resizing@@@@I@Z 0000000140014fe0     libucrt:argv_wildcards.obj
 0002:00007ff8       $unwind$??$common_expand_argv_wildcards@D@@YAHQEAPEADQEAPEAPEAD@Z 0000000140014ff8     libucrt:argv_wildcards.obj
 0002:00008010       $unwind$??$copy_and_add_argument_to_buffer@D@@YAHQEBD0_KAEAV?$argument_list@D@?A0x5f5c8891@@@Z 0000000140015010     libucrt:argv_wildcards.obj
 0002:0000802c       $unwind$??$expand_argument_wildcards@D@@YAHQEAD0AEAV?$argument_list@D@?A0x5f5c8891@@@Z 000000014001502c     libucrt:argv_wildcards.obj
 0002:00008050       $unwind$__acrt_GetModuleFileNameA 0000000140015050     libucrt:getmodulefilenamea.obj
 0002:0000806c       $unwind$__dcrt_write_console 000000014001506c     libucrt:initcon.obj
 0002:0000806c       $unwind$??$__acrt_wcs_to_mbs_cp@U__crt_win32_buffer_no_resizing@@@@YAHQEB_WAEAV?$__crt_win32_buffer@DU__crt_win32_buffer_no_resizing@@@@I@Z 000000014001506c     libucrt:getmodulefilenamea.obj
 0002:00008080       $unwind$_setmbcp_nolock    0000000140015080     libucrt:mbctype.obj
 0002:000080a0       $unwind$__dcrt_lowio_ensure_console_output_initialized 00000001400150a0     libucrt:initcon.obj
 0002:000080a0       $unwind$_isleadbyte_l      00000001400150a0     libucrt:_wctype.obj
 0002:000080a0       $unwind$?getSystemCP@@YAHH@Z 00000001400150a0     libucrt:mbctype.obj
 0002:000080a8       $unwind$?update_thread_multibyte_data_internal@@YAPEAU__crt_multibyte_data@@QEAU__acrt_ptd@@QEAPEAU1@@Z 00000001400150a8     libucrt:mbctype.obj
 0002:000080d0       $unwind$?setmbcp_internal@@YAHH_NQEAU__acrt_ptd@@QEAPEAU__crt_multibyte_data@@@Z 00000001400150d0     libucrt:mbctype.obj
 0002:000080e0       $unwind$?setSBUpLow@@YAXPEAU__crt_multibyte_data@@@Z 00000001400150e0     libucrt:mbctype.obj
 0002:000080fc       $unwind$??$?RV<lambda_efdfa57d1f175319df784efa44bb7b81>@@AEAV<lambda_5f0a4c1567f8adc6734073e5d1e1b35c>@@V<lambda_2e8a7d3640ea6ccb4c2413664c2db6fd>@@@?$__crt_seh_guarded_call@X@@QEAAX$$QEAV<lambda_efdfa57d1f175319df784efa44bb7b81>@@AEAV<lambda_5f0a4c1567f8adc6734073e5d1e1b35c>@@$$QEAV<lambda_2e8a7d3640ea6ccb4c2413664c2db6fd>@@@Z 00000001400150fc     libucrt:mbctype.obj
 0002:00008120       $unwind$?x_ismbbtype_l@@YAHPEAU__crt_locale_pointers@@IHH@Z 0000000140015120     libucrt:ismbbyte.obj
 0002:00008130       $unwind$__acrt_WideCharToMultiByte 0000000140015130     libucrt:widechartomultibyte.obj
 0002:00008130       $unwind$__GSHandlerCheckCommon 0000000140015130     LIBCMT:gshandler.obj
 0002:00008138       $unwind$_free_osfhnd       0000000140015138     libucrt:osfinfo.obj
 0002:0000814c       $unwind$__acrt_lowio_destroy_handle_array 000000014001514c     libucrt:osfinfo.obj
 0002:0000815c       $unwind$__acrt_lowio_ensure_fh_exists 000000014001515c     libucrt:osfinfo.obj
 0002:00008188       $unwind$__acrt_initialize_lowio 0000000140015188     libucrt:ioinit.obj
 0002:000081a8       $unwind$?initialize_inherited_file_handles_nolock@@YAXXZ 00000001400151a8     libucrt:ioinit.obj
 0002:000081c4       $unwind$?initialize_stdio_handles_nolock@@YAXXZ 00000001400151c4     libucrt:ioinit.obj
 0002:000081c4       $unwind$__acrt_initialize_stdio 00000001400151c4     libucrt:_file.obj
 0002:000081dc       $unwind$__acrt_locale_free_monetary 00000001400151dc     libucrt:initmon.obj
 0002:000081e4       $unwind$__acrt_locale_free_time 00000001400151e4     libucrt:inittime.obj
 0002:000081f4       $unwind$__acrt_GetStringTypeA 00000001400151f4     libucrt:getstringtypea.obj
 0002:0000821c       $unwind$__acrt_update_thread_locale_data 000000014001521c     libucrt:locale_refcounting.obj
 0002:00008240       $unwind$__acrt_initialize_winapi_thunks 0000000140015240     libucrt:winapi_thunks.obj
 0002:00008248       $unwind$_mbtowc_l          0000000140015248     libucrt:mbtowc.obj
 0002:00008248       $unwind$__acrt_LCMapStringEx 0000000140015248     libucrt:winapi_thunks.obj
 0002:0000825c       $unwind$_query_new_handler 000000014001525c     libucrt:new_handler.obj
 0002:0000827c       $unwind$raise              000000014001527c     libucrt:signal.obj
 0002:000082b8       $unwind$??$?RV<lambda_450d765d439847d4c735a33c368b5fc0>@@AEAV<lambda_44731a7d0e6d81c3e6aa82d741081786>@@V<lambda_601a2a7da3b7a96e9554ac7215c4b07c>@@@?$__crt_seh_guarded_call@P6AXH@Z@@QEAAP6AXH@Z$$QEAV<lambda_450d765d439847d4c735a33c368b5fc0>@@AEAV<lambda_44731a7d0e6d81c3e6aa82d741081786>@@$$QEAV<lambda_601a2a7da3b7a96e9554ac7215c4b07c>@@@Z 00000001400152b8     libucrt:signal.obj
 0002:000082dc       $unwind$?common_flush_all@@YAH_N@Z 00000001400152dc     libucrt:fflush.obj
 0002:000082e4       $unwind$??$?RV<lambda_842d9ff0dc9ef11c61343bbaebe7f885>@@AEAV<lambda_c5860995281e5c4ce005b3de8f5874ee>@@V<lambda_d90129c13df834fdcbf8d2b88dafcf2d>@@@?$__crt_seh_guarded_call@X@@QEAAX$$QEAV<lambda_842d9ff0dc9ef11c61343bbaebe7f885>@@AEAV<lambda_c5860995281e5c4ce005b3de8f5874ee>@@$$QEAV<lambda_d90129c13df834fdcbf8d2b88dafcf2d>@@@Z 00000001400152e4     libucrt:fflush.obj
 0002:00008308       $unwind$??$?RV<lambda_886d6c58226a84441f68b9f2b8217b83>@@AEAV<lambda_ab61a845afdef5b7c387490eaf3616ee>@@V<lambda_f7f22ab5edc0698d5f6905b0d3f44752>@@@?$__crt_seh_guarded_call@X@@QEAAX$$QEAV<lambda_886d6c58226a84441f68b9f2b8217b83>@@AEAV<lambda_ab61a845afdef5b7c387490eaf3616ee>@@$$QEAV<lambda_f7f22ab5edc0698d5f6905b0d3f44752>@@@Z 0000000140015308     libucrt:fflush.obj
 0002:00008330       $unwind$qsort              0000000140015330     libucrt:qsort.obj
 0002:00008348       $chain$4$qsort             0000000140015348     libucrt:qsort.obj
 0002:0000836c       $chain$5$qsort             000000014001536c     libucrt:qsort.obj
 0002:0000837c       $unwind$strpbrk            000000014001537c     libucrt:strpbrk.obj
 0002:0000838c       $unwind$fallbackMethod     000000014001538c     libucrt:strpbrk.obj
 0002:0000839c       $unwind$_mbsdec_l          000000014001539c     libucrt:mbsdec.obj
 0002:000083a8       $unwind$__acrt_LCMapStringA 00000001400153a8     libucrt:lcmapstringa.obj
 0002:000083b8       $unwind$?__acrt_LCMapStringA_stat@@YAHPEAU__crt_locale_pointers@@PEB_WKPEBDHPEADHHH@Z 00000001400153b8     libucrt:lcmapstringa.obj
 0002:000083e0       $unwind$_close             00000001400153e0     libucrt:close.obj
 0002:000083e0       $unwind$_commit            00000001400153e0     libucrt:commit.obj
 0002:000083e8       $unwind$??$?RV<lambda_a37b2b86f63e897a80ea819b0eb08c01>@@AEAV<lambda_38ce7e780aa69e748d6df282ebc68efe>@@V<lambda_99fb1378e971ab6e7edea83e3a7a83a2>@@@?$__crt_seh_guarded_call@H@@QEAAH$$QEAV<lambda_a37b2b86f63e897a80ea819b0eb08c01>@@AEAV<lambda_38ce7e780aa69e748d6df282ebc68efe>@@$$QEAV<lambda_99fb1378e971ab6e7edea83e3a7a83a2>@@@Z 00000001400153e8     libucrt:commit.obj
 0002:0000840c       $unwind$_write             000000014001540c     libucrt:write.obj
 0002:0000843c       $unwind$_write_nolock      000000014001543c     libucrt:write.obj
 0002:00008454       $unwind$?write_double_translated_ansi_nolock@@YA?AUwrite_result@?A0x17268360@@HQEBDI@Z 0000000140015454     libucrt:write.obj
 0002:00008478       $unwind$?write_text_ansi_nolock@@YA?AUwrite_result@?A0x17268360@@HQEBDI@Z 0000000140015478     libucrt:write.obj
 0002:00008478       $unwind$?write_text_utf16le_nolock@@YA?AUwrite_result@?A0x17268360@@HQEBDI@Z 0000000140015478     libucrt:write.obj
 0002:00008498       $unwind$?write_text_utf8_nolock@@YA?AUwrite_result@?A0x17268360@@HQEBDI@Z 0000000140015498     libucrt:write.obj
 0002:000084bc       $unwind$_fcloseall         00000001400154bc     libucrt:closeall.obj
 0002:000084e0       $unwind$?__mbrtowc_utf8@__crt_mbstring@@YA_KPEA_WPEBD_KPEAU_Mbstatet@@@Z 00000001400154e0     libucrt:mbrtowc.obj
 0002:000084e8       $unwind$?__mbsrtowcs_utf8@__crt_mbstring@@YA_KPEA_WPEAPEBD_KPEAU_Mbstatet@@@Z 00000001400154e8     libucrt:mbrtowc.obj
 0002:00008500       $unwind$_putwch_nolock     0000000140015500     libucrt:putwch.obj
 0002:00008508       $unwind$fclose             0000000140015508     libucrt:fclose.obj
 0002:0000852c       $unwind$?__mbrtoc32_utf8@__crt_mbstring@@YA_KPEA_UPEBD_KPEAU_Mbstatet@@@Z 000000014001552c     libucrt:mbrtoc32.obj
 0002:00008548       $xdatasym                  0000000140015548     libucrt:log10.obj
 0002:00008554       $unwind$??$?RV<lambda_751a882b2c74d4b022dec766aa51a29a>@@AEAV<lambda_628dfdc04ba53c8bfc02c9951375f3f5>@@V<lambda_f6c7be5f7998530c34de24c7437d6b54>@@@?$__crt_seh_guarded_call@H@@QEAAH$$QEAV<lambda_751a882b2c74d4b022dec766aa51a29a>@@AEAV<lambda_628dfdc04ba53c8bfc02c9951375f3f5>@@$$QEAV<lambda_f6c7be5f7998530c34de24c7437d6b54>@@@Z 0000000140015554     libucrt:close.obj
 0002:00008578       $unwind$_call_matherr      0000000140015578     libucrt:libm_error.obj
 0002:00008580       $unwind$_handle_error      0000000140015580     libucrt:libm_error.obj
 0002:000085a0       $unwind$__acrt_initialize_fma3 00000001400155a0     libucrt:fma3_available.obj
 0002:000085a8       $unwind$_log_special_common 00000001400155a8     libucrt:log_special.obj
 0002:000085b8       $xdatasym                  00000001400155b8     libucrt:fpsr.obj
 0002:000085c0       $unwind$_raise_exc         00000001400155c0     libucrt:fpexcept.obj
 0002:000085c8       $unwind$_raise_exc_ex      00000001400155c8     libucrt:fpexcept.obj
 0002:000085dc       $unwind$_ctrlfp            00000001400155dc     libucrt:fpctrl.obj
 0002:00008604       $unwind$_IsNonwritableInCurrentImage 0000000140015604     LIBCMT:pesect.obj
 0002:00008628       $xdatasym                  0000000140015628     LIBCMT:amdsecgs.obj
 0002:0000862c       $unwind$__report_securityfailure 000000014001562c     LIBCMT:gs_report.obj
 0002:00008634       $unwind$__report_gsfailure 0000000140015634     LIBCMT:gs_report.obj
 0002:0000863c       $unwind$capture_current_context 000000014001563c     LIBCMT:gs_report.obj
 0002:00008648       $unwind$capture_previous_context 0000000140015648     LIBCMT:gs_report.obj
 0002:00008658       $xdatasym                  0000000140015658     LIBCMT:chkstk.obj
 0002:00008660       $xdatasym                  0000000140015660     libvcruntime:memcmp.obj
 0002:000089a0       .idata$6                   00000001400159a0     raylib:raylib.dll
 0002:00008a4a       .idata$6                   0000000140015a4a     kernel32:KERNEL32.dll
 0003:00000030       ?__vcrt_flsindex@@3KA      0000000140016030     libvcruntime:per_thread_data.obj
 0003:00000050       ?__acrt_flsindex@@3KA      0000000140016050     libucrt:per_thread_data.obj
 0003:00000054       ?errno_no_memory@@3HA      0000000140016054     libucrt:errno.obj
 0003:00000058       ?doserrno_no_memory@@3KA   0000000140016058     libucrt:errno.obj
 0003:00000290       _mbctypes                  0000000140016290     libucrt:mbctype.obj
 0003:000003a0       _mbcasemaps                00000001400163a0     libucrt:mbctype.obj
 0003:000004a0       ?__rgctypeflag@@3PADA      00000001400164a0     libucrt:mbctype.obj
 0003:000004b0       ?__rgcode_page_info@@3PAUcode_page_info@@A 00000001400164b0     libucrt:mbctype.obj
 0003:000009d0       ?__dcrt_lowio_console_output_handle@@3PEAXEA 00000001400169d0     libucrt:initcon.obj
 0003:000009e0       ?dazSupported@?1??_ctrlfp@@9@9 00000001400169e0     libucrt:fpctrl.obj
 0003:00000a10       ?is_initialized_as_dll@@3_NA 0000000140016a10     LIBCMT:utility.obj
 0003:00000a11       ?module_local_atexit_table_initialized@@3_NA 0000000140016a11     LIBCMT:utility.obj
 0003:00000a18       ?module_local_atexit_table@@3U_onexit_table_t@@A 0000000140016a18     LIBCMT:utility.obj
 0003:00000a30       ?module_local_at_quick_exit_table@@3U_onexit_table_t@@A 0000000140016a30     LIBCMT:utility.obj
 0003:00000a90       ?__vcrt_startup_thread_ptd@@3U__vcrt_ptd@@A 0000000140016a90     libvcruntime:per_thread_data.obj
 0003:00000b10       __vcrt_lock_table          0000000140016b10     libvcruntime:locks.obj
 0003:00000b38       __vcrt_locks_initialized   0000000140016b38     libvcruntime:locks.obj
 0003:00000b80       ?heap@@3V_HeapManager@@A   0000000140016b80     libvcruntime:undname.obj
 0003:00000ba8       ?module_handles@@3PAPEAUHINSTANCE__@@A 0000000140016ba8     libvcruntime:winapi_downlevel.obj
 0003:00000bc0       ?function_pointers@@3PAPEAXA 0000000140016bc0     libvcruntime:winapi_downlevel.obj
 0003:00000bf0       ?__acrt_app_type@@3W4_crt_app_type@@A 0000000140016bf0     libucrt:report_runtime_error.obj
 0003:00000bf8       ?user_matherr@@3V?$dual_state_global@P6AHPEAU_exception@@@Z@__crt_state_management@@A 0000000140016bf8     libucrt:matherr.obj
 0003:00000c00       ?program_name@?1???$common_configure_argv@D@@YAHW4_crt_argv_mode@@@Z@4PADA 0000000140016c00     libucrt:argv_parsing.obj
 0003:00000d28       ?empty_string@?1???$common_wincmdln@E@@YAPEAEXZ@4PAEA 0000000140016d28     libucrt:argv_winmain.obj
 0003:00000d2c       ?c_termination_complete@@3JA 0000000140016d2c     libucrt:exit.obj
 0003:00000d30       ?thread_local_exit_callback_func@@3P6AXPEAXK0@ZEA 0000000140016d30     libucrt:exit.obj
 0003:00000d40       ?__acrt_global_new_mode@@3V?$dual_state_global@J@__crt_state_management@@A 0000000140016d40     libucrt:new_mode.obj
 0003:00000d78       ?__acrt_invalid_parameter_handler@@3V?$dual_state_global@P6AXPEB_W00I_K@Z@__crt_state_management@@A 0000000140016d78     libucrt:invalid_parameter.obj
 0003:00000d98       ?fSystemSet@@3HA           0000000140016d98     libucrt:mbctype.obj
 0003:00000d9c       ?initialized@?1??__acrt_initialize_multibyte@@9@4_NA 0000000140016d9c     libucrt:mbctype.obj
 0003:00000dd0       ?__acrt_lock_table@@3PAU_RTL_CRITICAL_SECTION@@A 0000000140016dd0     libucrt:locks.obj
 0003:00001000       ?__acrt_locks_initialized@@3IA 0000000140017000     libucrt:locks.obj
 0003:00001420       ?module_handles@@3PAPEAUHINSTANCE__@@A 0000000140017420     libucrt:winapi_thunks.obj
 0003:000014c0       ?encoded_function_pointers@@3PAPEAXA 00000001400174c0     libucrt:winapi_thunks.obj
 0003:000015e0       ?__acrt_new_handler@@3V?$dual_state_global@P6AH_K@Z@__crt_state_management@@A 00000001400175e0     libucrt:new_handler.obj
 0003:000015e8       ?ctrlc_action@@3V?$dual_state_global@P6AXH@Z@__crt_state_management@@A 00000001400175e8     libucrt:signal.obj
 0003:000015f0       ?ctrlbreak_action@@3V?$dual_state_global@P6AXH@Z@__crt_state_management@@A 00000001400175f0     libucrt:signal.obj
 0003:000015f8       ?abort_action@@3V?$dual_state_global@P6AXH@Z@__crt_state_management@@A 00000001400175f8     libucrt:signal.obj
 0003:00001600       ?term_action@@3V?$dual_state_global@P6AXH@Z@__crt_state_management@@A 0000000140017600     libucrt:signal.obj
 0003:00001628       ?internal_state@?1??_mbtowc_l@@9@4U_Mbstatet@@A 0000000140017628     libucrt:mbtowc.obj
 0003:00001630       ?internal_pst@?1??__mbrtoc32_utf8@__crt_mbstring@@YA_KPEA_UPEBD_KPEAU_Mbstatet@@@Z@4U3@A 0000000140017630     libucrt:mbrtoc32.obj
 0003:00001640       GS_ExceptionRecord         0000000140017640     LIBCMT:gs_report.obj
 0003:000016e0       GS_ContextRecord           00000001400176e0     LIBCMT:gs_report.obj
 0005:00000000       MsetTab                    0000000140019000     libvcruntime:memset.obj
 0005:00000050       MoveSmall                  0000000140019050     libvcruntime:memcpy.obj
