 win32_main

 Timestamp is 5fb7c141 (Fri Nov 20 10:14:41 2020)

 Preferred load address is 0000000140000000

 Start         Length     Name                   Class
 0001:00000000 0000b490H .text$mn                CODE
 0001:0000b490 00000040H .text$mn$00             CODE
 0001:0000b4d0 00000290H .text$x                 CODE
 0002:00000000 00000290H .idata$5                DATA
 0002:00000290 00000028H .00cfg                  DATA
 0002:000002b8 00000008H .CRT$XCA                DATA
 0002:000002c0 00000008H .CRT$XCAA               DATA
 0002:000002c8 00000008H .CRT$XCZ                DATA
 0002:000002d0 00000008H .CRT$XIA                DATA
 0002:000002d8 00000008H .CRT$XIAA               DATA
 0002:000002e0 00000008H .CRT$XIAC               DATA
 0002:000002e8 00000018H .CRT$XIC                DATA
 0002:00000300 00000008H .CRT$XIZ                DATA
 0002:00000308 00000008H .CRT$XPA                DATA
 0002:00000310 00000010H .CRT$XPX                DATA
 0002:00000320 00000008H .CRT$XPXA               DATA
 0002:00000328 00000008H .CRT$XPZ                DATA
 0002:00000330 00000008H .CRT$XTA                DATA
 0002:00000338 00000008H .CRT$XTZ                DATA
 0002:00000340 00000000H .gehcont$y              DATA
 0002:00000340 00000000H .gfids$y                DATA
 0002:00000340 00007540H .rdata                  DATA
 0002:00007880 00000000H .rdata$CastGuardVftablesA DATA
 0002:00007880 00000000H .rdata$CastGuardVftablesC DATA
 0002:00007880 00000000H .rdata$r                DATA
 0002:00007880 000002e8H .rdata$zzzdbg           DATA
 0002:00007b68 00000008H .rtc$IAA                DATA
 0002:00007b70 00000008H .rtc$IZZ                DATA
 0002:00007b78 00000008H .rtc$TAA                DATA
 0002:00007b80 00000008H .rtc$TZZ                DATA
 0002:00007b88 00000af0H .xdata                  DATA
 0002:00008678 00000000H .xdata$x                DATA
 0002:00008678 00000000H .edata                  DATA
 0002:00008678 00000028H .idata$2                DATA
 0002:000086a0 00000018H .idata$3                DATA
 0002:000086b8 00000290H .idata$4                DATA
 0002:00008948 000005c0H .idata$6                DATA
 0003:00000000 000009f0H .data                   DATA
 0003:000009f0 00000000H .data$r                 DATA
 0003:000009f0 000011c8H .bss                    DATA
 0004:00000000 00000d5cH .pdata                  DATA
 0005:00000000 00000094H _RDATA                  DATA

  Address         Publics by Value              Rva+Base               Lib:Object

 0000:00000000       __guard_fids_count         0000000000000000     <absolute>
 0000:00000000       __guard_longjmp_table      0000000000000000     <absolute>
 0000:00000000       __arm64x_extra_rfe_table   0000000000000000     <absolute>
 0000:00000000       __x64_code_ranges_to_entry_points_count 0000000000000000     <absolute>
 0000:00000000       __hybrid_code_map          0000000000000000     <absolute>
 0000:00000000       __volatile_metadata        0000000000000000     <absolute>
 0000:00000000       __arm64x_redirection_metadata 0000000000000000     <absolute>
 0000:00000000       __arm64x_extra_rfe_table_size 0000000000000000     <absolute>
 0000:00000000       __x64_code_ranges_to_entry_points 0000000000000000     <absolute>
 0000:00000000       __guard_iat_table          0000000000000000     <absolute>
 0000:00000000       ___safe_se_handler_count   0000000000000000     <absolute>
 0000:00000000       __guard_iat_count          0000000000000000     <absolute>
 0000:00000000       __guard_longjmp_count      0000000000000000     <absolute>
 0000:00000000       __dynamic_value_reloc_table 0000000000000000     <absolute>
 0000:00000000       ___safe_se_handler_table   0000000000000000     <absolute>
 0000:00000000       __hybrid_auxiliary_iat     0000000000000000     <absolute>
 0000:00000000       __guard_eh_cont_count      0000000000000000     <absolute>
 0000:00000000       __AbsoluteZero             0000000000000000     <absolute>
 0000:00000000       __guard_fids_table         0000000000000000     <absolute>
 0000:00000000       __arm64x_redirection_metadata_count 0000000000000000     <absolute>
 0000:00000000       __enclave_config           0000000000000000     <absolute>
 0000:00000000       __guard_eh_cont_table      0000000000000000     <absolute>
 0000:00000000       __arm64x_native_entrypoint 0000000000000000     <absolute>
 0000:00000000       __hybrid_code_map_count    0000000000000000     <absolute>
 0000:00000100       __guard_flags              0000000000000100     <absolute>
 0000:00000000       __ImageBase                0000000140000000     <linker-defined>
 0001:00000000       ?GameUpdateAndRenderStub@@YAXPEAU_game_mem@@@Z 0000000140001000 f   win32_main.obj
 0001:00000010       WinMain                    0000000140001010 f   win32_main.obj
 0001:000003d0       ?DEBUGPlatformFreeWholeFile@@YAXPEAX@Z 00000001400013d0 f   win32_main.obj
 0001:00000400       ?DEBUGPlatformReadWholeFile@@YA?AU_debug_read_file_result@@PEAD@Z 0000000140001400 f   win32_main.obj
 0001:00000530       ?DEBUGPlatformWriteWholeFile@@YA_NPEADPEAXI@Z 0000000140001530 f   win32_main.obj
 0001:00000740       ?StrCat@@YAX_KPEAD0101@Z   0000000140001740 f   win32_main.obj
 0001:00000810       ?SafeTruncateUint64@@YAI_K@Z 0000000140001810 f i win32_main.obj
 0001:0000083b       InitWindow                 000000014000183b f   raylib:raylib.dll
 0001:00000841       WindowShouldClose          0000000140001841 f   raylib:raylib.dll
 0001:00000847       CloseWindow                0000000140001847 f   raylib:raylib.dll
 0001:0000084d       ClearBackground            000000014000184d f   raylib:raylib.dll
 0001:00000853       BeginDrawing               0000000140001853 f   raylib:raylib.dll
 0001:00000859       EndDrawing                 0000000140001859 f   raylib:raylib.dll
 0001:0000085f       SetTargetFPS               000000014000185f f   raylib:raylib.dll
 0001:00000868       __GSHandlerCheck           0000000140001868 f   LIBCMT:gshandler.obj
 0001:00000888       __GSHandlerCheckCommon     0000000140001888 f   LIBCMT:gshandler.obj
 0001:00000900       __security_check_cookie    0000000140001900 f   LIBCMT:amdsecgs.obj
 0001:00000b7c       WinMainCRTStartup          0000000140001b7c f   LIBCMT:exe_winmain.obj
 0001:00000b90       __raise_securityfailure    0000000140001b90 f   LIBCMT:gs_report.obj
 0001:00000bc4       __report_gsfailure         0000000140001bc4 f   LIBCMT:gs_report.obj
 0001:00000c98       __report_rangecheckfailure 0000000140001c98 f   LIBCMT:gs_report.obj
 0001:00000cac       __report_securityfailure   0000000140001cac f   LIBCMT:gs_report.obj
 0001:00000e2c       __scrt_acquire_startup_lock 0000000140001e2c f   LIBCMT:utility.obj
 0001:00000e68       __scrt_initialize_crt      0000000140001e68 f   LIBCMT:utility.obj
 0001:00000eb4       __scrt_initialize_onexit_tables 0000000140001eb4 f   LIBCMT:utility.obj
 0001:00000f40       __scrt_is_nonwritable_in_current_image 0000000140001f40 f   LIBCMT:utility.obj
 0001:00000fd8       __scrt_release_startup_lock 0000000140001fd8 f   LIBCMT:utility.obj
 0001:00000ffc       __scrt_uninitialize_crt    0000000140001ffc f   LIBCMT:utility.obj
 0001:00001028       _onexit                    0000000140002028 f   LIBCMT:utility.obj
 0001:00001064       atexit                     0000000140002064 f   LIBCMT:utility.obj
 0001:0000107c       __security_init_cookie     000000014000207c f   LIBCMT:gs_support.obj
 0001:00001128       __scrt_initialize_winrt    0000000140002128 f   LIBCMT:utility_desktop.obj
 0001:00001128       _get_startup_thread_locale_mode 0000000140002128 f   LIBCMT:thread_locale.obj
 0001:00001128       _get_startup_commit_mode   0000000140002128 f   LIBCMT:commit_mode.obj
 0001:00001128       __scrt_exe_initialize_mta  0000000140002128 f   LIBCMT:utility_desktop.obj
 0001:00001128       __scrt_stub_for_initialize_mta 0000000140002128 f   LIBCMT:utility_desktop.obj
 0001:00001128       _matherr                   0000000140002128 f   LIBCMT:matherr.obj
 0001:00001128       _get_startup_new_mode      0000000140002128 f   LIBCMT:new_mode.obj
 0001:0000112c       _get_startup_argv_mode     000000014000212c f   LIBCMT:argv_mode.obj
 0001:00001134       _get_startup_file_mode     0000000140002134 f   LIBCMT:file_mode.obj
 0001:0000113c       ?__scrt_initialize_type_info@@YAXXZ 000000014000213c f   LIBCMT:tncleanup.obj
 0001:0000114c       _should_initialize_environment 000000014000214c f   LIBCMT:env_mode.obj
 0001:0000114c       __acrt_uninitialize_command_line 000000014000214c f   libucrt:argv_data.obj
 0001:00001150       _initialize_denormal_control 0000000140002150 f   LIBCMT:denormal_control.obj
 0001:00001150       _guard_check_icall_nop     0000000140002150 f   LIBCMT:guard_support.obj
 0001:00001150       _initialize_invalid_parameter_handler 0000000140002150 f   LIBCMT:invalid_parameter_handler.obj
 0001:00001154       __local_stdio_printf_options 0000000140002154 f i LIBCMT:default_local_stdio_options.obj
 0001:0000115c       __local_stdio_scanf_options 000000014000215c f i LIBCMT:default_local_stdio_options.obj
 0001:00001164       __scrt_initialize_default_local_stdio_options 0000000140002164 f   LIBCMT:default_local_stdio_options.obj
 0001:00001180       __scrt_is_user_matherr_present 0000000140002180 f   LIBCMT:matherr_detection.obj
 0001:0000118c       __scrt_get_dyn_tls_init_callback 000000014000218c f   LIBCMT:dyn_tls_init.obj
 0001:00001194       __scrt_get_dyn_tls_dtor_callback 0000000140002194 f   LIBCMT:dyn_tls_dtor.obj
 0001:0000119c       __crt_debugger_hook        000000014000219c f   LIBCMT:utility_desktop.obj
 0001:000011a4       __scrt_fastfail            00000001400021a4 f   LIBCMT:utility_desktop.obj
 0001:000012f0       __scrt_get_show_window_mode 00000001400022f0 f   LIBCMT:utility_desktop.obj
 0001:0000132c       __scrt_initialize_mta      000000014000232c f   LIBCMT:utility_desktop.obj
 0001:00001334       __scrt_is_managed_app      0000000140002334 f   LIBCMT:utility_desktop.obj
 0001:00001388       __scrt_set_unhandled_exception_filter 0000000140002388 f   LIBCMT:utility_desktop.obj
 0001:00001398       __scrt_unhandled_exception_filter 0000000140002398 f   LIBCMT:utility_desktop.obj
 0001:000013f4       _RTC_Initialize            00000001400023f4 f   LIBCMT:initsect.obj
 0001:00001430       _RTC_Terminate             0000000140002430 f   LIBCMT:initsect.obj
 0001:0000146c       __isa_available_init       000000014000246c f   LIBCMT:cpu_disp.obj
 0001:00001610       __scrt_is_ucrt_dll_in_use  0000000140002610 f   LIBCMT:ucrt_detection.obj
 0001:00001620       __C_specific_handler       0000000140002620 f   libvcruntime:riscchandler.obj
 0001:0000182c       __vcrt_initialize          000000014000282c f   libvcruntime:initialization.obj
 0001:00001854       __vcrt_uninitialize        0000000140002854 f   libvcruntime:initialization.obj
 0001:00001870       __DestructExceptionObject  0000000140002870 f   libvcruntime:ehhelpers.obj
 0001:000018e0       ?_CallMemberFunction0@@YAXQEAX0@Z 00000001400028e0 f i libvcruntime:ehhelpers.obj
 0001:000018e4       __current_exception        00000001400028e4 f   libvcruntime:ehhelpers.obj
 0001:000018f8       __current_exception_context 00000001400028f8 f   libvcruntime:ehhelpers.obj
 0001:00001920       memset_repmovs             0000000140002920 f   libvcruntime:memset.obj
 0001:00001940       memset                     0000000140002940 f   libvcruntime:memset.obj
 0001:00001ae0       _NLG_Notify                0000000140002ae0 f   libvcruntime:notify.obj
 0001:00001b00       __NLG_Dispatch2            0000000140002b00 f   libvcruntime:notify.obj
 0001:00001b10       __NLG_Return2              0000000140002b10 f   libvcruntime:notify.obj
 0001:00001b14       __except_validate_context_record 0000000140002b14 f   libvcruntime:jbcxrval.obj
 0001:00001b4c       __vcrt_freefls             0000000140002b4c f   libvcruntime:per_thread_data.obj
 0001:00001b6c       __vcrt_getptd              0000000140002b6c f   libvcruntime:per_thread_data.obj
 0001:00001b88       __vcrt_getptd_noexit       0000000140002b88 f   libvcruntime:per_thread_data.obj
 0001:00001c48       __vcrt_initialize_ptd      0000000140002c48 f   libvcruntime:per_thread_data.obj
 0001:00001c90       __vcrt_uninitialize_ptd    0000000140002c90 f   libvcruntime:per_thread_data.obj
 0001:00001cb4       __vcrt_initialize_locks    0000000140002cb4 f   libvcruntime:locks.obj
 0001:00001ce8       __vcrt_uninitialize_locks  0000000140002ce8 f   libvcruntime:locks.obj
 0001:00001e6c       __vcrt_FlsAlloc            0000000140002e6c f   libvcruntime:winapi_downlevel.obj
 0001:00001eb4       __vcrt_FlsFree             0000000140002eb4 f   libvcruntime:winapi_downlevel.obj
 0001:00001efc       __vcrt_FlsGetValue         0000000140002efc f   libvcruntime:winapi_downlevel.obj
 0001:00001f44       __vcrt_FlsSetValue         0000000140002f44 f   libvcruntime:winapi_downlevel.obj
 0001:00001f98       __vcrt_InitializeCriticalSectionEx 0000000140002f98 f   libvcruntime:winapi_downlevel.obj
 0001:00002010       memcpy_repmovs             0000000140003010 f   libvcruntime:memcpy.obj
 0001:00002030       memcpy                     0000000140003030 f   libvcruntime:memcpy.obj
 0001:00002030       memmove                    0000000140003030 f   libvcruntime:memcpy.obj
 0001:00002420       _CallSettingFrame          0000000140003420 f   libvcruntime:handlers.obj
 0001:00002470       _CallSettingFrame_LookupContinuationIndex 0000000140003470 f   libvcruntime:handlers.obj
 0001:000024a0       _CallSettingFrame_NotifyContinuationAddr 00000001400034a0 f   libvcruntime:handlers.obj
 0001:000024d0       _CallSettingFrameEncoded   00000001400034d0 f   libvcruntime:handlers.obj
 0001:00002518       _seh_filter_exe            0000000140003518 f   libucrt:exception_filter.obj
 0001:0000269c       _query_app_type            000000014000369c f   libucrt:report_runtime_error.obj
 0001:000026a4       _set_app_type              00000001400036a4 f   libucrt:report_runtime_error.obj
 0001:000026ac       __acrt_has_user_matherr    00000001400036ac f   libucrt:matherr.obj
 0001:000026cc       __acrt_initialize_user_matherr 00000001400036cc f   libucrt:matherr.obj
 0001:000026d4       __acrt_invoke_user_matherr 00000001400036d4 f   libucrt:matherr.obj
 0001:00002704       __setusermatherr           0000000140003704 f   libucrt:matherr.obj
 0001:000028f0       __acrt_allocate_buffer_for_argv 00000001400038f0 f   libucrt:argv_parsing.obj
 0001:00002950       _configure_narrow_argv     0000000140003950 f   libucrt:argv_parsing.obj
 0001:00002cc8       __dcrt_uninitialize_environments_nolock 0000000140003cc8 f   libucrt:environment_initialization.obj
 0001:00002d00       _initialize_narrow_environment 0000000140003d00 f   libucrt:environment_initialization.obj
 0001:00002d08       _get_narrow_winmain_command_line 0000000140003d08 f   libucrt:argv_winmain.obj
 0001:00002d78       _initterm                  0000000140003d78 f   libucrt:initterm.obj
 0001:00002ddc       _initterm_e                0000000140003ddc f   libucrt:initterm.obj
 0001:00003088       __acrt_initialize_thread_local_exit_callback 0000000140004088 f   libucrt:exit.obj
 0001:00003090       _c_exit                    0000000140004090 f   libucrt:exit.obj
 0001:000030a0       _cexit                     00000001400040a0 f   libucrt:exit.obj
 0001:000030b0       _exit                      00000001400040b0 f   libucrt:exit.obj
 0001:000030bc       _register_thread_local_exe_atexit_callback 00000001400040bc f   libucrt:exit.obj
 0001:000030f8       exit                       00000001400040f8 f   libucrt:exit.obj
 0001:00003104       _set_fmode                 0000000140004104 f   libucrt:setmode.obj
 0001:000031b4       __acrt_set_locale_changed  00000001400041b4 f   libucrt:wsetlocale.obj
 0001:000031c0       __acrt_uninitialize_locale 00000001400041c0 f   libucrt:wsetlocale.obj
 0001:000031f0       _configthreadlocale        00000001400041f0 f   libucrt:wsetlocale.obj
 0001:0000325c       _query_new_mode            000000014000425c f   libucrt:new_mode.obj
 0001:00003264       _set_new_mode              0000000140004264 f   libucrt:new_mode.obj
 0001:00003290       __p__commode               0000000140004290 f   libucrt:ncommode.obj
 0001:000035d8       _crt_atexit                00000001400045d8 f   libucrt:onexit.obj
 0001:000035e8       _execute_onexit_table      00000001400045e8 f   libucrt:onexit.obj
 0001:00003624       _initialize_onexit_table   0000000140004624 f   libucrt:onexit.obj
 0001:0000364c       _register_onexit_function  000000014000464c f   libucrt:onexit.obj
 0001:000037c0       __acrt_initialize          00000001400047c0 f   libucrt:initialization.obj
 0001:000037d4       __acrt_uninitialize        00000001400047d4 f   libucrt:initialization.obj
 0001:0000380c       terminate                  000000014000480c f   libucrt:terminate.obj
 0001:0000382c       free                       000000014000482c f   libucrt:free.obj
 0001:00003840       strcpy_s                   0000000140004840 f   libucrt:strcpy_s.obj
 0001:000038a0       abort                      00000001400048a0 f   libucrt:abort.obj
 0001:000038f8       calloc                     00000001400048f8 f   libucrt:calloc.obj
 0001:00003900       ??0_LocaleUpdate@@QEAA@QEAU__crt_locale_pointers@@@Z 0000000140004900 f i libucrt:output.obj
 0001:000039b0       strncmp                    00000001400049b0 f   libucrt:strncmp.obj
 0001:00003a30       wcsncmp                    0000000140004a30 f   libucrt:wcsncmp.obj
 0001:00003dd4       __acrt_getptd              0000000140004dd4 f   libucrt:per_thread_data.obj
 0001:00003ea8       __acrt_getptd_head         0000000140004ea8 f   libucrt:per_thread_data.obj
 0001:00003f50       __acrt_getptd_noexit       0000000140004f50 f   libucrt:per_thread_data.obj
 0001:0000401c       __acrt_initialize_ptd      000000014000501c f   libucrt:per_thread_data.obj
 0001:00004058       __acrt_uninitialize_ptd    0000000140005058 f   libucrt:per_thread_data.obj
 0001:0000407c       __acrt_call_reportfault    000000014000507c f   libucrt:invalid_parameter.obj
 0001:000041d8       __acrt_initialize_invalid_parameter_handler 00000001400051d8 f   libucrt:invalid_parameter.obj
 0001:000041e0       _invalid_parameter         00000001400051e0 f   libucrt:invalid_parameter.obj
 0001:00004290       _invalid_parameter_noinfo  0000000140005290 f   libucrt:invalid_parameter.obj
 0001:000042b0       _invoke_watson             00000001400052b0 f   libucrt:invalid_parameter.obj
 0001:000042f8       __acrt_errno_from_os_error 00000001400052f8 f   libucrt:errno.obj
 0001:00004340       __acrt_errno_map_os_error  0000000140005340 f   libucrt:errno.obj
 0001:00004390       __doserrno                 0000000140005390 f   libucrt:errno.obj
 0001:000043b0       _errno                     00000001400053b0 f   libucrt:errno.obj
 0001:000043d0       _calloc_base               00000001400053d0 f   libucrt:calloc_base.obj
 0001:00004448       _free_base                 0000000140005448 f   libucrt:free_base.obj
 0001:0000449c       ??$__acrt_mbs_to_wcs_cp@U__crt_win32_buffer_internal_dynamic_resizing@@@@YAHQEBDAEAV?$__crt_win32_buffer@_WU__crt_win32_buffer_internal_dynamic_resizing@@@@I@Z 000000014000549c f i libucrt:argv_wildcards.obj
 0001:00004614       ??$__acrt_wcs_to_mbs_cp@U__crt_win32_buffer_internal_dynamic_resizing@@@@YAHQEB_WAEAV?$__crt_win32_buffer@DU__crt_win32_buffer_internal_dynamic_resizing@@@@I@Z 0000000140005614 f i libucrt:argv_wildcards.obj
 0001:00004e44       __acrt_expand_narrow_argv_wildcards 0000000140005e44 f   libucrt:argv_wildcards.obj
 0001:00004e4c       ??$__acrt_wcs_to_mbs_cp@U__crt_win32_buffer_no_resizing@@@@YAHQEB_WAEAV?$__crt_win32_buffer@DU__crt_win32_buffer_no_resizing@@@@I@Z 0000000140005e4c f i libucrt:getmodulefilenamea.obj
 0001:00004f60       __acrt_GetModuleFileNameA  0000000140005f60 f   libucrt:getmodulefilenamea.obj
 0001:000057ac       __acrt_initialize_multibyte 00000001400067ac f   libucrt:mbctype.obj
 0001:0000580c       __acrt_update_thread_multibyte_data 000000014000680c f   libucrt:mbctype.obj
 0001:00005828       _setmbcp_nolock            0000000140006828 f   libucrt:mbctype.obj
 0001:00005b5c       _ismbblead                 0000000140006b5c f   libucrt:ismbbyte.obj
 0001:00005b70       __acrt_initialize_command_line 0000000140006b70 f   libucrt:argv_data.obj
 0001:00005b98       __acrt_MultiByteToWideChar 0000000140006b98 f   libucrt:multibytetowidechar.obj
 0001:00005bf4       __acrt_WideCharToMultiByte 0000000140006bf4 f   libucrt:widechartomultibyte.obj
 0001:00005c8c       __dcrt_get_narrow_environment_from_os 0000000140006c8c f   libucrt:get_environment_from_os.obj
 0001:00005d90       __acrt_initialize_locks    0000000140006d90 f   libucrt:locks.obj
 0001:00005dd8       __acrt_lock                0000000140006dd8 f   libucrt:locks.obj
 0001:00005df4       __acrt_uninitialize_locks  0000000140006df4 f   libucrt:locks.obj
 0001:00005e2c       __acrt_unlock              0000000140006e2c f   libucrt:locks.obj
 0001:00005e48       __acrt_get_process_end_policy 0000000140006e48 f   libucrt:win_policies.obj
 0001:00005e84       __acrt_lowio_create_handle_array 0000000140006e84 f   libucrt:osfinfo.obj
 0001:00005f2c       __acrt_lowio_destroy_handle_array 0000000140006f2c f   libucrt:osfinfo.obj
 0001:00005f7c       __acrt_lowio_ensure_fh_exists 0000000140006f7c f   libucrt:osfinfo.obj
 0001:00006024       __acrt_lowio_lock_fh       0000000140007024 f   libucrt:osfinfo.obj
 0001:0000604c       __acrt_lowio_unlock_fh     000000014000704c f   libucrt:osfinfo.obj
 0001:00006074       _free_osfhnd               0000000140007074 f   libucrt:osfinfo.obj
 0001:00006130       _get_osfhandle             0000000140007130 f   libucrt:osfinfo.obj
 0001:000063a4       __acrt_initialize_lowio    00000001400073a4 f   libucrt:ioinit.obj
 0001:000063e0       __acrt_uninitialize_lowio  00000001400073e0 f   libucrt:ioinit.obj
 0001:00006420       __acrt_locale_free_monetary 0000000140007420 f   libucrt:initmon.obj
 0001:0000652c       __acrt_locale_free_numeric 000000014000752c f   libucrt:initnum.obj
 0001:000065f0       __acrt_locale_free_time    00000001400075f0 f   libucrt:inittime.obj
 0001:000066f8       __pctype_func              00000001400076f8 f   libucrt:ctype.obj
 0001:00006728       _malloc_base               0000000140007728 f   libucrt:malloc_base.obj
 0001:00006788       __acrt_GetStringTypeA      0000000140007788 f   libucrt:getstringtypea.obj
 0001:00006918       __acrt_add_locale_ref      0000000140007918 f   libucrt:locale_refcounting.obj
 0001:000069a4       __acrt_free_locale         00000001400079a4 f   libucrt:locale_refcounting.obj
 0001:00006b1c       __acrt_locale_add_lc_time_reference 0000000140007b1c f   libucrt:locale_refcounting.obj
 0001:00006b44       __acrt_locale_free_lc_time_if_unreferenced 0000000140007b44 f   libucrt:locale_refcounting.obj
 0001:00006b7c       __acrt_locale_release_lc_time_reference 0000000140007b7c f   libucrt:locale_refcounting.obj
 0001:00006ba4       __acrt_release_locale_ref  0000000140007ba4 f   libucrt:locale_refcounting.obj
 0001:00006c4c       __acrt_update_thread_locale_data 0000000140007c4c f   libucrt:locale_refcounting.obj
 0001:00006cb8       _updatetlocinfoEx_nolock   0000000140007cb8 f   libucrt:locale_refcounting.obj
 0001:00006ef8       __acrt_AppPolicyGetProcessTerminationMethodInternal 0000000140007ef8 f   libucrt:winapi_thunks.obj
 0001:00006f48       __acrt_AreFileApisANSI     0000000140007f48 f   libucrt:winapi_thunks.obj
 0001:00006f84       __acrt_FlsAlloc            0000000140007f84 f   libucrt:winapi_thunks.obj
 0001:00006fcc       __acrt_FlsFree             0000000140007fcc f   libucrt:winapi_thunks.obj
 0001:00007014       __acrt_FlsGetValue         0000000140008014 f   libucrt:winapi_thunks.obj
 0001:0000705c       __acrt_FlsSetValue         000000014000805c f   libucrt:winapi_thunks.obj
 0001:000070b0       __acrt_InitializeCriticalSectionEx 00000001400080b0 f   libucrt:winapi_thunks.obj
 0001:00007114       __acrt_LCMapStringEx       0000000140008114 f   libucrt:winapi_thunks.obj
 0001:000071f0       __acrt_LocaleNameToLCID    00000001400081f0 f   libucrt:winapi_thunks.obj
 0001:00007240       __acrt_initialize_winapi_thunks 0000000140008240 f   libucrt:winapi_thunks.obj
 0001:00007274       __acrt_uninitialize_winapi_thunks 0000000140008274 f   libucrt:winapi_thunks.obj
 0001:000072b8       _recalloc_base             00000001400082b8 f   libucrt:recalloc.obj
 0001:00007350       __acrt_initialize_heap     0000000140008350 f   libucrt:heap_handle.obj
 0001:0000736c       __acrt_uninitialize_heap   000000014000836c f   libucrt:heap_handle.obj
 0001:00007378       __acrt_execute_initializers 0000000140008378 f   libucrt:shared_initialization.obj
 0001:000073f8       __acrt_execute_uninitializers 00000001400083f8 f   libucrt:shared_initialization.obj
 0001:00007434       __acrt_initialize_new_handler 0000000140008434 f   libucrt:new_handler.obj
 0001:0000743c       _callnewh                  000000014000843c f   libucrt:new_handler.obj
 0001:0000746c       _query_new_handler         000000014000846c f   libucrt:new_handler.obj
 0001:000074e8       __acrt_get_sigabrt_handler 00000001400084e8 f   libucrt:signal.obj
 0001:00007518       __acrt_initialize_signal_handlers 0000000140008518 f   libucrt:signal.obj
 0001:00007538       raise                      0000000140008538 f   libucrt:signal.obj
 0001:00007980       __acrt_stdio_flush_nolock  0000000140008980 f   libucrt:fflush.obj
 0001:000079fc       _fflush_nolock             00000001400089fc f   libucrt:fflush.obj
 0001:00007a48       _flushall                  0000000140008a48 f   libucrt:fflush.obj
 0001:00007a50       __acrt_initialize_stdio    0000000140008a50 f   libucrt:_file.obj
 0001:00007b70       __acrt_uninitialize_stdio  0000000140008b70 f   libucrt:_file.obj
 0001:00007bcc       _lock_file                 0000000140008bcc f   libucrt:_file.obj
 0001:00007bd8       _unlock_file               0000000140008bd8 f   libucrt:_file.obj
 0001:00007be4       _mbtowc_l                  0000000140008be4 f   libucrt:mbtowc.obj
 0001:00007d64       mbtowc                     0000000140008d64 f   libucrt:mbtowc.obj
 0001:00007d6c       __acrt_update_locale_info  0000000140008d6c f   libucrt:locale_update.obj
 0001:00007da0       __acrt_update_multibyte_info 0000000140008da0 f   libucrt:locale_update.obj
 0001:00007dd4       _fileno                    0000000140008dd4 f   libucrt:fileno.obj
 0001:00007e00       qsort                      0000000140008e00 f   libucrt:qsort.obj
 0001:000081b0       strncpy_s                  00000001400091b0 f   libucrt:strncpy_s.obj
 0001:00008330       strpbrk                    0000000140009330 f   libucrt:strpbrk.obj
 0001:00008710       _mbsdec                    0000000140009710 f   libucrt:mbsdec.obj
 0001:00008718       _mbsdec_l                  0000000140009718 f   libucrt:mbsdec.obj
 0001:00008ac4       __acrt_LCMapStringA        0000000140009ac4 f   libucrt:lcmapstringa.obj
 0001:00008b74       __ascii_wcsnicmp           0000000140009b74 f   libucrt:wcsnicmp.obj
 0001:00008bc0       __acrt_DownlevelLocaleNameToLCID 0000000140009bc0 f   libucrt:lcidtoname_downlevel.obj
 0001:00008c70       _msize_base                0000000140009c70 f   libucrt:msize.obj
 0001:00008cac       _realloc_base              0000000140009cac f   libucrt:realloc_base.obj
 0001:00008db4       _commit                    0000000140009db4 f   libucrt:commit.obj
 0001:000096a8       _write                     000000014000a6a8 f   libucrt:write.obj
 0001:00009794       _write_nolock              000000014000a794 f   libucrt:write.obj
 0001:00009a70       _fcloseall                 000000014000aa70 f   libucrt:closeall.obj
 0001:00009b24       __acrt_stdio_free_buffer_nolock 000000014000ab24 f   libucrt:_freebuf.obj
 0001:00009b64       _isatty                    000000014000ab64 f   libucrt:isatty.obj
 0001:00009bc4       _isleadbyte_l              000000014000abc4 f i libucrt:_wctype.obj
 0001:00009c10       ?__mbrtowc_utf8@__crt_mbstring@@YA_KPEA_WPEBD_KPEAU_Mbstatet@@@Z 000000014000ac10 f   libucrt:mbrtowc.obj
 0001:00009c4c       ?__mbsrtowcs_utf8@__crt_mbstring@@YA_KPEA_WPEAPEBD_KPEAU_Mbstatet@@@Z 000000014000ac4c f   libucrt:mbrtowc.obj
 0001:00009dc4       __strncnt                  000000014000adc4 f   libucrt:strncnt.obj
 0001:00009e78       _lseeki64_nolock           000000014000ae78 f   libucrt:lseek.obj
 0001:00009e80       _putwch_nolock             000000014000ae80 f   libucrt:putwch.obj
 0001:00009ebc       _fclose_nolock             000000014000aebc f   libucrt:fclose.obj
 0001:00009f40       fclose                     000000014000af40 f   libucrt:fclose.obj
 0001:00009fa4       ?__mbrtoc32_utf8@__crt_mbstring@@YA_KPEA_UPEBD_KPEAU_Mbstatet@@@Z 000000014000afa4 f   libucrt:mbrtoc32.obj
 0001:0000a180       log10                      000000014000b180 f   libucrt:log10.obj
 0001:0000a72c       __dcrt_lowio_ensure_console_output_initialized 000000014000b72c f   libucrt:initcon.obj
 0001:0000a780       __dcrt_terminate_console_output 000000014000b780 f   libucrt:initcon.obj
 0001:0000a79c       __dcrt_write_console       000000014000b79c f   libucrt:initcon.obj
 0001:0000a8d0       _close                     000000014000b8d0 f   libucrt:close.obj
 0001:0000a974       _close_nolock              000000014000b974 f   libucrt:close.obj
 0001:0000aa34       ?__acrt_stdio_free_stream@@YAXV__crt_stdio_stream@@@Z 000000014000ba34 f   libucrt:stream.obj
 0001:0000ab74       _handle_error              000000014000bb74 f   libucrt:libm_error.obj
 0001:0000aca0       __acrt_initialize_fma3     000000014000bca0 f   libucrt:fma3_available.obj
 0001:0000ad10       _log10_special             000000014000bd10 f   libucrt:log_special.obj
 0001:0000ade0       _get_fpsr                  000000014000bde0 f   libucrt:fpsr.obj
 0001:0000adf0       _set_fpsr                  000000014000bdf0 f   libucrt:fpsr.obj
 0001:0000adfa       _fclrf                     000000014000bdfa f   libucrt:fpsr.obj
 0001:0000ae0e       _frnd                      000000014000be0e f   libucrt:fpsr.obj
 0001:0000ae30       _raise_exc                 000000014000be30 f   libucrt:fpexcept.obj
 0001:0000ae58       _raise_exc_ex              000000014000be58 f   libucrt:fpexcept.obj
 0001:0000b168       _set_errno_from_matherr    000000014000c168 f   libucrt:fpexcept.obj
 0001:0000b198       _clrfp                     000000014000c198 f   libucrt:fpctrl.obj
 0001:0000b1b8       _ctrlfp                    000000014000c1b8 f   libucrt:fpctrl.obj
 0001:0000b234       _set_statfp                000000014000c234 f   libucrt:fpctrl.obj
 0001:0000b254       _statfp                    000000014000c254 f   libucrt:fpctrl.obj
 0001:0000b265       IsProcessorFeaturePresent  000000014000c265 f   kernel32:KERNEL32.dll
 0001:0000b270       _FindPESection             000000014000c270 f   LIBCMT:pesect.obj
 0001:0000b2c0       _IsNonwritableInCurrentImage 000000014000c2c0 f   LIBCMT:pesect.obj
 0001:0000b310       _ValidateImageBase         000000014000c310 f   LIBCMT:pesect.obj
 0001:0000b350       __chkstk                   000000014000c350 f   LIBCMT:chkstk.obj
 0001:0000b350       _alloca_probe              000000014000c350 f   LIBCMT:chkstk.obj
 0001:0000b3c0       memcmp                     000000014000c3c0 f   libvcruntime:memcmp.obj
 0001:0000b4a0       _guard_dispatch_icall_nop  000000014000c4a0 f   LIBCMT:guard_dispatch.obj
 0001:0000b4c0       _guard_xfg_dispatch_icall_nop 000000014000c4c0 f   LIBCMT:guard_xfg_dispatch.obj
 0002:00000000       __imp_TlsFree              000000014000d000     kernel32:KERNEL32.dll
 0002:00000008       __imp_WriteConsoleW        000000014000d008     kernel32:KERNEL32.dll
 0002:00000010       __imp_CreateFileW          000000014000d010     kernel32:KERNEL32.dll
 0002:00000018       __imp_SetFilePointerEx     000000014000d018     kernel32:KERNEL32.dll
 0002:00000020       __imp_GetConsoleMode       000000014000d020     kernel32:KERNEL32.dll
 0002:00000028       __imp_GetConsoleCP         000000014000d028     kernel32:KERNEL32.dll
 0002:00000030       __imp_FlushFileBuffers     000000014000d030     kernel32:KERNEL32.dll
 0002:00000038       __imp_CreateFileA          000000014000d038     kernel32:KERNEL32.dll
 0002:00000040       __imp_GetFileSizeEx        000000014000d040     kernel32:KERNEL32.dll
 0002:00000048       __imp_ReadFile             000000014000d048     kernel32:KERNEL32.dll
 0002:00000050       __imp_WriteFile            000000014000d050     kernel32:KERNEL32.dll
 0002:00000058       __imp_CloseHandle          000000014000d058     kernel32:KERNEL32.dll
 0002:00000060       __imp_VirtualAlloc         000000014000d060     kernel32:KERNEL32.dll
 0002:00000068       __imp_VirtualFree          000000014000d068     kernel32:KERNEL32.dll
 0002:00000070       __imp_FreeLibrary          000000014000d070     kernel32:KERNEL32.dll
 0002:00000078       __imp_GetModuleFileNameA   000000014000d078     kernel32:KERNEL32.dll
 0002:00000080       __imp_GetProcAddress       000000014000d080     kernel32:KERNEL32.dll
 0002:00000088       __imp_LoadLibraryA         000000014000d088     kernel32:KERNEL32.dll
 0002:00000090       __imp_CopyFileA            000000014000d090     kernel32:KERNEL32.dll
 0002:00000098       __imp_HeapReAlloc          000000014000d098     kernel32:KERNEL32.dll
 0002:000000a0       __imp_RtlCaptureContext    000000014000d0a0     kernel32:KERNEL32.dll
 0002:000000a8       __imp_RtlLookupFunctionEntry 000000014000d0a8     kernel32:KERNEL32.dll
 0002:000000b0       __imp_RtlVirtualUnwind     000000014000d0b0     kernel32:KERNEL32.dll
 0002:000000b8       __imp_UnhandledExceptionFilter 000000014000d0b8     kernel32:KERNEL32.dll
 0002:000000c0       __imp_SetUnhandledExceptionFilter 000000014000d0c0     kernel32:KERNEL32.dll
 0002:000000c8       __imp_GetCurrentProcess    000000014000d0c8     kernel32:KERNEL32.dll
 0002:000000d0       __imp_TerminateProcess     000000014000d0d0     kernel32:KERNEL32.dll
 0002:000000d8       __imp_IsProcessorFeaturePresent 000000014000d0d8     kernel32:KERNEL32.dll
 0002:000000e0       __imp_QueryPerformanceCounter 000000014000d0e0     kernel32:KERNEL32.dll
 0002:000000e8       __imp_GetCurrentProcessId  000000014000d0e8     kernel32:KERNEL32.dll
 0002:000000f0       __imp_GetCurrentThreadId   000000014000d0f0     kernel32:KERNEL32.dll
 0002:000000f8       __imp_GetSystemTimeAsFileTime 000000014000d0f8     kernel32:KERNEL32.dll
 0002:00000100       __imp_InitializeSListHead  000000014000d100     kernel32:KERNEL32.dll
 0002:00000108       __imp_IsDebuggerPresent    000000014000d108     kernel32:KERNEL32.dll
 0002:00000110       __imp_GetStartupInfoW      000000014000d110     kernel32:KERNEL32.dll
 0002:00000118       __imp_GetModuleHandleW     000000014000d118     kernel32:KERNEL32.dll
 0002:00000120       __imp_RtlUnwindEx          000000014000d120     kernel32:KERNEL32.dll
 0002:00000128       __imp_GetLastError         000000014000d128     kernel32:KERNEL32.dll
 0002:00000130       __imp_SetLastError         000000014000d130     kernel32:KERNEL32.dll
 0002:00000138       __imp_EnterCriticalSection 000000014000d138     kernel32:KERNEL32.dll
 0002:00000140       __imp_LeaveCriticalSection 000000014000d140     kernel32:KERNEL32.dll
 0002:00000148       __imp_DeleteCriticalSection 000000014000d148     kernel32:KERNEL32.dll
 0002:00000150       __imp_InitializeCriticalSectionAndSpinCount 000000014000d150     kernel32:KERNEL32.dll
 0002:00000158       __imp_TlsAlloc             000000014000d158     kernel32:KERNEL32.dll
 0002:00000160       __imp_TlsGetValue          000000014000d160     kernel32:KERNEL32.dll
 0002:00000168       __imp_TlsSetValue          000000014000d168     kernel32:KERNEL32.dll
 0002:00000170       __imp_LoadLibraryExW       000000014000d170     kernel32:KERNEL32.dll
 0002:00000178       __imp_RaiseException       000000014000d178     kernel32:KERNEL32.dll
 0002:00000180       __imp_GetStdHandle         000000014000d180     kernel32:KERNEL32.dll
 0002:00000188       __imp_GetModuleFileNameW   000000014000d188     kernel32:KERNEL32.dll
 0002:00000190       __imp_ExitProcess          000000014000d190     kernel32:KERNEL32.dll
 0002:00000198       __imp_GetModuleHandleExW   000000014000d198     kernel32:KERNEL32.dll
 0002:000001a0       __imp_HeapAlloc            000000014000d1a0     kernel32:KERNEL32.dll
 0002:000001a8       __imp_HeapFree             000000014000d1a8     kernel32:KERNEL32.dll
 0002:000001b0       __imp_FindClose            000000014000d1b0     kernel32:KERNEL32.dll
 0002:000001b8       __imp_FindFirstFileExW     000000014000d1b8     kernel32:KERNEL32.dll
 0002:000001c0       __imp_FindNextFileW        000000014000d1c0     kernel32:KERNEL32.dll
 0002:000001c8       __imp_IsValidCodePage      000000014000d1c8     kernel32:KERNEL32.dll
 0002:000001d0       __imp_GetACP               000000014000d1d0     kernel32:KERNEL32.dll
 0002:000001d8       __imp_GetOEMCP             000000014000d1d8     kernel32:KERNEL32.dll
 0002:000001e0       __imp_GetCPInfo            000000014000d1e0     kernel32:KERNEL32.dll
 0002:000001e8       __imp_GetCommandLineA      000000014000d1e8     kernel32:KERNEL32.dll
 0002:000001f0       __imp_GetCommandLineW      000000014000d1f0     kernel32:KERNEL32.dll
 0002:000001f8       __imp_MultiByteToWideChar  000000014000d1f8     kernel32:KERNEL32.dll
 0002:00000200       __imp_WideCharToMultiByte  000000014000d200     kernel32:KERNEL32.dll
 0002:00000208       __imp_GetEnvironmentStringsW 000000014000d208     kernel32:KERNEL32.dll
 0002:00000210       __imp_FreeEnvironmentStringsW 000000014000d210     kernel32:KERNEL32.dll
 0002:00000218       __imp_SetStdHandle         000000014000d218     kernel32:KERNEL32.dll
 0002:00000220       __imp_GetFileType          000000014000d220     kernel32:KERNEL32.dll
 0002:00000228       __imp_GetStringTypeW       000000014000d228     kernel32:KERNEL32.dll
 0002:00000230       __imp_LCMapStringW         000000014000d230     kernel32:KERNEL32.dll
 0002:00000238       __imp_GetProcessHeap       000000014000d238     kernel32:KERNEL32.dll
 0002:00000240       __imp_HeapSize             000000014000d240     kernel32:KERNEL32.dll
 0002:00000248       \177KERNEL32_NULL_THUNK_DATA 000000014000d248     kernel32:KERNEL32.dll
 0002:00000250       __imp_WindowShouldClose    000000014000d250     raylib:raylib.dll
 0002:00000258       __imp_SetTargetFPS         000000014000d258     raylib:raylib.dll
 0002:00000260       __imp_EndDrawing           000000014000d260     raylib:raylib.dll
 0002:00000268       __imp_BeginDrawing         000000014000d268     raylib:raylib.dll
 0002:00000270       __imp_ClearBackground      000000014000d270     raylib:raylib.dll
 0002:00000278       __imp_CloseWindow          000000014000d278     raylib:raylib.dll
 0002:00000280       __imp_InitWindow           000000014000d280     raylib:raylib.dll
 0002:00000288       \177raylib_NULL_THUNK_DATA 000000014000d288     raylib:raylib.dll
 0002:00000290       __guard_check_icall_fptr   000000014000d290     LIBCMT:guard_support.obj
 0002:00000298       __guard_xfg_check_icall_fptr 000000014000d298     LIBCMT:guard_support.obj
 0002:000002a0       __guard_dispatch_icall_fptr 000000014000d2a0     LIBCMT:guard_support.obj
 0002:000002a8       __guard_xfg_dispatch_icall_fptr 000000014000d2a8     LIBCMT:guard_support.obj
 0002:000002b0       __guard_xfg_table_dispatch_icall_fptr 000000014000d2b0     LIBCMT:guard_support.obj
 0002:000002b8       __xc_a                     000000014000d2b8     LIBCMT:initializers.obj
 0002:000002c8       __xc_z                     000000014000d2c8     LIBCMT:initializers.obj
 0002:000002d0       __xi_a                     000000014000d2d0     LIBCMT:initializers.obj
 0002:000002e8       __acrt_multibyte_initializer 000000014000d2e8     libucrt:multibyte_initializer.obj
 0002:000002f0       __acrt_stdio_initializer   000000014000d2f0     libucrt:stdio_initializer.obj
 0002:000002f8       __acrt_tran_fma3_initializer 000000014000d2f8     libucrt:fma3_initializer.obj
 0002:00000300       __xi_z                     000000014000d300     LIBCMT:initializers.obj
 0002:00000308       __xp_a                     000000014000d308     LIBCMT:initializers.obj
 0002:00000310       __acrt_locale_terminator   000000014000d310     libucrt:locale_initializer.obj
 0002:00000318       __dcrt_console_output_terminator 000000014000d318     libucrt:console_output_initializer.obj
 0002:00000320       __acrt_stdio_terminator    000000014000d320     libucrt:stdio_initializer.obj
 0002:00000328       __xp_z                     000000014000d328     LIBCMT:initializers.obj
 0002:00000330       __xt_a                     000000014000d330     LIBCMT:initializers.obj
 0002:00000338       __xt_z                     000000014000d338     LIBCMT:initializers.obj
 0002:000003a0       __xmm@ffffffffffffffffffffffffffffffff 000000014000d3a0     LIBCMT:utility.obj
 0002:000003b0       _pDestructExceptionObject  000000014000d3b0     libvcruntime:ehhelpers.obj
 0002:00000ac0       ??_C@_08EHJDFFNH@__based?$CI@ 000000014000dac0     libvcruntime:undname.obj
 0002:00000ad0       ??_C@_07KOLFKCDI@__cdecl@  000000014000dad0     libvcruntime:undname.obj
 0002:00000ad8       ??_C@_08GHMPAG@__pascal@   000000014000dad8     libvcruntime:undname.obj
 0002:00000ae8       ??_C@_09IFJBGAPI@__stdcall@ 000000014000dae8     libvcruntime:undname.obj
 0002:00000af8       ??_C@_0L@NPHFGOKO@__thiscall@ 000000014000daf8     libvcruntime:undname.obj
 0002:00000b08       ??_C@_0L@JMKHOMEK@__fastcall@ 000000014000db08     libvcruntime:undname.obj
 0002:00000b18       ??_C@_0N@BCKKPABJ@__vectorcall@ 000000014000db18     libvcruntime:undname.obj
 0002:00000b28       ??_C@_09HIJEGCPM@__clrcall@ 000000014000db28     libvcruntime:undname.obj
 0002:00000b34       ??_C@_06GHPCKEAG@__eabi@   000000014000db34     libvcruntime:undname.obj
 0002:00000b40       ??_C@_09IOPIDJLG@__swift_1@ 000000014000db40     libvcruntime:undname.obj
 0002:00000b50       ??_C@_09KFNFGKHF@__swift_2@ 000000014000db50     libvcruntime:undname.obj
 0002:00000b60       ??_C@_07JOMMBBKO@__ptr64@  000000014000db60     libvcruntime:undname.obj
 0002:00000b68       ??_C@_0L@PILCLIHE@__restrict@ 000000014000db68     libvcruntime:undname.obj
 0002:00000b78       ??_C@_0M@GFIIJFMG@__unaligned@ 000000014000db78     libvcruntime:undname.obj
 0002:00000b88       ??_C@_09DHDLOLLB@restrict?$CI@ 000000014000db88     libvcruntime:undname.obj
 0002:00000b92       ??_C@_00CNPNBAHC@@         000000014000db92     libvcruntime:undname.obj
 0002:00000b94       ??_C@_04NIHEBCM@?5new@     000000014000db94     libvcruntime:undname.obj
 0002:00000ba0       ??_C@_07FPCDHGMM@?5delete@ 000000014000dba0     libvcruntime:undname.obj
 0002:00000ba8       ??_C@_01NEMOKFLO@?$DN@     000000014000dba8     libvcruntime:undname.obj
 0002:00000bac       ??_C@_02GPIOPFAK@?$DO?$DO@ 000000014000dbac     libvcruntime:undname.obj
 0002:00000bb0       ??_C@_02FODMEDOG@?$DM?$DM@ 000000014000dbb0     libvcruntime:undname.obj
 0002:00000bb4       ??_C@_01DCLJPIOD@?$CB@     000000014000dbb4     libvcruntime:undname.obj
 0002:00000bb8       ??_C@_02EGOFBIJA@?$DN?$DN@ 000000014000dbb8     libvcruntime:undname.obj
 0002:00000bbc       ??_C@_02FDNJECIE@?$CB?$DN@ 000000014000dbbc     libvcruntime:undname.obj
 0002:00000bc0       ??_C@_02GPECMEKF@?$FL?$FN@ 000000014000dbc0     libvcruntime:undname.obj
 0002:00000bc8       ??_C@_08LHJFAFGD@operator@ 000000014000dbc8     libvcruntime:undname.obj
 0002:00000bd4       ??_C@_02HBOOOICD@?9?$DO@   000000014000dbd4     libvcruntime:undname.obj
 0002:00000bd8       ??_C@_01NBENCBCI@?$CK@     000000014000dbd8     libvcruntime:undname.obj
 0002:00000bdc       ??_C@_02ECNGHCIF@?$CL?$CL@ 000000014000dbdc     libvcruntime:undname.obj
 0002:00000be0       ??_C@_02BAABKJLB@?9?9@     000000014000dbe0     libvcruntime:undname.obj
 0002:00000be4       ??_C@_01JOAMLHOP@?9@       000000014000dbe4     libvcruntime:undname.obj
 0002:00000be8       ??_C@_01MIFGBAGJ@?$CL@     000000014000dbe8     libvcruntime:undname.obj
 0002:00000bec       ??_C@_01HNPIGOCE@?$CG@     000000014000dbec     libvcruntime:undname.obj
 0002:00000bf0       ??_C@_03MNHNFDLC@?9?$DO?$CK@ 000000014000dbf0     libvcruntime:undname.obj
 0002:00000bf4       ??_C@_01KMDKNFGN@?1@       000000014000dbf4     libvcruntime:undname.obj
 0002:00000bf8       ??_C@_01FGNFDNOH@?$CF@     000000014000dbf8     libvcruntime:undname.obj
 0002:00000bfc       ??_C@_01MNNFJEPP@?$DM@     000000014000dbfc     libvcruntime:undname.obj
 0002:00000c00       ??_C@_02EHCHHCKH@?$DM?$DN@ 000000014000dc00     libvcruntime:undname.obj
 0002:00000c04       ??_C@_01PPODPGHN@?$DO@     000000014000dc04     libvcruntime:undname.obj
 0002:00000c08       ??_C@_02EEKDKGMJ@?$DO?$DN@ 000000014000dc08     libvcruntime:undname.obj
 0002:00000c0c       ??_C@_01IHBHIGKO@?0@       000000014000dc0c     libvcruntime:undname.obj
 0002:00000c10       ??_C@_02HCKGKOFO@?$CI?$CJ@ 000000014000dc10     libvcruntime:undname.obj
 0002:00000c14       ??_C@_01PJKLJHI@?$HO@      000000014000dc14     libvcruntime:undname.obj
 0002:00000c18       ??_C@_01JKBOJNNK@?$FO@     000000014000dc18     libvcruntime:undname.obj
 0002:00000c1c       ??_C@_01DNKMNLPK@?$HM@     000000014000dc1c     libvcruntime:undname.obj
 0002:00000c20       ??_C@_02PPKAJPJL@?$CG?$CG@ 000000014000dc20     libvcruntime:undname.obj
 0002:00000c24       ??_C@_02NONPIBCD@?$HM?$HM@ 000000014000dc24     libvcruntime:undname.obj
 0002:00000c28       ??_C@_02FPIMKNGF@?$CK?$DN@ 000000014000dc28     libvcruntime:undname.obj
 0002:00000c2c       ??_C@_02FOEOMHFC@?$CL?$DN@ 000000014000dc2c     libvcruntime:undname.obj
 0002:00000c30       ??_C@_02FKMDLLOA@?9?$DN@   000000014000dc30     libvcruntime:undname.obj
 0002:00000c34       ??_C@_02FJEHGPIO@?1?$DN@   000000014000dc34     libvcruntime:undname.obj
 0002:00000c38       ??_C@_02FENAOKFI@?$CF?$DN@ 000000014000dc38     libvcruntime:undname.obj
 0002:00000c3c       ??_C@_03IKFCCPFF@?$DO?$DO?$DN@ 000000014000dc3c     libvcruntime:undname.obj
 0002:00000c40       ??_C@_03CDNPDDLA@?$DM?$DM?$DN@ 000000014000dc40     libvcruntime:undname.obj
 0002:00000c44       ??_C@_02FGJGFEAB@?$CG?$DN@ 000000014000dc44     libvcruntime:undname.obj
 0002:00000c48       ??_C@_02DHLNPPGH@?$HM?$DN@ 000000014000dc48     libvcruntime:undname.obj
 0002:00000c4c       ??_C@_02MHEGNOJ@?$FO?$DN@  000000014000dc4c     libvcruntime:undname.obj
 0002:00000c50       ??_C@_09IFPLHPGF@?$GAvftable?8@ 000000014000dc50     libvcruntime:undname.obj
 0002:00000c60       ??_C@_09BLBHBJP@?$GAvbtable?8@ 000000014000dc60     libvcruntime:undname.obj
 0002:00000c70       ??_C@_07FEEIOKP@?$GAvcall?8@ 000000014000dc70     libvcruntime:undname.obj
 0002:00000c78       ??_C@_08LLFFHHDJ@?$GAtypeof?8@ 000000014000dc78     libvcruntime:undname.obj
 0002:00000c88       ??_C@_0BF@KDPPACIK@?$GAlocal?5static?5guard?8@ 000000014000dc88     libvcruntime:undname.obj
 0002:00000ca0       ??_C@_08OBABFOLI@?$GAstring?8@ 000000014000dca0     libvcruntime:undname.obj
 0002:00000cb0       ??_C@_0BD@JDLKDPAB@?$GAvbase?5destructor?8@ 000000014000dcb0     libvcruntime:undname.obj
 0002:00000cc8       ??_C@_0BN@DEGPLNFK@?$GAvector?5deleting?5destructor?8@ 000000014000dcc8     libvcruntime:undname.obj
 0002:00000ce8       ??_C@_0BO@OBMKPJIG@?$GAdefault?5constructor?5closure?8@ 000000014000dce8     libvcruntime:undname.obj
 0002:00000d08       ??_C@_0BN@IMDCHIKM@?$GAscalar?5deleting?5destructor?8@ 000000014000dd08     libvcruntime:undname.obj
 0002:00000d28       ??_C@_0BO@PFGOCPJJ@?$GAvector?5constructor?5iterator?8@ 000000014000dd28     libvcruntime:undname.obj
 0002:00000d48       ??_C@_0BN@LFPFMEDL@?$GAvector?5destructor?5iterator?8@ 000000014000dd48     libvcruntime:undname.obj
 0002:00000d68       ??_C@_0CE@IKBNEHA@?$GAvector?5vbase?5constructor?5itera@ 000000014000dd68     libvcruntime:undname.obj
 0002:00000d90       ??_C@_0BL@NILFHHPC@?$GAvirtual?5displacement?5map?8@ 000000014000dd90     libvcruntime:undname.obj
 0002:00000db0       ??_C@_0CB@JONCMFFK@?$GAeh?5vector?5constructor?5iterator@ 000000014000ddb0     libvcruntime:undname.obj
 0002:00000dd8       ??_C@_0CA@GCEOPDGL@?$GAeh?5vector?5destructor?5iterator?8@ 000000014000ddd8     libvcruntime:undname.obj
 0002:00000df8       ??_C@_0CH@OOJPLCPH@?$GAeh?5vector?5vbase?5constructor?5it@ 000000014000ddf8     libvcruntime:undname.obj
 0002:00000e20       ??_C@_0BL@LLKPOHJI@?$GAcopy?5constructor?5closure?8@ 000000014000de20     libvcruntime:undname.obj
 0002:00000e40       ??_C@_0BA@KBCDOMBN@?$GAudt?5returning?8@ 000000014000de40     libvcruntime:undname.obj
 0002:00000e50       ??_C@_03KLGMFNMG@?$GAEH@   000000014000de50     libvcruntime:undname.obj
 0002:00000e54       ??_C@_05KHLCHHI@?$GARTTI@  000000014000de54     libvcruntime:undname.obj
 0002:00000e60       ??_C@_0BA@KKLDJDLB@?$GAlocal?5vftable?8@ 000000014000de60     libvcruntime:undname.obj
 0002:00000e70       ??_C@_0CE@IIHCMGGL@?$GAlocal?5vftable?5constructor?5clos@ 000000014000de70     libvcruntime:undname.obj
 0002:00000e94       ??_C@_06FHBGPFGH@?5new?$FL?$FN@ 000000014000de94     libvcruntime:undname.obj
 0002:00000ea0       ??_C@_09LBNFPBCA@?5delete?$FL?$FN@ 000000014000dea0     libvcruntime:undname.obj
 0002:00000eb0       ??_C@_0P@HJKNJFNN@?$GAomni?5callsig?8@ 000000014000deb0     libvcruntime:undname.obj
 0002:00000ec0       ??_C@_0BL@CNOONJFP@?$GAplacement?5delete?5closure?8@ 000000014000dec0     libvcruntime:undname.obj
 0002:00000ee0       ??_C@_0BN@CKNJLHMB@?$GAplacement?5delete?$FL?$FN?5closure?8@ 000000014000dee0     libvcruntime:undname.obj
 0002:00000f00       ??_C@_0CG@CFDHKGGD@?$GAmanaged?5vector?5constructor?5ite@ 000000014000df00     libvcruntime:undname.obj
 0002:00000f28       ??_C@_0CF@IMGKMJNO@?$GAmanaged?5vector?5destructor?5iter@ 000000014000df28     libvcruntime:undname.obj
 0002:00000f50       ??_C@_0CG@HLDDJMAG@?$GAeh?5vector?5copy?5constructor?5ite@ 000000014000df50     libvcruntime:undname.obj
 0002:00000f78       ??_C@_0CM@FCBBDIGB@?$GAeh?5vector?5vbase?5copy?5construct@ 000000014000df78     libvcruntime:undname.obj
 0002:00000fa8       ??_C@_0BL@CLIPGLGB@?$GAdynamic?5initializer?5for?5?8@ 000000014000dfa8     libvcruntime:undname.obj
 0002:00000fc8       ??_C@_0CB@PDBIFEP@?$GAdynamic?5atexit?5destructor?5for?5@ 000000014000dfc8     libvcruntime:undname.obj
 0002:00000ff0       ??_C@_0CD@CGAJBKEJ@?$GAvector?5copy?5constructor?5iterat@ 000000014000dff0     libvcruntime:undname.obj
 0002:00001018       ??_C@_0CJ@GJELGAMM@?$GAvector?5vbase?5copy?5constructor?5@ 000000014000e018     libvcruntime:undname.obj
 0002:00001048       ??_C@_0CL@FGIJHLCE@?$GAmanaged?5vector?5copy?5constructo@ 000000014000e048     libvcruntime:undname.obj
 0002:00001078       ??_C@_0BM@PMGGMLDN@?$GAlocal?5static?5thread?5guard?8@ 000000014000e078     libvcruntime:undname.obj
 0002:00001098       ??_C@_0N@BDNMDMOL@operator?5?$CC?$CC?5@ 000000014000e098     libvcruntime:undname.obj
 0002:000010a8       ??_C@_0BC@GGEBGALA@operator?5co_await@ 000000014000e0a8     libvcruntime:undname.obj
 0002:000010c0       ??_C@_0M@GAAIMMOH@operator?$DM?$DN?$DO@ 000000014000e0c0     libvcruntime:undname.obj
 0002:000010d0       ??_C@_0BC@DAFEJGAK@?5Type?5Descriptor?8@ 000000014000e0d0     libvcruntime:undname.obj
 0002:000010e8       ??_C@_0BM@LDKODKLH@?5Base?5Class?5Descriptor?5at?5?$CI@ 000000014000e0e8     libvcruntime:undname.obj
 0002:00001108       ??_C@_0BD@LGICGFMM@?5Base?5Class?5Array?8@ 000000014000e108     libvcruntime:undname.obj
 0002:00001120       ??_C@_0BN@MECKDCOJ@?5Class?5Hierarchy?5Descriptor?8@ 000000014000e120     libvcruntime:undname.obj
 0002:00001140       ??_C@_0BK@CFCOFLF@?5Complete?5Object?5Locator?8@ 000000014000e140     libvcruntime:undname.obj
 0002:00001160       ??_C@_0BG@JNJLAMPM@?$GAanonymous?5namespace?8@ 000000014000e160     libvcruntime:undname.obj
 0002:00001190       ??_C@_1DM@KHCHBNEB@?$AAa?$AAp?$AAi?$AA?9?$AAm?$AAs?$AA?9?$AAw?$AAi?$AAn?$AA?9?$AAc?$AAo?$AAr?$AAe@ 000000014000e190     libvcruntime:winapi_downlevel.obj
 0002:000011d0       ??_C@_1DK@LPPGFMPP@?$AAa?$AAp?$AAi?$AA?9?$AAm?$AAs?$AA?9?$AAw?$AAi?$AAn?$AA?9?$AAc?$AAo?$AAr?$AAe@ 000000014000e1d0     libvcruntime:winapi_downlevel.obj
 0002:00001210       ??_C@_1BC@GDMECMAK@?$AAk?$AAe?$AAr?$AAn?$AAe?$AAl?$AA3?$AA2@ 000000014000e210     libvcruntime:winapi_downlevel.obj
 0002:00001228       ??_C@_1BA@PFFKHIOG@?$AAa?$AAp?$AAi?$AA?9?$AAm?$AAs?$AA?9@ 000000014000e228     libvcruntime:winapi_downlevel.obj
 0002:00001240       ??_C@_08KNHFBNJ@FlsAlloc@  000000014000e240     libvcruntime:winapi_downlevel.obj
 0002:00001258       ??_C@_07PEJMOBNF@FlsFree@  000000014000e258     libvcruntime:winapi_downlevel.obj
 0002:00001268       ??_C@_0M@GDNOONDI@FlsGetValue@ 000000014000e268     libvcruntime:winapi_downlevel.obj
 0002:00001280       ??_C@_0M@JCPCPOEF@FlsSetValue@ 000000014000e280     libvcruntime:winapi_downlevel.obj
 0002:00001298       ??_C@_0BM@HCFOFFN@InitializeCriticalSectionEx@ 000000014000e298     libvcruntime:winapi_downlevel.obj
 0002:000012c0       __acrt_exception_action_table 000000014000e2c0     libucrt:exception_filter.obj
 0002:00001380       __acrt_signal_action_table_count 000000014000e380     libucrt:exception_filter.obj
 0002:00001388       __acrt_signal_action_first_fpe_index 000000014000e388     libucrt:exception_filter.obj
 0002:00001390       __acrt_signal_action_fpe_count 000000014000e390     libucrt:exception_filter.obj
 0002:00001398       ??_C@_1BI@BGOHAHKC@?$AAm?$AAs?$AAc?$AAo?$AAr?$AAe?$AAe?$AA?4?$AAd?$AAl?$AAl@ 000000014000e398     libucrt:exit.obj
 0002:000013b0       ??_C@_0P@MIGLKIOC@CorExitProcess@ 000000014000e3b0     libucrt:exit.obj
 0002:00001648       ??_C@_1M@HPNHIDJI@?$AAj?$AAa?$AA?9?$AAJ?$AAP@ 000000014000e648     libucrt:mbctype.obj
 0002:00001658       ??_C@_1M@BIBDDEMK@?$AAz?$AAh?$AA?9?$AAC?$AAN@ 000000014000e658     libucrt:mbctype.obj
 0002:00001668       ??_C@_1M@JLOOOEGK@?$AAk?$AAo?$AA?9?$AAK?$AAR@ 000000014000e668     libucrt:mbctype.obj
 0002:00001678       ??_C@_1M@CLNBBOPM@?$AAz?$AAh?$AA?9?$AAT?$AAW@ 000000014000e678     libucrt:mbctype.obj
 0002:00001690       __lc_time_c                000000014000e690     libucrt:nlsdata.obj
 0002:00001950       ??_C@_03KOEHGMDN@Sun@      000000014000e950     libucrt:nlsdata.obj
 0002:00001954       ??_C@_03PDAGKDH@Mon@       000000014000e954     libucrt:nlsdata.obj
 0002:00001958       ??_C@_03NAGEINEP@Tue@      000000014000e958     libucrt:nlsdata.obj
 0002:0000195c       ??_C@_03MHOMLAJA@Wed@      000000014000e95c     libucrt:nlsdata.obj
 0002:00001960       ??_C@_03IOFIKPDN@Thu@      000000014000e960     libucrt:nlsdata.obj
 0002:00001964       ??_C@_03IDIOELNC@Fri@      000000014000e964     libucrt:nlsdata.obj
 0002:00001968       ??_C@_03FEFJNEK@Sat@       000000014000e968     libucrt:nlsdata.obj
 0002:0000196c       ??_C@_06OOPIFAJ@Sunday@    000000014000e96c     libucrt:nlsdata.obj
 0002:00001974       ??_C@_06JLEDEDGH@Monday@   000000014000e974     libucrt:nlsdata.obj
 0002:00001980       ??_C@_07BAAGCFCM@Tuesday@  000000014000e980     libucrt:nlsdata.obj
 0002:00001988       ??_C@_09DLIGFAKA@Wednesday@ 000000014000e988     libucrt:nlsdata.obj
 0002:00001998       ??_C@_08HACCIKIA@Thursday@ 000000014000e998     libucrt:nlsdata.obj
 0002:000019a4       ??_C@_06JECMNKMI@Friday@   000000014000e9a4     libucrt:nlsdata.obj
 0002:000019b0       ??_C@_08INBOOONO@Saturday@ 000000014000e9b0     libucrt:nlsdata.obj
 0002:000019bc       ??_C@_03JIHJHPIE@Jan@      000000014000e9bc     libucrt:nlsdata.obj
 0002:000019c0       ??_C@_03HJBDCHOM@Feb@      000000014000e9c0     libucrt:nlsdata.obj
 0002:000019c4       ??_C@_03ODNJBKGA@Mar@      000000014000e9c4     libucrt:nlsdata.obj
 0002:000019c8       ??_C@_03LEOLGMJP@Apr@      000000014000e9c8     libucrt:nlsdata.obj
 0002:000019cc       ??_C@_03CNMDKL@May@        000000014000e9cc     libucrt:nlsdata.obj
 0002:000019d0       ??_C@_03IDFGHECI@Jun@      000000014000e9d0     libucrt:nlsdata.obj
 0002:000019d4       ??_C@_03LBGABGKK@Jul@      000000014000e9d4     libucrt:nlsdata.obj
 0002:000019d8       ??_C@_03IFJFEIGA@Aug@      000000014000e9d8     libucrt:nlsdata.obj
 0002:000019dc       ??_C@_03GGCAPAJC@Sep@      000000014000e9dc     libucrt:nlsdata.obj
 0002:000019e0       ??_C@_03BMAOKBAD@Oct@      000000014000e9e0     libucrt:nlsdata.obj
 0002:000019e4       ??_C@_03JPJOFNIA@Nov@      000000014000e9e4     libucrt:nlsdata.obj
 0002:000019e8       ??_C@_03MKABNOCG@Dec@      000000014000e9e8     libucrt:nlsdata.obj
 0002:000019f0       ??_C@_07CGJPFGJA@January@  000000014000e9f0     libucrt:nlsdata.obj
 0002:000019f8       ??_C@_08GNJGEPFN@February@ 000000014000e9f8     libucrt:nlsdata.obj
 0002:00001a04       ??_C@_05HPCKOFNC@March@    000000014000ea04     libucrt:nlsdata.obj
 0002:00001a0c       ??_C@_05DMJDNLEJ@April@    000000014000ea0c     libucrt:nlsdata.obj
 0002:00001a14       ??_C@_04CNLMGBGM@June@     000000014000ea14     libucrt:nlsdata.obj
 0002:00001a1c       ??_C@_04MIEPOIFP@July@     000000014000ea1c     libucrt:nlsdata.obj
 0002:00001a24       ??_C@_06LBBHFDDG@August@   000000014000ea24     libucrt:nlsdata.obj
 0002:00001a30       ??_C@_09BHHEALKD@September@ 000000014000ea30     libucrt:nlsdata.obj
 0002:00001a40       ??_C@_07JJNFCEND@October@  000000014000ea40     libucrt:nlsdata.obj
 0002:00001a48       ??_C@_08HCHEGEOA@November@ 000000014000ea48     libucrt:nlsdata.obj
 0002:00001a58       ??_C@_08EDHMEBNP@December@ 000000014000ea58     libucrt:nlsdata.obj
 0002:00001a64       ??_C@_02DEDBPAFC@AM@       000000014000ea64     libucrt:nlsdata.obj
 0002:00001a68       ??_C@_02CJNFDJBF@PM@       000000014000ea68     libucrt:nlsdata.obj
 0002:00001a70       ??_C@_08BPBNCDIB@MM?1dd?1yy@ 000000014000ea70     libucrt:nlsdata.obj
 0002:00001a80       ??_C@_0BE@CKGJFCPC@dddd?0?5MMMM?5dd?0?5yyyy@ 000000014000ea80     libucrt:nlsdata.obj
 0002:00001a98       ??_C@_08JCCMCCIL@HH?3mm?3ss@ 000000014000ea98     libucrt:nlsdata.obj
 0002:00001aa8       ??_C@_17MBGCMIPB@?$AAS?$AAu?$AAn@ 000000014000eaa8     libucrt:nlsdata.obj
 0002:00001ab0       ??_C@_17KBOMKBF@?$AAM?$AAo?$AAn@ 000000014000eab0     libucrt:nlsdata.obj
 0002:00001ab8       ??_C@_17BMKGEGOJ@?$AAT?$AAu?$AAe@ 000000014000eab8     libucrt:nlsdata.obj
 0002:00001ac0       ??_C@_17CJEDCEPE@?$AAW?$AAe?$AAd@ 000000014000eac0     libucrt:nlsdata.obj
 0002:00001ac8       ??_C@_17PDPHAADD@?$AAT?$AAh?$AAu@ 000000014000eac8     libucrt:nlsdata.obj
 0002:00001ad0       ??_C@_17HFOLPPLP@?$AAF?$AAr?$AAi@ 000000014000ead0     libucrt:nlsdata.obj
 0002:00001ad8       ??_C@_17GGIBDPIH@?$AAS?$AAa?$AAt@ 000000014000ead8     libucrt:nlsdata.obj
 0002:00001ae0       ??_C@_1O@IHNHDHPB@?$AAS?$AAu?$AAn?$AAd?$AAa?$AAy@ 000000014000eae0     libucrt:nlsdata.obj
 0002:00001af0       ??_C@_1O@MMNBFLIA@?$AAM?$AAo?$AAn?$AAd?$AAa?$AAy@ 000000014000eaf0     libucrt:nlsdata.obj
 0002:00001b00       ??_C@_1BA@ENFBFFEK@?$AAT?$AAu?$AAe?$AAs?$AAd?$AAa?$AAy@ 000000014000eb00     libucrt:nlsdata.obj
 0002:00001b10       ??_C@_1BE@EBOGMDOH@?$AAW?$AAe?$AAd?$AAn?$AAe?$AAs?$AAd?$AAa?$AAy@ 000000014000eb10     libucrt:nlsdata.obj
 0002:00001b28       ??_C@_1BC@HHMNLIHE@?$AAT?$AAh?$AAu?$AAr?$AAs?$AAd?$AAa?$AAy@ 000000014000eb28     libucrt:nlsdata.obj
 0002:00001b40       ??_C@_1O@PDICJHAG@?$AAF?$AAr?$AAi?$AAd?$AAa?$AAy@ 000000014000eb40     libucrt:nlsdata.obj
 0002:00001b50       ??_C@_1BC@ENMNNPAJ@?$AAS?$AAa?$AAt?$AAu?$AAr?$AAd?$AAa?$AAy@ 000000014000eb50     libucrt:nlsdata.obj
 0002:00001b68       ??_C@_17DKNBKCHM@?$AAJ?$AAa?$AAn@ 000000014000eb68     libucrt:nlsdata.obj
 0002:00001b70       ??_C@_17LMDJEKJN@?$AAF?$AAe?$AAb@ 000000014000eb70     libucrt:nlsdata.obj
 0002:00001b78       ??_C@_17CKNLEDEC@?$AAM?$AAa?$AAr@ 000000014000eb78     libucrt:nlsdata.obj
 0002:00001b80       ??_C@_17LFPOIHDD@?$AAA?$AAp?$AAr@ 000000014000eb80     libucrt:nlsdata.obj
 0002:00001b88       ??_C@_17PNNKMEED@?$AAM?$AAa?$AAy@ 000000014000eb88     libucrt:nlsdata.obj
 0002:00001b90       ??_C@_17KCJGOCPB@?$AAJ?$AAu?$AAn@ 000000014000eb90     libucrt:nlsdata.obj
 0002:00001b98       ??_C@_17IJPCKHK@?$AAJ?$AAu?$AAl@ 000000014000eb98     libucrt:nlsdata.obj
 0002:00001ba0       ??_C@_17ICPELBCN@?$AAA?$AAu?$AAg@ 000000014000eba0     libucrt:nlsdata.obj
 0002:00001ba8       ??_C@_17HCHCOKMG@?$AAS?$AAe?$AAp@ 000000014000eba8     libucrt:nlsdata.obj
 0002:00001bb0       ??_C@_17FNLKOI@?$AAO?$AAc?$AAt@ 000000014000ebb0     libucrt:nlsdata.obj
 0002:00001bb8       ??_C@_17BBDMLCIG@?$AAN?$AAo?$AAv@ 000000014000ebb8     libucrt:nlsdata.obj
 0002:00001bc0       ??_C@_17EGKACKIF@?$AAD?$AAe?$AAc@ 000000014000ebc0     libucrt:nlsdata.obj
 0002:00001bc8       ??_C@_1BA@EFMEIEBA@?$AAJ?$AAa?$AAn?$AAu?$AAa?$AAr?$AAy@ 000000014000ebc8     libucrt:nlsdata.obj
 0002:00001bd8       ??_C@_1BC@JGDDFFAM@?$AAF?$AAe?$AAb?$AAr?$AAu?$AAa?$AAr?$AAy@ 000000014000ebd8     libucrt:nlsdata.obj
 0002:00001bf0       ??_C@_1M@IKEENEDF@?$AAM?$AAa?$AAr?$AAc?$AAh@ 000000014000ebf0     libucrt:nlsdata.obj
 0002:00001c00       ??_C@_1M@GJNLMHFD@?$AAA?$AAp?$AAr?$AAi?$AAl@ 000000014000ec00     libucrt:nlsdata.obj
 0002:00001c10       ??_C@_19EPFLPGAP@?$AAJ?$AAu?$AAn?$AAe@ 000000014000ec10     libucrt:nlsdata.obj
 0002:00001c20       ??_C@_19BIFMLPCD@?$AAJ?$AAu?$AAl?$AAy@ 000000014000ec20     libucrt:nlsdata.obj
 0002:00001c30       ??_C@_1O@PAHLKOAC@?$AAA?$AAu?$AAg?$AAu?$AAs?$AAt@ 000000014000ec30     libucrt:nlsdata.obj
 0002:00001c40       ??_C@_1BE@DKAAMBJL@?$AAS?$AAe?$AAp?$AAt?$AAe?$AAm?$AAb?$AAe?$AAr@ 000000014000ec40     libucrt:nlsdata.obj
 0002:00001c58       ??_C@_1BA@EPANDLNG@?$AAO?$AAc?$AAt?$AAo?$AAb?$AAe?$AAr@ 000000014000ec58     libucrt:nlsdata.obj
 0002:00001c68       ??_C@_1BC@BGLIFPF@?$AAN?$AAo?$AAv?$AAe?$AAm?$AAb?$AAe?$AAr@ 000000014000ec68     libucrt:nlsdata.obj
 0002:00001c80       ??_C@_1BC@FEMKIFH@?$AAD?$AAe?$AAc?$AAe?$AAm?$AAb?$AAe?$AAr@ 000000014000ec80     libucrt:nlsdata.obj
 0002:00001c94       ??_C@_15ODEHAHHF@?$AAA?$AAM@ 000000014000ec94     libucrt:nlsdata.obj
 0002:00001c9c       ??_C@_15CLMNNGEL@?$AAP?$AAM@ 000000014000ec9c     libucrt:nlsdata.obj
 0002:00001ca8       ??_C@_1BC@IEBCMHCM@?$AAM?$AAM?$AA?1?$AAd?$AAd?$AA?1?$AAy?$AAy@ 000000014000eca8     libucrt:nlsdata.obj
 0002:00001cc0       ??_C@_1CI@KNAKOEBC@?$AAd?$AAd?$AAd?$AAd?$AA?0?$AA?5?$AAM?$AAM?$AAM?$AAM?$AA?5?$AAd?$AAd?$AA?0?$AA?5@ 000000014000ecc0     libucrt:nlsdata.obj
 0002:00001ce8       ??_C@_1BC@GDGBMEMK@?$AAH?$AAH?$AA?3?$AAm?$AAm?$AA?3?$AAs?$AAs@ 000000014000ece8     libucrt:nlsdata.obj
 0002:00001d00       ??_C@_1M@BMHNFIME@?$AAe?$AAn?$AA?9?$AAU?$AAS@ 000000014000ed00     libucrt:nlsdata.obj
 0002:00001d10       __newctype                 000000014000ed10     libucrt:ctype.obj
 0002:00002010       __newclmap                 000000014000f010     libucrt:ctype.obj
 0002:00002190       __newcumap                 000000014000f190     libucrt:ctype.obj
 0002:00002310       ??_C@_15PJPFLCCM@?$AAu?$AAk@ 000000014000f310     libucrt:get_qualified_locale.obj
 0002:000023c0       ??_C@_1EA@JGEFHKEI@?$AAa?$AAp?$AAi?$AA?9?$AAm?$AAs?$AA?9?$AAw?$AAi?$AAn?$AA?9?$AAc?$AAo?$AAr?$AAe@ 000000014000f3c0     libucrt:winapi_thunks.obj
 0002:00002400       ??_C@_1DI@IJCEHOCB@?$AAa?$AAp?$AAi?$AA?9?$AAm?$AAs?$AA?9?$AAw?$AAi?$AAn?$AA?9?$AAc?$AAo?$AAr?$AAe@ 000000014000f400     libucrt:winapi_thunks.obj
 0002:00002440       ??_C@_1EI@MPIAOHOC@?$AAa?$AAp?$AAi?$AA?9?$AAm?$AAs?$AA?9?$AAw?$AAi?$AAn?$AA?9?$AAc?$AAo?$AAr?$AAe@ 000000014000f440     libucrt:winapi_thunks.obj
 0002:00002490       ??_C@_1FK@FPHCKFIE@?$AAa?$AAp?$AAi?$AA?9?$AAm?$AAs?$AA?9?$AAw?$AAi?$AAn?$AA?9?$AAc?$AAo?$AAr?$AAe@ 000000014000f490     libucrt:winapi_thunks.obj
 0002:000024f0       ??_C@_1EM@DILCGIIO@?$AAa?$AAp?$AAi?$AA?9?$AAm?$AAs?$AA?9?$AAw?$AAi?$AAn?$AA?9?$AAc?$AAo?$AAr?$AAe@ 000000014000f4f0     libucrt:winapi_thunks.obj
 0002:00002540       ??_C@_1DM@LNCGDDPN@?$AAa?$AAp?$AAi?$AA?9?$AAm?$AAs?$AA?9?$AAw?$AAi?$AAn?$AA?9?$AAc?$AAo?$AAr?$AAe@ 000000014000f540     libucrt:winapi_thunks.obj
 0002:00002580       ??_C@_1DO@FPAPJEMD@?$AAa?$AAp?$AAi?$AA?9?$AAm?$AAs?$AA?9?$AAw?$AAi?$AAn?$AA?9?$AAc?$AAo?$AAr?$AAe@ 000000014000f580     libucrt:winapi_thunks.obj
 0002:000025c0       ??_C@_1DK@NDHNAHIO@?$AAa?$AAp?$AAi?$AA?9?$AAm?$AAs?$AA?9?$AAw?$AAi?$AAn?$AA?9?$AAc?$AAo?$AAr?$AAe@ 000000014000f5c0     libucrt:winapi_thunks.obj
 0002:00002600       ??_C@_1DM@KGHDGBCM@?$AAa?$AAp?$AAi?$AA?9?$AAm?$AAs?$AA?9?$AAw?$AAi?$AAn?$AA?9?$AAc?$AAo?$AAr?$AAe@ 000000014000f600     libucrt:winapi_thunks.obj
 0002:00002640       ??_C@_1EO@IJIOEFOH@?$AAa?$AAp?$AAi?$AA?9?$AAm?$AAs?$AA?9?$AAw?$AAi?$AAn?$AA?9?$AAr?$AAt?$AAc?$AAo@ 000000014000f640     libucrt:winapi_thunks.obj
 0002:00002690       ??_C@_1FG@HHGEKANL@?$AAa?$AAp?$AAi?$AA?9?$AAm?$AAs?$AA?9?$AAw?$AAi?$AAn?$AA?9?$AAs?$AAe?$AAc?$AAu@ 000000014000f690     libucrt:winapi_thunks.obj
 0002:000026f0       ??_C@_1EG@DBIOJECG@?$AAe?$AAx?$AAt?$AA?9?$AAm?$AAs?$AA?9?$AAw?$AAi?$AAn?$AA?9?$AAn?$AAt?$AAu?$AAs@ 000000014000f6f0     libucrt:winapi_thunks.obj
 0002:00002740       ??_C@_1EO@FIHMJCLF@?$AAe?$AAx?$AAt?$AA?9?$AAm?$AAs?$AA?9?$AAw?$AAi?$AAn?$AA?9?$AAn?$AAt?$AAu?$AAs@ 000000014000f740     libucrt:winapi_thunks.obj
 0002:00002790       ??_C@_1BC@DNHGCMLG@?$AAa?$AAd?$AAv?$AAa?$AAp?$AAi?$AA3?$AA2@ 000000014000f790     libucrt:winapi_thunks.obj
 0002:000027a8       ??_C@_1M@OAIMIKLP@?$AAn?$AAt?$AAd?$AAl?$AAl@ 000000014000f7a8     libucrt:winapi_thunks.obj
 0002:000027c0       ??_C@_1EG@DPGNFKGC@?$AAa?$AAp?$AAi?$AA?9?$AAm?$AAs?$AA?9?$AAw?$AAi?$AAn?$AA?9?$AAa?$AAp?$AAp?$AAm@ 000000014000f7c0     libucrt:winapi_thunks.obj
 0002:00002808       ??_C@_1O@BCCLBEOE@?$AAu?$AAs?$AAe?$AAr?$AA3?$AA2@ 000000014000f808     libucrt:winapi_thunks.obj
 0002:00002818       ??_C@_1BA@IAIFMGEF@?$AAe?$AAx?$AAt?$AA?9?$AAm?$AAs?$AA?9@ 000000014000f818     libucrt:winapi_thunks.obj
 0002:00002830       ??_C@_0BA@FHFNEAED@AreFileApisANSI@ 000000014000f830     libucrt:winapi_thunks.obj
 0002:00002870       ??_C@_0O@KKBNKAPF@LCMapStringEx@ 000000014000f870     libucrt:winapi_thunks.obj
 0002:00002888       ??_C@_0BB@HBDEELFH@LocaleNameToLCID@ 000000014000f888     libucrt:winapi_thunks.obj
 0002:000028a0       ??_C@_0CF@OJOFEIGO@AppPolicyGetProcessTerminationM@ 000000014000f8a0     libucrt:winapi_thunks.obj
 0002:00003710       ??_C@_15EMKDOKLE@?$AAa?$AAr@ 0000000140010710     libucrt:lcidtoname_downlevel.obj
 0002:00003718       ??_C@_15KNPADPLH@?$AAb?$AAg@ 0000000140010718     libucrt:lcidtoname_downlevel.obj
 0002:00003720       ??_C@_15EDMHLDMO@?$AAc?$AAa@ 0000000140010720     libucrt:lcidtoname_downlevel.obj
 0002:00003728       ??_C@_1O@BPEAJADD@?$AAz?$AAh?$AA?9?$AAC?$AAH?$AAS@ 0000000140010728     libucrt:lcidtoname_downlevel.obj
 0002:00003738       ??_C@_15LJNHCMNK@?$AAc?$AAs@ 0000000140010738     libucrt:lcidtoname_downlevel.obj
 0002:00003740       ??_C@_15FOMCIDHG@?$AAd?$AAa@ 0000000140010740     libucrt:lcidtoname_downlevel.obj
 0002:00003748       ??_C@_15NBKABECB@?$AAd?$AAe@ 0000000140010748     libucrt:lcidtoname_downlevel.obj
 0002:00003750       ??_C@_15GHPEIIAO@?$AAe?$AAl@ 0000000140010750     libucrt:lcidtoname_downlevel.obj
 0002:00003758       ??_C@_15MNPNEAIF@?$AAe?$AAn@ 0000000140010758     libucrt:lcidtoname_downlevel.obj
 0002:00003760       ??_C@_15GPIOMPMH@?$AAe?$AAs@ 0000000140010760     libucrt:lcidtoname_downlevel.obj
 0002:00003768       ??_C@_15NGLOAKJC@?$AAf?$AAi@ 0000000140010768     libucrt:lcidtoname_downlevel.obj
 0002:00003770       ??_C@_15FBKGNKAM@?$AAf?$AAr@ 0000000140010770     libucrt:lcidtoname_downlevel.obj
 0002:00003778       ??_C@_15KGGCNEFK@?$AAh?$AAe@ 0000000140010778     libucrt:lcidtoname_downlevel.obj
 0002:00003780       ??_C@_15PGHLIDMF@?$AAh?$AAu@ 0000000140010780     libucrt:lcidtoname_downlevel.obj
 0002:00003788       ??_C@_15BIEMAPLM@?$AAi?$AAs@ 0000000140010788     libucrt:lcidtoname_downlevel.obj
 0002:00003790       ??_C@_15IFJLDHAF@?$AAi?$AAt@ 0000000140010790     libucrt:lcidtoname_downlevel.obj
 0002:00003798       ??_C@_15GEMIOCAG@?$AAj?$AAa@ 0000000140010798     libucrt:lcidtoname_downlevel.obj
 0002:000037a0       ??_C@_15EPELEGJA@?$AAk?$AAo@ 00000001400107a0     libucrt:lcidtoname_downlevel.obj
 0002:000037a8       ??_C@_15NDDHIMN@?$AAn?$AAl@ 00000001400107a8     libucrt:lcidtoname_downlevel.obj
 0002:000037b0       ??_C@_15BPIGNHCD@?$AAn?$AAo@ 00000001400107b0     libucrt:lcidtoname_downlevel.obj
 0002:000037b8       ??_C@_15DEOPBLCG@?$AAp?$AAl@ 00000001400107b8     libucrt:lcidtoname_downlevel.obj
 0002:000037c0       ??_C@_15KBECGEFG@?$AAp?$AAt@ 00000001400107c0     libucrt:lcidtoname_downlevel.obj
 0002:000037c8       ??_C@_15GLJCBFMD@?$AAr?$AAo@ 00000001400107c8     libucrt:lcidtoname_downlevel.obj
 0002:000037d0       ??_C@_15FEDGKCDI@?$AAr?$AAu@ 00000001400107d0     libucrt:lcidtoname_downlevel.obj
 0002:000037d8       ??_C@_15GLKMLLHM@?$AAh?$AAr@ 00000001400107d8     libucrt:lcidtoname_downlevel.obj
 0002:000037e0       ??_C@_15CPKMFBDB@?$AAs?$AAk@ 00000001400107e0     libucrt:lcidtoname_downlevel.obj
 0002:000037e8       ??_C@_15BAAIOGMK@?$AAs?$AAq@ 00000001400107e8     libucrt:lcidtoname_downlevel.obj
 0002:000037f0       ??_C@_15INNPNOHD@?$AAs?$AAv@ 00000001400107f0     libucrt:lcidtoname_downlevel.obj
 0002:000037f8       ??_C@_15CABMMOGH@?$AAt?$AAh@ 00000001400107f8     libucrt:lcidtoname_downlevel.obj
 0002:00003800       ??_C@_15BPLIHJJM@?$AAt?$AAr@ 0000000140010800     libucrt:lcidtoname_downlevel.obj
 0002:00003808       ??_C@_15NEOEKKDJ@?$AAu?$AAr@ 0000000140010808     libucrt:lcidtoname_downlevel.obj
 0002:00003810       ??_C@_15NFICGAJK@?$AAi?$AAd@ 0000000140010810     libucrt:lcidtoname_downlevel.obj
 0002:00003818       ??_C@_15HPJPHDM@?$AAb?$AAe@ 0000000140010818     libucrt:lcidtoname_downlevel.obj
 0002:00003820       ??_C@_15LCHLGJII@?$AAs?$AAl@ 0000000140010820     libucrt:lcidtoname_downlevel.obj
 0002:00003828       ??_C@_15PCFJPHHO@?$AAe?$AAt@ 0000000140010828     libucrt:lcidtoname_downlevel.obj
 0002:00003830       ??_C@_15HPFPGODN@?$AAl?$AAv@ 0000000140010830     libucrt:lcidtoname_downlevel.obj
 0002:00003838       ??_C@_15NFFGKGLG@?$AAl?$AAt@ 0000000140010838     libucrt:lcidtoname_downlevel.obj
 0002:00003840       ??_C@_15BDAKCCHN@?$AAf?$AAa@ 0000000140010840     libucrt:lcidtoname_downlevel.obj
 0002:00003848       ??_C@_15NFGIAIAJ@?$AAv?$AAi@ 0000000140010848     libucrt:lcidtoname_downlevel.obj
 0002:00003850       ??_C@_15LMKNDMHN@?$AAh?$AAy@ 0000000140010850     libucrt:lcidtoname_downlevel.obj
 0002:00003858       ??_C@_15IJBHMCFL@?$AAa?$AAz@ 0000000140010858     libucrt:lcidtoname_downlevel.obj
 0002:00003860       ??_C@_15EKOFJABL@?$AAe?$AAu@ 0000000140010860     libucrt:lcidtoname_downlevel.obj
 0002:00003868       ??_C@_15BGHADCNK@?$AAm?$AAk@ 0000000140010868     libucrt:lcidtoname_downlevel.obj
 0002:00003870       ??_C@_15JDNICKHM@?$AAa?$AAf@ 0000000140010870     libucrt:lcidtoname_downlevel.obj
 0002:00003878       ??_C@_15KPJEDBKD@?$AAk?$AAa@ 0000000140010878     libucrt:lcidtoname_downlevel.obj
 0002:00003880       ??_C@_15PDNFFFEO@?$AAf?$AAo@ 0000000140010880     libucrt:lcidtoname_downlevel.obj
 0002:00003888       ??_C@_15OMLEGLOC@?$AAh?$AAi@ 0000000140010888     libucrt:lcidtoname_downlevel.obj
 0002:00003890       ??_C@_15IDNNENKK@?$AAm?$AAs@ 0000000140010890     libucrt:lcidtoname_downlevel.obj
 0002:00003898       ??_C@_15MACJNBMH@?$AAk?$AAk@ 0000000140010898     libucrt:lcidtoname_downlevel.obj
 0002:000038a0       ??_C@_15DKDJEOND@?$AAk?$AAy@ 00000001400108a0     libucrt:lcidtoname_downlevel.obj
 0002:000038a8       ??_C@_15DFGDLJBG@?$AAs?$AAw@ 00000001400108a8     libucrt:lcidtoname_downlevel.obj
 0002:000038b0       ??_C@_15BBFAICNG@?$AAu?$AAz@ 00000001400108b0     libucrt:lcidtoname_downlevel.obj
 0002:000038b8       ??_C@_15DKNDCGEA@?$AAt?$AAt@ 00000001400108b8     libucrt:lcidtoname_downlevel.obj
 0002:000038c0       ??_C@_15MGIFMDPL@?$AAp?$AAa@ 00000001400108c0     libucrt:lcidtoname_downlevel.obj
 0002:000038c8       ??_C@_15HCNDBBA@?$AAg?$AAu@ 00000001400108c8     libucrt:lcidtoname_downlevel.obj
 0002:000038d0       ??_C@_15FNBEIBON@?$AAt?$AAa@ 00000001400108d0     libucrt:lcidtoname_downlevel.obj
 0002:000038d8       ??_C@_15NCHGBGLK@?$AAt?$AAe@ 00000001400108d8     libucrt:lcidtoname_downlevel.obj
 0002:000038e0       ??_C@_15PHPHCBPF@?$AAk?$AAn@ 00000001400108e0     libucrt:lcidtoname_downlevel.obj
 0002:000038e8       ??_C@_15DLGBCKMP@?$AAm?$AAr@ 00000001400108e8     libucrt:lcidtoname_downlevel.obj
 0002:000038f0       ??_C@_15EABBLBFF@?$AAs?$AAa@ 00000001400108f0     libucrt:lcidtoname_downlevel.obj
 0002:000038f8       ??_C@_15CBKOMCOI@?$AAm?$AAn@ 00000001400108f8     libucrt:lcidtoname_downlevel.obj
 0002:00003900       ??_C@_15CKDMCJAF@?$AAg?$AAl@ 0000000140010900     libucrt:lcidtoname_downlevel.obj
 0002:00003908       ??_C@_17CNJFBPG@?$AAk?$AAo?$AAk@ 0000000140010908     libucrt:lcidtoname_downlevel.obj
 0002:00003910       ??_C@_17FFBJICPL@?$AAs?$AAy?$AAr@ 0000000140010910     libucrt:lcidtoname_downlevel.obj
 0002:00003918       ??_C@_17KPNDCPAF@?$AAd?$AAi?$AAv@ 0000000140010918     libucrt:lcidtoname_downlevel.obj
 0002:00003920       ??_C@_11LOCGONAA@@         0000000140010920     libucrt:lcidtoname_downlevel.obj
 0002:00003928       ??_C@_1M@OKAHONE@?$AAa?$AAr?$AA?9?$AAS?$AAA@ 0000000140010928     libucrt:lcidtoname_downlevel.obj
 0002:00003938       ??_C@_1M@FFFIGIGK@?$AAb?$AAg?$AA?9?$AAB?$AAG@ 0000000140010938     libucrt:lcidtoname_downlevel.obj
 0002:00003948       ??_C@_1M@BJNKEDC@?$AAc?$AAa?$AA?9?$AAE?$AAS@ 0000000140010948     libucrt:lcidtoname_downlevel.obj
 0002:00003958       ??_C@_1M@IJJHFJHA@?$AAc?$AAs?$AA?9?$AAC?$AAZ@ 0000000140010958     libucrt:lcidtoname_downlevel.obj
 0002:00003968       ??_C@_1M@CLPEOBGI@?$AAd?$AAa?$AA?9?$AAD?$AAK@ 0000000140010968     libucrt:lcidtoname_downlevel.obj
 0002:00003978       ??_C@_1M@MCMADGCB@?$AAd?$AAe?$AA?9?$AAD?$AAE@ 0000000140010978     libucrt:lcidtoname_downlevel.obj
 0002:00003988       ??_C@_1M@OOCKEMAM@?$AAe?$AAl?$AA?9?$AAG?$AAR@ 0000000140010988     libucrt:lcidtoname_downlevel.obj
 0002:00003998       ??_C@_1M@DDNJFGID@?$AAf?$AAi?$AA?9?$AAF?$AAI@ 0000000140010998     libucrt:lcidtoname_downlevel.obj
 0002:000039a8       ??_C@_1M@GLIPPMAC@?$AAf?$AAr?$AA?9?$AAF?$AAR@ 00000001400109a8     libucrt:lcidtoname_downlevel.obj
 0002:000039b8       ??_C@_1M@GFMCHPE@?$AAh?$AAe?$AA?9?$AAI?$AAL@ 00000001400109b8     libucrt:lcidtoname_downlevel.obj
 0002:000039c8       ??_C@_1M@MHLPGNKM@?$AAh?$AAu?$AA?9?$AAH?$AAU@ 00000001400109c8     libucrt:lcidtoname_downlevel.obj
 0002:000039d8       ??_C@_1M@LPDDNNPN@?$AAi?$AAs?$AA?9?$AAI?$AAS@ 00000001400109d8     libucrt:lcidtoname_downlevel.obj
 0002:000039e8       ??_C@_1M@MADIPODN@?$AAi?$AAt?$AA?9?$AAI?$AAT@ 00000001400109e8     libucrt:lcidtoname_downlevel.obj
 0002:000039f8       ??_C@_1M@IHBJJGG@?$AAn?$AAl?$AA?9?$AAN?$AAL@ 00000001400109f8     libucrt:lcidtoname_downlevel.obj
 0002:00003a08       ??_C@_1M@EANAGDL@?$AAn?$AAb?$AA?9?$AAN?$AAO@ 0000000140010a08     libucrt:lcidtoname_downlevel.obj
 0002:00003a18       ??_C@_1M@NEIEMEGP@?$AAp?$AAl?$AA?9?$AAP?$AAL@ 0000000140010a18     libucrt:lcidtoname_downlevel.obj
 0002:00003a28       ??_C@_1M@BOCFIGEP@?$AAp?$AAt?$AA?9?$AAB?$AAR@ 0000000140010a28     libucrt:lcidtoname_downlevel.obj
 0002:00003a38       ??_C@_1M@IMPFOPBG@?$AAr?$AAo?$AA?9?$AAR?$AAO@ 0000000140010a38     libucrt:lcidtoname_downlevel.obj
 0002:00003a48       ??_C@_1M@IDNNEJMM@?$AAr?$AAu?$AA?9?$AAR?$AAU@ 0000000140010a48     libucrt:lcidtoname_downlevel.obj
 0002:00003a58       ??_C@_1M@LILEEOGM@?$AAh?$AAr?$AA?9?$AAH?$AAR@ 0000000140010a58     libucrt:lcidtoname_downlevel.obj
 0002:00003a68       ??_C@_1M@FKIFEHPB@?$AAs?$AAk?$AA?9?$AAS?$AAK@ 0000000140010a68     libucrt:lcidtoname_downlevel.obj
 0002:00003a78       ??_C@_1M@LJMAMNPJ@?$AAs?$AAq?$AA?9?$AAA?$AAL@ 0000000140010a78     libucrt:lcidtoname_downlevel.obj
 0002:00003a88       ??_C@_1M@GIAKDKJK@?$AAs?$AAv?$AA?9?$AAS?$AAE@ 0000000140010a88     libucrt:lcidtoname_downlevel.obj
 0002:00003a98       ??_C@_1M@MKJKIKCL@?$AAt?$AAh?$AA?9?$AAT?$AAH@ 0000000140010a98     libucrt:lcidtoname_downlevel.obj
 0002:00003aa8       ??_C@_1M@MFLCCMPB@?$AAt?$AAr?$AA?9?$AAT?$AAR@ 0000000140010aa8     libucrt:lcidtoname_downlevel.obj
 0002:00003ab8       ??_C@_1M@OIJHDKJN@?$AAu?$AAr?$AA?9?$AAP?$AAK@ 0000000140010ab8     libucrt:lcidtoname_downlevel.obj
 0002:00003ac8       ??_C@_1M@LHIPCIEK@?$AAi?$AAd?$AA?9?$AAI?$AAD@ 0000000140010ac8     libucrt:lcidtoname_downlevel.obj
 0002:00003ad8       ??_C@_1M@MFMOBGI@?$AAu?$AAk?$AA?9?$AAU?$AAA@ 0000000140010ad8     libucrt:lcidtoname_downlevel.obj
 0002:00003ae8       ??_C@_1M@OBGLJIPL@?$AAb?$AAe?$AA?9?$AAB?$AAY@ 0000000140010ae8     libucrt:lcidtoname_downlevel.obj
 0002:00003af8       ??_C@_1M@BCFAJEAD@?$AAs?$AAl?$AA?9?$AAS?$AAI@ 0000000140010af8     libucrt:lcidtoname_downlevel.obj
 0002:00003b08       ??_C@_1M@FKFFEDDN@?$AAe?$AAt?$AA?9?$AAE?$AAE@ 0000000140010b08     libucrt:lcidtoname_downlevel.obj
 0002:00003b18       ??_C@_1M@KGKKAACI@?$AAl?$AAv?$AA?9?$AAL?$AAV@ 0000000140010b18     libucrt:lcidtoname_downlevel.obj
 0002:00003b28       ??_C@_1M@IFGBIJO@?$AAl?$AAt?$AA?9?$AAL?$AAT@ 0000000140010b28     libucrt:lcidtoname_downlevel.obj
 0002:00003b38       ??_C@_1M@FGEAHEDM@?$AAf?$AAa?$AA?9?$AAI?$AAR@ 0000000140010b38     libucrt:lcidtoname_downlevel.obj
 0002:00003b48       ??_C@_1M@KBMAIBFN@?$AAv?$AAi?$AA?9?$AAV?$AAN@ 0000000140010b48     libucrt:lcidtoname_downlevel.obj
 0002:00003b58       ??_C@_1M@GPCBKDJK@?$AAh?$AAy?$AA?9?$AAA?$AAM@ 0000000140010b58     libucrt:lcidtoname_downlevel.obj
 0002:00003b68       ??_C@_1BG@BECMDDJB@?$AAa?$AAz?$AA?9?$AAA?$AAZ?$AA?9?$AAL?$AAa?$AAt?$AAn@ 0000000140010b68     libucrt:lcidtoname_downlevel.obj
 0002:00003b80       ??_C@_1M@MAOFCAEA@?$AAe?$AAu?$AA?9?$AAE?$AAS@ 0000000140010b80     libucrt:lcidtoname_downlevel.obj
 0002:00003b90       ??_C@_1M@IGHABKPI@?$AAm?$AAk?$AA?9?$AAM?$AAK@ 0000000140010b90     libucrt:lcidtoname_downlevel.obj
 0002:00003ba0       ??_C@_1M@IAIGNEJG@?$AAt?$AAn?$AA?9?$AAZ?$AAA@ 0000000140010ba0     libucrt:lcidtoname_downlevel.obj
 0002:00003bb0       ??_C@_1M@IIJCOJFA@?$AAx?$AAh?$AA?9?$AAZ?$AAA@ 0000000140010bb0     libucrt:lcidtoname_downlevel.obj
 0002:00003bc0       ??_C@_1M@LGPJHNJH@?$AAz?$AAu?$AA?9?$AAZ?$AAA@ 0000000140010bc0     libucrt:lcidtoname_downlevel.obj
 0002:00003bd0       ??_C@_1M@HOKAOIO@?$AAa?$AAf?$AA?9?$AAZ?$AAA@ 0000000140010bd0     libucrt:lcidtoname_downlevel.obj
 0002:00003be0       ??_C@_1M@DPCLHLIE@?$AAk?$AAa?$AA?9?$AAG?$AAE@ 0000000140010be0     libucrt:lcidtoname_downlevel.obj
 0002:00003bf0       ??_C@_1M@BLKMHJBI@?$AAf?$AAo?$AA?9?$AAF?$AAO@ 0000000140010bf0     libucrt:lcidtoname_downlevel.obj
 0002:00003c00       ??_C@_1M@LGGJAPPB@?$AAh?$AAi?$AA?9?$AAI?$AAN@ 0000000140010c00     libucrt:lcidtoname_downlevel.obj
 0002:00003c10       ??_C@_1M@FIKPIHFE@?$AAm?$AAt?$AA?9?$AAM?$AAT@ 0000000140010c10     libucrt:lcidtoname_downlevel.obj
 0002:00003c20       ??_C@_1M@HEGGPBFA@?$AAs?$AAe?$AA?9?$AAN?$AAO@ 0000000140010c20     libucrt:lcidtoname_downlevel.obj
 0002:00003c30       ??_C@_1M@EIBJEEPA@?$AAm?$AAs?$AA?9?$AAM?$AAY@ 0000000140010c30     libucrt:lcidtoname_downlevel.obj
 0002:00003c40       ??_C@_1M@FHLBGMPP@?$AAk?$AAk?$AA?9?$AAK?$AAZ@ 0000000140010c40     libucrt:lcidtoname_downlevel.obj
 0002:00003c50       ??_C@_1M@NGJJLCGI@?$AAk?$AAy?$AA?9?$AAK?$AAG@ 0000000140010c50     libucrt:lcidtoname_downlevel.obj
 0002:00003c60       ??_C@_1M@GIENNBFC@?$AAs?$AAw?$AA?9?$AAK?$AAE@ 0000000140010c60     libucrt:lcidtoname_downlevel.obj
 0002:00003c70       ??_C@_1BG@NDGMJIMJ@?$AAu?$AAz?$AA?9?$AAU?$AAZ?$AA?9?$AAL?$AAa?$AAt?$AAn@ 0000000140010c70     libucrt:lcidtoname_downlevel.obj
 0002:00003c88       ??_C@_1M@IDCCIHBC@?$AAt?$AAt?$AA?9?$AAR?$AAU@ 0000000140010c88     libucrt:lcidtoname_downlevel.obj
 0002:00003c98       ??_C@_1M@LOICPMOJ@?$AAb?$AAn?$AA?9?$AAI?$AAN@ 0000000140010c98     libucrt:lcidtoname_downlevel.obj
[...]
 0002:00007e50       $unwind$__acrt_uninitialize_locale 0000000140014e50     libucrt:wsetlocale.obj
 0002:00007e50       $unwind$__acrt_get_sigabrt_handler 0000000140014e50     libucrt:signal.obj
 0002:00007e58       $unwind$??$?RV<lambda_410d79af7f07d98d83a3f525b3859a53>@@AEAV<lambda_3e16ef9562a7dcce91392c22ab16ea36>@@V<lambda_38119f0e861e05405d8a144b9b982f0a>@@@?$__crt_seh_guarded_call@X@@QEAAX$$QEAV<lambda_410d79af7f07d98d83a3f525b3859a53>@@AEAV<lambda_3e16ef9562a7dcce91392c22ab16ea36>@@$$QEAV<lambda_38119f0e861e05405d8a144b9b982f0a>@@@Z 0000000140014e58     libucrt:wsetlocale.obj
 0002:00007e80       $unwind$_register_onexit_function 0000000140014e80     libucrt:onexit.obj
 0002:00007e88       $unwind$_execute_onexit_table 0000000140014e88     libucrt:onexit.obj
 0002:00007e90       $unwind$??R<lambda_22ebabd17bc4fa466a2aca6d8deb888d>@@QEBAHXZ 0000000140014e90     libucrt:onexit.obj
 0002:00007ea8       $unwind$__acrt_DownlevelLocaleNameToLCID 0000000140014ea8     libucrt:lcidtoname_downlevel.obj
 0002:00007ea8       $unwind$??R<lambda_f03950bc5685219e0bcd2087efbe011e>@@QEBAHXZ 0000000140014ea8     libucrt:onexit.obj
 0002:00007ec0       $unwind$??$?RV<lambda_638799b9deba96c50f710eeac98168cd>@@AEAV<lambda_22ebabd17bc4fa466a2aca6d8deb888d>@@V<lambda_a6f7d7db0129f75315ebf26d50c089f1>@@@?$__crt_seh_guarded_call@H@@QEAAH$$QEAV<lambda_638799b9deba96c50f710eeac98168cd>@@AEAV<lambda_22ebabd17bc4fa466a2aca6d8deb888d>@@$$QEAV<lambda_a6f7d7db0129f75315ebf26d50c089f1>@@@Z 0000000140014ec0     libucrt:onexit.obj
 0002:00007ee4       $unwind$??$?RV<lambda_7777bce6b2f8c936911f934f8298dc43>@@AEAV<lambda_f03950bc5685219e0bcd2087efbe011e>@@V<lambda_3883c3dff614d5e0c5f61bb1ac94921c>@@@?$__crt_seh_guarded_call@H@@QEAAH$$QEAV<lambda_7777bce6b2f8c936911f934f8298dc43>@@AEAV<lambda_f03950bc5685219e0bcd2087efbe011e>@@$$QEAV<lambda_3883c3dff614d5e0c5f61bb1ac94921c>@@@Z 0000000140014ee4     libucrt:onexit.obj
 0002:00007f08       $unwind$terminate          0000000140014f08     libucrt:terminate.obj
 0002:00007f28       $xdatasym                  0000000140014f28     libucrt:strncmp.obj
 0002:00007f2c       $unwind$_free_base         0000000140014f2c     libucrt:free_base.obj
 0002:00007f2c       $unwind$?destroy_fls@@YAXPEAX@Z 0000000140014f2c     libucrt:per_thread_data.obj
 0002:00007f2c       $unwind$__acrt_locale_free_numeric 0000000140014f2c     libucrt:initnum.obj
 0002:00007f2c       $unwind$__acrt_locale_free_lc_time_if_unreferenced 0000000140014f2c     libucrt:locale_refcounting.obj
 0002:00007f34       $unwind$?construct_ptd_array@@YAXQEAU__acrt_ptd@@@Z 0000000140014f34     libucrt:per_thread_data.obj
 0002:00007f3c       $unwind$?destroy_ptd_array@@YAXQEAU__acrt_ptd@@@Z 0000000140014f3c     libucrt:per_thread_data.obj
 0002:00007f44       $unwind$??$?RV<lambda_0ae27a3a962d80f24befdcbee591983d>@@AEAV<lambda_8d0ee55de4b1038c4002e0adecdf1839>@@V<lambda_dc504788e8f1664fe9b84e20bfb512f2>@@@?$__crt_seh_guarded_call@X@@QEAAX$$QEAV<lambda_0ae27a3a962d80f24befdcbee591983d>@@AEAV<lambda_8d0ee55de4b1038c4002e0adecdf1839>@@$$QEAV<lambda_dc504788e8f1664fe9b84e20bfb512f2>@@@Z 0000000140014f44     libucrt:per_thread_data.obj
 0002:00007f68       $unwind$??$?RV<lambda_aa87e3671a710a21b5dc78c0bdf72e11>@@AEAV<lambda_92619d2358a28f41a33ba319515a20b9>@@V<lambda_6992ecaafeb10aed2b74cb1fae11a551>@@@?$__crt_seh_guarded_call@X@@QEAAX$$QEAV<lambda_aa87e3671a710a21b5dc78c0bdf72e11>@@AEAV<lambda_92619d2358a28f41a33ba319515a20b9>@@$$QEAV<lambda_6992ecaafeb10aed2b74cb1fae11a551>@@@Z 0000000140014f68     libucrt:per_thread_data.obj
 0002:00007f8c       $unwind$??$?RV<lambda_f2e299630e499de9f9a165e60fcd3db5>@@AEAV<lambda_2ae9d31cdba2644fcbeaf08da7c24588>@@V<lambda_40d01ff24d0e7b3814fdbdcee8eab3c7>@@@?$__crt_seh_guarded_call@X@@QEAAX$$QEAV<lambda_f2e299630e499de9f9a165e60fcd3db5>@@AEAV<lambda_2ae9d31cdba2644fcbeaf08da7c24588>@@$$QEAV<lambda_40d01ff24d0e7b3814fdbdcee8eab3c7>@@@Z 0000000140014f8c     libucrt:per_thread_data.obj
 0002:00007fb0       $unwind$??$?RV<lambda_2d41944a1d46af3157314b8a01080d33>@@AEAV<lambda_8f455de75cd7d7f24b4096f044d8b9e6>@@V<lambda_aa500f224e6afead328df44964fe2772>@@@?$__crt_seh_guarded_call@X@@QEAAX$$QEAV<lambda_2d41944a1d46af3157314b8a01080d33>@@AEAV<lambda_8f455de75cd7d7f24b4096f044d8b9e6>@@$$QEAV<lambda_aa500f224e6afead328df44964fe2772>@@@Z 0000000140014fb0     libucrt:per_thread_data.obj
 0002:00007fd4       $unwind$_invalid_parameter_noinfo 0000000140014fd4     libucrt:invalid_parameter.obj
 0002:00007fd4       $unwind$_log10_special     0000000140014fd4     libucrt:log_special.obj
 0002:00007fdc       $unwind$__acrt_call_reportfault 0000000140014fdc     libucrt:invalid_parameter.obj
 0002:00007ffc       $unwind$_invalid_parameter 0000000140014ffc     libucrt:invalid_parameter.obj
 0002:00008010       $unwind$??$__acrt_mbs_to_wcs_cp@U__crt_win32_buffer_internal_dynamic_resizing@@@@YAHQEBDAEAV?$__crt_win32_buffer@_WU__crt_win32_buffer_internal_dynamic_resizing@@@@I@Z 0000000140015010     libucrt:argv_wildcards.obj
 0002:00008028       $unwind$__dcrt_get_narrow_environment_from_os 0000000140015028     libucrt:get_environment_from_os.obj
 0002:00008028       $unwind$??$__acrt_wcs_to_mbs_cp@U__crt_win32_buffer_internal_dynamic_resizing@@@@YAHQEB_WAEAV?$__crt_win32_buffer@DU__crt_win32_buffer_internal_dynamic_resizing@@@@I@Z 0000000140015028     libucrt:argv_wildcards.obj
 0002:00008040       $unwind$??$common_expand_argv_wildcards@D@@YAHQEAPEADQEAPEAPEAD@Z 0000000140015040     libucrt:argv_wildcards.obj
 0002:00008058       $unwind$??$copy_and_add_argument_to_buffer@D@@YAHQEBD0_KAEAV?$argument_list@D@?A0x5f5c8891@@@Z 0000000140015058     libucrt:argv_wildcards.obj
 0002:00008074       $unwind$??$expand_argument_wildcards@D@@YAHQEAD0AEAV?$argument_list@D@?A0x5f5c8891@@@Z 0000000140015074     libucrt:argv_wildcards.obj
 0002:00008098       $unwind$__acrt_GetModuleFileNameA 0000000140015098     libucrt:getmodulefilenamea.obj
 0002:000080b4       $unwind$__dcrt_write_console 00000001400150b4     libucrt:initcon.obj
 0002:000080b4       $unwind$??$__acrt_wcs_to_mbs_cp@U__crt_win32_buffer_no_resizing@@@@YAHQEB_WAEAV?$__crt_win32_buffer@DU__crt_win32_buffer_no_resizing@@@@I@Z 00000001400150b4     libucrt:getmodulefilenamea.obj
 0002:000080c8       $unwind$_setmbcp_nolock    00000001400150c8     libucrt:mbctype.obj
 0002:000080e8       $unwind$__dcrt_lowio_ensure_console_output_initialized 00000001400150e8     libucrt:initcon.obj
 0002:000080e8       $unwind$_isleadbyte_l      00000001400150e8     libucrt:_wctype.obj
 0002:000080e8       $unwind$?getSystemCP@@YAHH@Z 00000001400150e8     libucrt:mbctype.obj
 0002:000080f0       $unwind$?update_thread_multibyte_data_internal@@YAPEAU__crt_multibyte_data@@QEAU__acrt_ptd@@QEAPEAU1@@Z 00000001400150f0     libucrt:mbctype.obj
 0002:00008118       $unwind$?setmbcp_internal@@YAHH_NQEAU__acrt_ptd@@QEAPEAU__crt_multibyte_data@@@Z 0000000140015118     libucrt:mbctype.obj
 0002:00008128       $unwind$?setSBUpLow@@YAXPEAU__crt_multibyte_data@@@Z 0000000140015128     libucrt:mbctype.obj
 0002:00008144       $unwind$??$?RV<lambda_efdfa57d1f175319df784efa44bb7b81>@@AEAV<lambda_5f0a4c1567f8adc6734073e5d1e1b35c>@@V<lambda_2e8a7d3640ea6ccb4c2413664c2db6fd>@@@?$__crt_seh_guarded_call@X@@QEAAX$$QEAV<lambda_efdfa57d1f175319df784efa44bb7b81>@@AEAV<lambda_5f0a4c1567f8adc6734073e5d1e1b35c>@@$$QEAV<lambda_2e8a7d3640ea6ccb4c2413664c2db6fd>@@@Z 0000000140015144     libucrt:mbctype.obj
 0002:00008168       $unwind$?x_ismbbtype_l@@YAHPEAU__crt_locale_pointers@@IHH@Z 0000000140015168     libucrt:ismbbyte.obj
 0002:00008178       $unwind$_free_osfhnd       0000000140015178     libucrt:osfinfo.obj
 0002:0000818c       $unwind$__acrt_lowio_destroy_handle_array 000000014001518c     libucrt:osfinfo.obj
 0002:0000819c       $unwind$__acrt_lowio_ensure_fh_exists 000000014001519c     libucrt:osfinfo.obj
 0002:000081c8       $unwind$__acrt_initialize_lowio 00000001400151c8     libucrt:ioinit.obj
 0002:000081e8       $unwind$?initialize_inherited_file_handles_nolock@@YAXXZ 00000001400151e8     libucrt:ioinit.obj
 0002:00008204       $unwind$?initialize_stdio_handles_nolock@@YAXXZ 0000000140015204     libucrt:ioinit.obj
 0002:00008204       $unwind$__acrt_initialize_stdio 0000000140015204     libucrt:_file.obj
 0002:0000821c       $unwind$__acrt_locale_free_monetary 000000014001521c     libucrt:initmon.obj
 0002:00008224       $unwind$__acrt_locale_free_time 0000000140015224     libucrt:inittime.obj
 0002:00008234       $unwind$__acrt_GetStringTypeA 0000000140015234     libucrt:getstringtypea.obj
 0002:0000825c       $unwind$__acrt_update_thread_locale_data 000000014001525c     libucrt:locale_refcounting.obj
 0002:00008280       $unwind$__acrt_initialize_winapi_thunks 0000000140015280     libucrt:winapi_thunks.obj
 0002:00008288       $unwind$_mbtowc_l          0000000140015288     libucrt:mbtowc.obj
 0002:00008288       $unwind$__acrt_LCMapStringEx 0000000140015288     libucrt:winapi_thunks.obj
 0002:0000829c       $unwind$_query_new_handler 000000014001529c     libucrt:new_handler.obj
 0002:000082bc       $unwind$raise              00000001400152bc     libucrt:signal.obj
 0002:000082f8       $unwind$??$?RV<lambda_450d765d439847d4c735a33c368b5fc0>@@AEAV<lambda_44731a7d0e6d81c3e6aa82d741081786>@@V<lambda_601a2a7da3b7a96e9554ac7215c4b07c>@@@?$__crt_seh_guarded_call@P6AXH@Z@@QEAAP6AXH@Z$$QEAV<lambda_450d765d439847d4c735a33c368b5fc0>@@AEAV<lambda_44731a7d0e6d81c3e6aa82d741081786>@@$$QEAV<lambda_601a2a7da3b7a96e9554ac7215c4b07c>@@@Z 00000001400152f8     libucrt:signal.obj
 0002:0000831c       $unwind$?common_flush_all@@YAH_N@Z 000000014001531c     libucrt:fflush.obj
 0002:00008324       $unwind$??$?RV<lambda_842d9ff0dc9ef11c61343bbaebe7f885>@@AEAV<lambda_c5860995281e5c4ce005b3de8f5874ee>@@V<lambda_d90129c13df834fdcbf8d2b88dafcf2d>@@@?$__crt_seh_guarded_call@X@@QEAAX$$QEAV<lambda_842d9ff0dc9ef11c61343bbaebe7f885>@@AEAV<lambda_c5860995281e5c4ce005b3de8f5874ee>@@$$QEAV<lambda_d90129c13df834fdcbf8d2b88dafcf2d>@@@Z 0000000140015324     libucrt:fflush.obj
 0002:00008348       $unwind$??$?RV<lambda_886d6c58226a84441f68b9f2b8217b83>@@AEAV<lambda_ab61a845afdef5b7c387490eaf3616ee>@@V<lambda_f7f22ab5edc0698d5f6905b0d3f44752>@@@?$__crt_seh_guarded_call@X@@QEAAX$$QEAV<lambda_886d6c58226a84441f68b9f2b8217b83>@@AEAV<lambda_ab61a845afdef5b7c387490eaf3616ee>@@$$QEAV<lambda_f7f22ab5edc0698d5f6905b0d3f44752>@@@Z 0000000140015348     libucrt:fflush.obj
 0002:00008370       $unwind$qsort              0000000140015370     libucrt:qsort.obj
 0002:00008388       $chain$4$qsort             0000000140015388     libucrt:qsort.obj
 0002:000083ac       $chain$5$qsort             00000001400153ac     libucrt:qsort.obj
 0002:000083bc       $unwind$strpbrk            00000001400153bc     libucrt:strpbrk.obj
 0002:000083cc       $unwind$fallbackMethod     00000001400153cc     libucrt:strpbrk.obj
 0002:000083dc       $unwind$_mbsdec_l          00000001400153dc     libucrt:mbsdec.obj
 0002:000083e8       $unwind$__acrt_LCMapStringA 00000001400153e8     libucrt:lcmapstringa.obj
 0002:000083f8       $unwind$?__acrt_LCMapStringA_stat@@YAHPEAU__crt_locale_pointers@@PEB_WKPEBDHPEADHHH@Z 00000001400153f8     libucrt:lcmapstringa.obj
 0002:00008420       $unwind$_close             0000000140015420     libucrt:close.obj
 0002:00008420       $unwind$_commit            0000000140015420     libucrt:commit.obj
 0002:00008428       $unwind$??$?RV<lambda_a37b2b86f63e897a80ea819b0eb08c01>@@AEAV<lambda_38ce7e780aa69e748d6df282ebc68efe>@@V<lambda_99fb1378e971ab6e7edea83e3a7a83a2>@@@?$__crt_seh_guarded_call@H@@QEAAH$$QEAV<lambda_a37b2b86f63e897a80ea819b0eb08c01>@@AEAV<lambda_38ce7e780aa69e748d6df282ebc68efe>@@$$QEAV<lambda_99fb1378e971ab6e7edea83e3a7a83a2>@@@Z 0000000140015428     libucrt:commit.obj
 0002:0000844c       $unwind$_write             000000014001544c     libucrt:write.obj
 0002:0000847c       $unwind$_write_nolock      000000014001547c     libucrt:write.obj
 0002:00008494       $unwind$?write_double_translated_ansi_nolock@@YA?AUwrite_result@?A0x17268360@@HQEBDI@Z 0000000140015494     libucrt:write.obj
 0002:000084b8       $unwind$?write_text_ansi_nolock@@YA?AUwrite_result@?A0x17268360@@HQEBDI@Z 00000001400154b8     libucrt:write.obj
 0002:000084b8       $unwind$?write_text_utf16le_nolock@@YA?AUwrite_result@?A0x17268360@@HQEBDI@Z 00000001400154b8     libucrt:write.obj
 0002:000084d8       $unwind$?write_text_utf8_nolock@@YA?AUwrite_result@?A0x17268360@@HQEBDI@Z 00000001400154d8     libucrt:write.obj
 0002:000084fc       $unwind$_fcloseall         00000001400154fc     libucrt:closeall.obj
 0002:00008520       $unwind$?__mbrtowc_utf8@__crt_mbstring@@YA_KPEA_WPEBD_KPEAU_Mbstatet@@@Z 0000000140015520     libucrt:mbrtowc.obj
 0002:00008528       $unwind$?__mbsrtowcs_utf8@__crt_mbstring@@YA_KPEA_WPEAPEBD_KPEAU_Mbstatet@@@Z 0000000140015528     libucrt:mbrtowc.obj
 0002:00008540       $unwind$_putwch_nolock     0000000140015540     libucrt:putwch.obj
 0002:00008548       $unwind$fclose             0000000140015548     libucrt:fclose.obj
 0002:0000856c       $unwind$?__mbrtoc32_utf8@__crt_mbstring@@YA_KPEA_UPEBD_KPEAU_Mbstatet@@@Z 000000014001556c     libucrt:mbrtoc32.obj
 0002:00008588       $xdatasym                  0000000140015588     libucrt:log10.obj
 0002:00008594       $unwind$??$?RV<lambda_751a882b2c74d4b022dec766aa51a29a>@@AEAV<lambda_628dfdc04ba53c8bfc02c9951375f3f5>@@V<lambda_f6c7be5f7998530c34de24c7437d6b54>@@@?$__crt_seh_guarded_call@H@@QEAAH$$QEAV<lambda_751a882b2c74d4b022dec766aa51a29a>@@AEAV<lambda_628dfdc04ba53c8bfc02c9951375f3f5>@@$$QEAV<lambda_f6c7be5f7998530c34de24c7437d6b54>@@@Z 0000000140015594     libucrt:close.obj
 0002:000085b8       $unwind$_call_matherr      00000001400155b8     libucrt:libm_error.obj
 0002:000085c0       $unwind$_handle_error      00000001400155c0     libucrt:libm_error.obj
 0002:000085e0       $unwind$__acrt_initialize_fma3 00000001400155e0     libucrt:fma3_available.obj
 0002:000085e8       $unwind$_log_special_common 00000001400155e8     libucrt:log_special.obj
 0002:000085f8       $xdatasym                  00000001400155f8     libucrt:fpsr.obj
 0002:00008600       $unwind$_raise_exc         0000000140015600     libucrt:fpexcept.obj
 0002:00008608       $unwind$_raise_exc_ex      0000000140015608     libucrt:fpexcept.obj
 0002:0000861c       $unwind$_ctrlfp            000000014001561c     libucrt:fpctrl.obj
 0002:00008644       $unwind$_IsNonwritableInCurrentImage 0000000140015644     LIBCMT:pesect.obj
 0002:00008668       $xdatasym                  0000000140015668     LIBCMT:chkstk.obj
 0002:00008670       $xdatasym                  0000000140015670     libvcruntime:memcmp.obj
 0002:000089b8       .idata$6                   00000001400159b8     raylib:raylib.dll
 0002:00008a78       .idata$6                   0000000140015a78     kernel32:KERNEL32.dll
 0003:00000030       ?__vcrt_flsindex@@3KA      0000000140016030     libvcruntime:per_thread_data.obj
 0003:00000050       ?__acrt_flsindex@@3KA      0000000140016050     libucrt:per_thread_data.obj
 0003:00000054       ?errno_no_memory@@3HA      0000000140016054     libucrt:errno.obj
 0003:00000058       ?doserrno_no_memory@@3KA   0000000140016058     libucrt:errno.obj
 0003:00000290       _mbctypes                  0000000140016290     libucrt:mbctype.obj
 0003:000003a0       _mbcasemaps                00000001400163a0     libucrt:mbctype.obj
 0003:000004a0       ?__rgctypeflag@@3PADA      00000001400164a0     libucrt:mbctype.obj
 0003:000004b0       ?__rgcode_page_info@@3PAUcode_page_info@@A 00000001400164b0     libucrt:mbctype.obj
 0003:000009d0       ?__dcrt_lowio_console_output_handle@@3PEAXEA 00000001400169d0     libucrt:initcon.obj
 0003:000009e0       ?dazSupported@?1??_ctrlfp@@9@9 00000001400169e0     libucrt:fpctrl.obj
 0003:000009f0       GS_ExceptionRecord         00000001400169f0     LIBCMT:gs_report.obj
 0003:00000a90       GS_ContextRecord           0000000140016a90     LIBCMT:gs_report.obj
 0003:00000f70       ?is_initialized_as_dll@@3_NA 0000000140016f70     LIBCMT:utility.obj
 0003:00000f71       ?module_local_atexit_table_initialized@@3_NA 0000000140016f71     LIBCMT:utility.obj
 0003:00000f78       ?module_local_atexit_table@@3U_onexit_table_t@@A 0000000140016f78     LIBCMT:utility.obj
 0003:00000f90       ?module_local_at_quick_exit_table@@3U_onexit_table_t@@A 0000000140016f90     LIBCMT:utility.obj
 0003:00000ff0       ?__vcrt_startup_thread_ptd@@3U__vcrt_ptd@@A 0000000140016ff0     libvcruntime:per_thread_data.obj
 0003:00001070       __vcrt_lock_table          0000000140017070     libvcruntime:locks.obj
 0003:00001098       __vcrt_locks_initialized   0000000140017098     libvcruntime:locks.obj
 0003:000010e0       ?heap@@3V_HeapManager@@A   00000001400170e0     libvcruntime:undname.obj
 0003:00001108       ?module_handles@@3PAPEAUHINSTANCE__@@A 0000000140017108     libvcruntime:winapi_downlevel.obj
 0003:00001120       ?function_pointers@@3PAPEAXA 0000000140017120     libvcruntime:winapi_downlevel.obj
 0003:00001150       ?__acrt_app_type@@3W4_crt_app_type@@A 0000000140017150     libucrt:report_runtime_error.obj
 0003:00001158       ?user_matherr@@3V?$dual_state_global@P6AHPEAU_exception@@@Z@__crt_state_management@@A 0000000140017158     libucrt:matherr.obj
 0003:00001160       ?program_name@?1???$common_configure_argv@D@@YAHW4_crt_argv_mode@@@Z@4PADA 0000000140017160     libucrt:argv_parsing.obj
 0003:00001288       ?empty_string@?1???$common_wincmdln@E@@YAPEAEXZ@4PAEA 0000000140017288     libucrt:argv_winmain.obj
 0003:0000128c       ?c_termination_complete@@3JA 000000014001728c     libucrt:exit.obj
 0003:00001290       ?thread_local_exit_callback_func@@3P6AXPEAXK0@ZEA 0000000140017290     libucrt:exit.obj
 0003:000012a0       ?__acrt_global_new_mode@@3V?$dual_state_global@J@__crt_state_management@@A 00000001400172a0     libucrt:new_mode.obj
 0003:000012d8       ?__acrt_invalid_parameter_handler@@3V?$dual_state_global@P6AXPEB_W00I_K@Z@__crt_state_management@@A 00000001400172d8     libucrt:invalid_parameter.obj
 0003:000012f8       ?fSystemSet@@3HA           00000001400172f8     libucrt:mbctype.obj
 0003:000012fc       ?initialized@?1??__acrt_initialize_multibyte@@9@4_NA 00000001400172fc     libucrt:mbctype.obj
 0003:00001330       ?__acrt_lock_table@@3PAU_RTL_CRITICAL_SECTION@@A 0000000140017330     libucrt:locks.obj
 0003:00001560       ?__acrt_locks_initialized@@3IA 0000000140017560     libucrt:locks.obj
 0003:00001980       ?module_handles@@3PAPEAUHINSTANCE__@@A 0000000140017980     libucrt:winapi_thunks.obj
 0003:00001a20       ?encoded_function_pointers@@3PAPEAXA 0000000140017a20     libucrt:winapi_thunks.obj
 0003:00001b40       ?__acrt_new_handler@@3V?$dual_state_global@P6AH_K@Z@__crt_state_management@@A 0000000140017b40     libucrt:new_handler.obj
 0003:00001b48       ?ctrlc_action@@3V?$dual_state_global@P6AXH@Z@__crt_state_management@@A 0000000140017b48     libucrt:signal.obj
 0003:00001b50       ?ctrlbreak_action@@3V?$dual_state_global@P6AXH@Z@__crt_state_management@@A 0000000140017b50     libucrt:signal.obj
 0003:00001b58       ?abort_action@@3V?$dual_state_global@P6AXH@Z@__crt_state_management@@A 0000000140017b58     libucrt:signal.obj
 0003:00001b60       ?term_action@@3V?$dual_state_global@P6AXH@Z@__crt_state_management@@A 0000000140017b60     libucrt:signal.obj
 0003:00001b88       ?internal_state@?1??_mbtowc_l@@9@4U_Mbstatet@@A 0000000140017b88     libucrt:mbtowc.obj
 0003:00001b90       ?internal_pst@?1??__mbrtoc32_utf8@__crt_mbstring@@YA_KPEA_UPEBD_KPEAU_Mbstatet@@@Z@4U3@A 0000000140017b90     libucrt:mbrtoc32.obj
 0005:00000000       MsetTab                    0000000140019000     libvcruntime:memset.obj
 0005:00000050       MoveSmall                  0000000140019050     libvcruntime:memcpy.obj
